Archive member included to satisfy reference by file (symbol)

app/libapp.a(main.c.obj)      (--whole-archive)
zephyr/libzephyr.a(cbprintf.c.obj)
                              (--whole-archive)
zephyr/libzephyr.a(cbprintf_packaged.c.obj)
                              (--whole-archive)
zephyr/libzephyr.a(crc32c_sw.c.obj)
                              (--whole-archive)
zephyr/libzephyr.a(crc32_sw.c.obj)
                              (--whole-archive)
zephyr/libzephyr.a(crc16_sw.c.obj)
                              (--whole-archive)
zephyr/libzephyr.a(crc8_sw.c.obj)
                              (--whole-archive)
zephyr/libzephyr.a(crc7_sw.c.obj)
                              (--whole-archive)
zephyr/libzephyr.a(dec.c.obj)
                              (--whole-archive)
zephyr/libzephyr.a(fdtable.c.obj)
                              (--whole-archive)
zephyr/libzephyr.a(hex.c.obj)
                              (--whole-archive)
zephyr/libzephyr.a(notify.c.obj)
                              (--whole-archive)
zephyr/libzephyr.a(printk.c.obj)
                              (--whole-archive)
zephyr/libzephyr.a(onoff.c.obj)
                              (--whole-archive)
zephyr/libzephyr.a(rb.c.obj)  (--whole-archive)
zephyr/libzephyr.a(sem.c.obj)
                              (--whole-archive)
zephyr/libzephyr.a(thread_entry.c.obj)
                              (--whole-archive)
zephyr/libzephyr.a(timeutil.c.obj)
                              (--whole-archive)
zephyr/libzephyr.a(heap.c.obj)
                              (--whole-archive)
zephyr/libzephyr.a(heap-validate.c.obj)
                              (--whole-archive)
zephyr/libzephyr.a(bitarray.c.obj)
                              (--whole-archive)
zephyr/libzephyr.a(cbprintf_complete.c.obj)
                              (--whole-archive)
zephyr/libzephyr.a(assert.c.obj)
                              (--whole-archive)
zephyr/libzephyr.a(configs.c.obj)
                              (--whole-archive)
zephyr/libzephyr.a(soc_nrf_common.S.obj)
                              (--whole-archive)
zephyr/libzephyr.a(validate_base_addresses.c.obj)
                              (--whole-archive)
zephyr/libzephyr.a(validate_enabled_instances.c.obj)
                              (--whole-archive)
zephyr/libzephyr.a(power.c.obj)
                              (--whole-archive)
zephyr/libzephyr.a(pm_ctrl.c.obj)
                              (--whole-archive)
zephyr/libzephyr.a(policy_residency.c.obj)
                              (--whole-archive)
zephyr/libzephyr.a(tracing_none.c.obj)
                              (--whole-archive)
zephyr/libzephyr.a(tmp100.c.obj)
                              (--whole-archive)
zephyr/arch/common/libarch__common.a(sw_isr_common.c.obj)
                              (--whole-archive)
zephyr/arch/arch/arm/core/aarch32/libarch__arm__core__aarch32.a(cpu_idle.S.obj)
                              (--whole-archive)
zephyr/arch/arch/arm/core/aarch32/libarch__arm__core__aarch32.a(fatal.c.obj)
                              (--whole-archive)
zephyr/arch/arch/arm/core/aarch32/libarch__arm__core__aarch32.a(irq_manage.c.obj)
                              (--whole-archive)
zephyr/arch/arch/arm/core/aarch32/libarch__arm__core__aarch32.a(nmi.c.obj)
                              (--whole-archive)
zephyr/arch/arch/arm/core/aarch32/libarch__arm__core__aarch32.a(nmi_on_reset.S.obj)
                              (--whole-archive)
zephyr/arch/arch/arm/core/aarch32/libarch__arm__core__aarch32.a(prep_c.c.obj)
                              (--whole-archive)
zephyr/arch/arch/arm/core/aarch32/libarch__arm__core__aarch32.a(swap.c.obj)
                              (--whole-archive)
zephyr/arch/arch/arm/core/aarch32/libarch__arm__core__aarch32.a(swap_helper.S.obj)
                              (--whole-archive)
zephyr/arch/arch/arm/core/aarch32/libarch__arm__core__aarch32.a(thread.c.obj)
                              (--whole-archive)
zephyr/arch/arch/arm/core/aarch32/libarch__arm__core__aarch32.a(isr_wrapper.S.obj)
                              (--whole-archive)
zephyr/arch/arch/arm/core/aarch32/cortex_m/libarch__arm__core__aarch32__cortex_m.a(exc_exit.S.obj)
                              (--whole-archive)
zephyr/arch/arch/arm/core/aarch32/cortex_m/libarch__arm__core__aarch32__cortex_m.a(fault.c.obj)
                              (--whole-archive)
zephyr/arch/arch/arm/core/aarch32/cortex_m/libarch__arm__core__aarch32__cortex_m.a(fault_s.S.obj)
                              (--whole-archive)
zephyr/arch/arch/arm/core/aarch32/cortex_m/libarch__arm__core__aarch32__cortex_m.a(fpu.c.obj)
                              (--whole-archive)
zephyr/arch/arch/arm/core/aarch32/cortex_m/libarch__arm__core__aarch32__cortex_m.a(irq_init.c.obj)
                              (--whole-archive)
zephyr/arch/arch/arm/core/aarch32/cortex_m/libarch__arm__core__aarch32__cortex_m.a(reset.S.obj)
                              (--whole-archive)
[...]
Memory Configuration

Name             Origin             Length             Attributes
FLASH            0x00000000         0x00030000         xr
SRAM             0x20000000         0x00006000         xw
IDT_LIST         0xfffff7ff         0x00000800         xw
*default*        0x00000000         0xffffffff

Linker script and memory map

LOAD zephyr/CMakeFiles/zephyr_prebuilt.dir/misc/empty_file.c.obj
LOAD zephyr/CMakeFiles/offsets.dir/./arch/arm/core/offsets/offsets.c.obj
                0x00000020                _region_min_align = 0x20

.rel.plt        0x00000000        0x0
 *(SORT_BY_ALIGNMENT(.rel.plt))
                [!provide]                PROVIDE (__rel_iplt_start = .)
 *(SORT_BY_ALIGNMENT(.rel.iplt))
 .rel.iplt      0x00000000        0x0 app/libapp.a(main.c.obj)
                [!provide]                PROVIDE (__rel_iplt_end = .)

.rela.plt       0x00000000        0x0
 *(SORT_BY_ALIGNMENT(.rela.plt))
                [!provide]                PROVIDE (__rela_iplt_start = .)
 *(SORT_BY_ALIGNMENT(.rela.iplt))
                [!provide]                PROVIDE (__rela_iplt_end = .)

.rel.dyn
 *(SORT_BY_ALIGNMENT(.rel.*))

.rela.dyn
 *(SORT_BY_ALIGNMENT(.rela.*))

/DISCARD/
 *(SORT_BY_ALIGNMENT(.plt))

/DISCARD/
 *(SORT_BY_ALIGNMENT(.iplt))
                0x00000000                __rom_region_start = 0x0

rom_start       0x00000000       0xb8
                0x00000000                . = 0x0
                0x00000000                . = ALIGN (0x4)
                0x00000000                . = ALIGN (0x80)
                0x00000000                . = ALIGN (0x100)
                0x00000000                _vector_start = .
 *(SORT_BY_ALIGNMENT(.exc_vector_table))
 *(SORT_BY_ALIGNMENT(.exc_vector_table.*))
 .exc_vector_table._vector_table_section
                0x00000000       0x40 zephyr/arch/arch/arm/core/aarch32/cortex_m/libarch__arm__core__aarch32__cortex_m.a(vector_table.S.obj)
                0x00000000                _vector_table
 *(SORT_BY_ALIGNMENT(.gnu.linkonce.irq_vector_table*))
 .gnu.linkonce.irq_vector_table
                0x00000040       0x78 zephyr/arch/common/libisr_tables.a(isr_tables.c.obj)
                0x00000040                _irq_vector_table
 *(SORT_BY_ALIGNMENT(.vectors))
                0x000000b8                _vector_end = .

text            0x000000b8     0x5ee4
                0x000000b8                __text_region_start = .
 *(SORT_BY_ALIGNMENT(.text))
 .text          0x000000b8       0x30 c:/gnu_arm_embedded/bin/../lib/gcc/arm-none-eabi/10.3.1/thumb/v7e-m/nofp\libgcc.a(_aeabi_uldivmod.o)
                0x000000b8                __aeabi_uldivmod
 .text          0x000000e8      0x2d0 c:/gnu_arm_embedded/bin/../lib/gcc/arm-none-eabi/10.3.1/thumb/v7e-m/nofp\libgcc.a(_udivmoddi4.o)
                0x000000e8                __udivmoddi4
 .text          0x000003b8        0x4 c:/gnu_arm_embedded/bin/../lib/gcc/arm-none-eabi/10.3.1/thumb/v7e-m/nofp\libgcc.a(_dvmd_tls.o)
                0x000003b8                __aeabi_idiv0
                0x000003b8                __aeabi_ldiv0
 *(SORT_BY_ALIGNMENT(.text.*))
 .text.main     0x000003bc       0xc0 app/libapp.a(main.c.obj)
                0x000003bc                main
 .text.sys_notify_finalize
                0x0000047c       0x40 zephyr/libzephyr.a(notify.c.obj)
                0x0000047c                sys_notify_finalize
 .text.char_out
                0x000004bc       0x10 zephyr/libzephyr.a(printk.c.obj)
 .text.__printk_hook_install
                0x000004cc        0xc zephyr/libzephyr.a(printk.c.obj)
                0x000004cc                __printk_hook_install
 .text.vprintk  0x000004d8       0x1c zephyr/libzephyr.a(printk.c.obj)
                0x000004d8                vprintk
 .text.process_event
                0x000004f4      0x3dc zephyr/libzephyr.a(onoff.c.obj)
 .text.transition_complete
                0x000008d0       0x64 zephyr/libzephyr.a(onoff.c.obj)
 .text.onoff_request
                0x00000934      0x130 zephyr/libzephyr.a(onoff.c.obj)
                0x00000934                onoff_request
 .text.cbvprintf
                0x00000a64      0x784 zephyr/libzephyr.a(cbprintf_complete.c.obj)
                0x00000a64                cbvprintf
 .text.pm_state_notify
                0x000011e8       0xb0 zephyr/libzephyr.a(power.c.obj)
 .text.pm_system_resume
                0x00001298       0x4c zephyr/libzephyr.a(power.c.obj)
                0x00001298                pm_system_resume
 .text.pm_system_suspend
                0x000012e4       0xbc zephyr/libzephyr.a(power.c.obj)
                0x000012e4                pm_system_suspend
 .text.tmp100_channel_get
                0x000013a0       0x2c zephyr/libzephyr.a(tmp100.c.obj)
 .text.tmp100_init
                0x000013cc       0x1c zephyr/libzephyr.a(tmp100.c.obj)
                0x000013cc                tmp100_init
 .text.tmp100_sample_fetch
                0x000013e8       0x50 zephyr/libzephyr.a(tmp100.c.obj)
 .text.z_arm_cpu_idle_init
                0x00001438        0xc zephyr/arch/arch/arm/core/aarch32/libarch__arm__core__aarch32.a(cpu_idle.S.obj)
                0x00001438                z_arm_cpu_idle_init
 .text.arch_cpu_idle
                0x00001444       0x1c zephyr/arch/arch/arm/core/aarch32/libarch__arm__core__aarch32.a(cpu_idle.S.obj)
                0x00001444                arch_cpu_idle
 .text.arch_cpu_atomic_idle
                0x00001460       0x14 zephyr/arch/arch/arm/core/aarch32/libarch__arm__core__aarch32.a(cpu_idle.S.obj)
                0x00001460                arch_cpu_atomic_idle
 .text.arch_irq_enable
                0x00001474       0x20 zephyr/arch/arch/arm/core/aarch32/libarch__arm__core__aarch32.a(irq_manage.c.obj)
                0x00001474                arch_irq_enable
 .text.arch_irq_is_enabled
                0x00001494       0x1c zephyr/arch/arch/arm/core/aarch32/libarch__arm__core__aarch32.a(irq_manage.c.obj)
                0x00001494                arch_irq_is_enabled
 .text.z_arm_irq_priority_set
                0x000014b0       0x68 zephyr/arch/arch/arm/core/aarch32/libarch__arm__core__aarch32.a(irq_manage.c.obj)
                0x000014b0                z_arm_irq_priority_set
 .text.z_SysNmiOnReset
                0x00001518        0x8 zephyr/arch/arch/arm/core/aarch32/libarch__arm__core__aarch32.a(nmi_on_reset.S.obj)
                0x00001518                z_SysNmiOnReset
 .text.z_arm_prep_c
                0x00001520       0x2c zephyr/arch/arch/arm/core/aarch32/libarch__arm__core__aarch32.a(prep_c.c.obj)
                0x00001520                z_arm_prep_c
 .text.arch_swap
                0x0000154c       0x34 zephyr/arch/arch/arm/core/aarch32/libarch__arm__core__aarch32.a(swap.c.obj)
                0x0000154c                arch_swap
 .text.z_arm_pendsv
                0x00001580       0x54 zephyr/arch/arch/arm/core/aarch32/libarch__arm__core__aarch32.a(swap_helper.S.obj)
                0x00001580                z_arm_pendsv
 .text.z_arm_svc
                0x000015d4       0x20 zephyr/arch/arch/arm/core/aarch32/libarch__arm__core__aarch32.a(swap_helper.S.obj)
                0x000015d4                z_arm_svc
 .text.arch_new_thread
                0x000015f4       0x38 zephyr/arch/arch/arm/core/aarch32/libarch__arm__core__aarch32.a(thread.c.obj)
                0x000015f4                arch_new_thread
 .text.z_check_thread_stack_fail
                0x0000162c       0x2c zephyr/arch/arch/arm/core/aarch32/libarch__arm__core__aarch32.a(thread.c.obj)
                0x0000162c                z_check_thread_stack_fail
 .text.arch_switch_to_main_thread
                0x00001658       0x2c zephyr/arch/arch/arm/core/aarch32/libarch__arm__core__aarch32.a(thread.c.obj)
                0x00001658                arch_switch_to_main_thread
 .text._isr_wrapper
                0x00001684       0x40 zephyr/arch/arch/arm/core/aarch32/libarch__arm__core__aarch32.a(isr_wrapper.S.obj)
                0x00001684                _isr_wrapper
 .text._HandlerModeExit
                0x000016c4       0x1c zephyr/arch/arch/arm/core/aarch32/cortex_m/libarch__arm__core__aarch32__cortex_m.a(exc_exit.S.obj)
                0x000016c4                z_arm_int_exit
                0x000016c4                z_arm_exc_exit
 .text.mem_manage_fault
                0x000016e0       0xa0 zephyr/arch/arch/arm/core/aarch32/cortex_m/libarch__arm__core__aarch32__cortex_m.a(fault.c.obj)
 .text.bus_fault.constprop.0
                0x00001780       0x38 zephyr/arch/arch/arm/core/aarch32/cortex_m/libarch__arm__core__aarch32__cortex_m.a(fault.c.obj)
 .text.z_arm_fault
                0x000017b8      0x19c zephyr/arch/arch/arm/core/aarch32/cortex_m/libarch__arm__core__aarch32__cortex_m.a(fault.c.obj)
                0x000017b8                z_arm_fault
 .text.z_arm_fault_init
                0x00001954       0x10 zephyr/arch/arch/arm/core/aarch32/cortex_m/libarch__arm__core__aarch32__cortex_m.a(fault.c.obj)
                0x00001954                z_arm_fault_init
 .text.__fault  0x00001964       0x14 zephyr/arch/arch/arm/core/aarch32/cortex_m/libarch__arm__core__aarch32__cortex_m.a(fault_s.S.obj)
                0x00001964                z_arm_usage_fault
                0x00001964                z_arm_mpu_fault
                0x00001964                z_arm_exc_spurious
                0x00001964                z_arm_debug_monitor
                0x00001964                z_arm_hard_fault
                0x00001964                z_arm_bus_fault
 .text.z_arm_interrupt_init
                0x00001978       0x18 zephyr/arch/arch/arm/core/aarch32/cortex_m/libarch__arm__core__aarch32__cortex_m.a(irq_init.c.obj)
                0x00001978                z_arm_interrupt_init
 .text._reset_section
                0x00001990       0x30 zephyr/arch/arch/arm/core/aarch32/cortex_m/libarch__arm__core__aarch32__cortex_m.a(reset.S.obj)
                0x00001990                __start
                0x00001990                z_arm_reset
 .text.z_impl_k_thread_abort
                0x000019c0       0x24 zephyr/arch/arch/arm/core/aarch32/cortex_m/libarch__arm__core__aarch32__cortex_m.a(thread_abort.c.obj)
                0x000019c0                z_impl_k_thread_abort
 .text.z_arm_configure_static_mpu_regions
                0x000019e4       0x18 zephyr/arch/arch/arm/core/aarch32/mpu/libarch__arm__core__aarch32__mpu.a(arm_core_mpu.c.obj)
                0x000019e4                z_arm_configure_static_mpu_regions
 .text.z_arm_configure_dynamic_mpu_regions
                0x000019fc       0x20 zephyr/arch/arch/arm/core/aarch32/mpu/libarch__arm__core__aarch32__mpu.a(arm_core_mpu.c.obj)
                0x000019fc                z_arm_configure_dynamic_mpu_regions
 .text.mpu_configure_regions
                0x00001a1c       0x84 zephyr/arch/arch/arm/core/aarch32/mpu/libarch__arm__core__aarch32__mpu.a(arm_mpu.c.obj)
 .text.arm_core_mpu_enable
                0x00001aa0       0x18 zephyr/arch/arch/arm/core/aarch32/mpu/libarch__arm__core__aarch32__mpu.a(arm_mpu.c.obj)
                0x00001aa0                arm_core_mpu_enable
 .text.arm_core_mpu_disable
                0x00001ab8       0x14 zephyr/arch/arch/arm/core/aarch32/mpu/libarch__arm__core__aarch32__mpu.a(arm_mpu.c.obj)
                0x00001ab8                arm_core_mpu_disable
 .text.arm_core_mpu_configure_static_mpu_regions
                0x00001acc       0x50 zephyr/arch/arch/arm/core/aarch32/mpu/libarch__arm__core__aarch32__mpu.a(arm_mpu.c.obj)
                0x00001acc                arm_core_mpu_configure_static_mpu_regions
 .text.arm_core_mpu_configure_dynamic_mpu_regions
                0x00001b1c       0x64 zephyr/arch/arch/arm/core/aarch32/mpu/libarch__arm__core__aarch32__mpu.a(arm_mpu.c.obj)
                0x00001b1c                arm_core_mpu_configure_dynamic_mpu_regions
 .text.z_arm_mpu_init
                0x00001b80       0xc4 zephyr/arch/arch/arm/core/aarch32/mpu/libarch__arm__core__aarch32__mpu.a(arm_mpu.c.obj)
                0x00001b80                z_arm_mpu_init
 .text.__stdout_hook_install
                0x00001c44        0xc zephyr/lib/libc/minimal/liblib__libc__minimal.a(stdout_console.c.obj)
                0x00001c44                __stdout_hook_install
 .text.arch_busy_wait
                0x00001c50       0x14 zephyr/soc/arm/nordic_nrf/nrf52/libsoc__arm__nordic_nrf__nrf52.a(soc.c.obj)
                0x00001c50                arch_busy_wait
 .text.onoff_start
                0x00001c64       0x3c zephyr/drivers/clock_control/libdrivers__clock_control.a(clock_control_nrf.c.obj)
 .text.get_status
                0x00001ca0       0x3c zephyr/drivers/clock_control/libdrivers__clock_control.a(clock_control_nrf.c.obj)
 .text.stop     0x00001cdc       0x7c zephyr/drivers/clock_control/libdrivers__clock_control.a(clock_control_nrf.c.obj)
 .text.onoff_stop
                0x00001d58       0x28 zephyr/drivers/clock_control/libdrivers__clock_control.a(clock_control_nrf.c.obj)
 .text.clk_init
                0x00001d80       0x60 zephyr/drivers/clock_control/libdrivers__clock_control.a(clock_control_nrf.c.obj)
 .text.clkstarted_handle.constprop.0
                0x00001de0       0x34 zephyr/drivers/clock_control/libdrivers__clock_control.a(clock_control_nrf.c.obj)
 .text.clock_event_handler
                0x00001e14       0x60 zephyr/drivers/clock_control/libdrivers__clock_control.a(clock_control_nrf.c.obj)
 .text.generic_hfclk_start
                0x00001e74       0x64 zephyr/drivers/clock_control/libdrivers__clock_control.a(clock_control_nrf.c.obj)
 .text.api_blocking_start
                0x00001ed8       0x34 zephyr/drivers/clock_control/libdrivers__clock_control.a(clock_control_nrf.c.obj)
 .text.generic_hfclk_stop
                0x00001f0c       0x2c zephyr/drivers/clock_control/libdrivers__clock_control.a(clock_control_nrf.c.obj)
 .text.z_nrf_clock_control_lf_on
                0x00001f38      0x148 zephyr/drivers/clock_control/libdrivers__clock_control.a(clock_control_nrf.c.obj)
                0x00001f38                z_nrf_clock_control_lf_on
 .text.uart_console_init
                0x00002080       0x30 zephyr/drivers/console/libdrivers__console.a(uart_console.c.obj)
 .text.console_out
                0x000020b0       0x28 zephyr/drivers/console/libdrivers__console.a(uart_console.c.obj)
 .text.gpio_nrfx_manage_callback
                0x000020d8       0xac zephyr/drivers/gpio/libdrivers__gpio.a(gpio_nrfx.c.obj)
 .text.nrf_gpio_pin_port_decode
                0x00002184       0x70 zephyr/drivers/gpio/libdrivers__gpio.a(gpio_nrfx.c.obj)
 .text.gpio_nrfx_init
                0x000021f4       0x30 zephyr/drivers/gpio/libdrivers__gpio.a(gpio_nrfx.c.obj)
 .text.gpio_nrfx_pin_interrupt_configure
                0x00002224      0x1c4 zephyr/drivers/gpio/libdrivers__gpio.a(gpio_nrfx.c.obj)
 .text.gpio_nrfx_config
                0x000023e8       0xc8 zephyr/drivers/gpio/libdrivers__gpio.a(gpio_nrfx.c.obj)
 .text.gpiote_event_handler
                0x000024b0      0x16c zephyr/drivers/gpio/libdrivers__gpio.a(gpio_nrfx.c.obj)
 .text.twi_0_init
                0x0000261c       0x34 zephyr/drivers/i2c/libdrivers__i2c.a(i2c_nrfx_twi.c.obj)
 .text.event_handler
                0x00002650       0x34 zephyr/drivers/i2c/libdrivers__i2c.a(i2c_nrfx_twi.c.obj)
 .text.i2c_nrfx_twi_transfer
                0x00002684       0xf8 zephyr/drivers/i2c/libdrivers__i2c.a(i2c_nrfx_twi.c.obj)
 .text.nrf_gpio_pin_port_decode
                0x0000277c       0x70 zephyr/drivers/serial/libdrivers__serial.a(uart_nrfx_uarte.c.obj)
 .text.uarte_nrfx_configure
                0x000027ec      0x16c zephyr/drivers/serial/libdrivers__serial.a(uart_nrfx_uarte.c.obj)
 .text.uarte_nrfx_poll_out
                0x00002958       0xc4 zephyr/drivers/serial/libdrivers__serial.a(uart_nrfx_uarte.c.obj)
 .text.uarte_0_init
                0x00002a1c      0x15c zephyr/drivers/serial/libdrivers__serial.a(uart_nrfx_uarte.c.obj)
 .text.sys_clock_isr
                0x00002b78       0x28 zephyr/drivers/timer/libdrivers__timer.a(sys_clock_init.c.obj)
                0x00002b78                sys_clock_isr
 .text.sys_clock_timeout_handler
                0x00002ba0       0x18 zephyr/drivers/timer/libdrivers__timer.a(nrf_rtc_timer.c.obj)
 .text.set_absolute_alarm
                0x00002bb8       0x94 zephyr/drivers/timer/libdrivers__timer.a(nrf_rtc_timer.c.obj)
 .text.rtc_nrf_isr
                0x00002c4c       0x60 zephyr/drivers/timer/libdrivers__timer.a(nrf_rtc_timer.c.obj)
                0x00002c4c                rtc_nrf_isr
 .text.sys_clock_driver_init
                0x00002cac       0x4c zephyr/drivers/timer/libdrivers__timer.a(nrf_rtc_timer.c.obj)
                0x00002cac                sys_clock_driver_init
 .text.sys_clock_set_timeout
                0x00002cf8       0x64 zephyr/drivers/timer/libdrivers__timer.a(nrf_rtc_timer.c.obj)
                0x00002cf8                sys_clock_set_timeout
 .text.sys_clock_elapsed
                0x00002d5c       0x1c zephyr/drivers/timer/libdrivers__timer.a(nrf_rtc_timer.c.obj)
                0x00002d5c                sys_clock_elapsed
 .text.__NVIC_SystemReset
                0x00002d78       0x24 modules/hal_nordic/nrfx/libmodules__hal_nordic__nrfx.a(system_nrf52811.c.obj)
 .text.nrf52_errata_98
                0x00002d9c       0x24 modules/hal_nordic/nrfx/libmodules__hal_nordic__nrfx.a(system_nrf52811.c.obj)
 .text.nvmc_wait
                0x00002dc0       0x10 modules/hal_nordic/nrfx/libmodules__hal_nordic__nrfx.a(system_nrf52811.c.obj)
                0x00002dc0                nvmc_wait
 .text.SystemInit
                0x00002dd0      0x210 modules/hal_nordic/nrfx/libmodules__hal_nordic__nrfx.a(system_nrf52811.c.obj)
                0x00002dd0                SystemInit
 .text.nrfx_clock_init
                0x00002fe0       0x48 modules/hal_nordic/nrfx/libmodules__hal_nordic__nrfx.a(nrfx_clock.c.obj)
                0x00002fe0                nrfx_clock_init
 .text.nrfx_clock_enable
                0x00003028       0x40 modules/hal_nordic/nrfx/libmodules__hal_nordic__nrfx.a(nrfx_clock.c.obj)
                0x00003028                nrfx_clock_enable
 .text.nrfx_clock_start
                0x00003068       0xa8 modules/hal_nordic/nrfx/libmodules__hal_nordic__nrfx.a(nrfx_clock.c.obj)
                0x00003068                nrfx_clock_start
 .text.nrfx_clock_stop
                0x00003110       0xbc modules/hal_nordic/nrfx/libmodules__hal_nordic__nrfx.a(nrfx_clock.c.obj)
                0x00003110                nrfx_clock_stop
 .text.nrfx_power_clock_irq_handler
                0x000031cc       0x64 modules/hal_nordic/nrfx/libmodules__hal_nordic__nrfx.a(nrfx_clock.c.obj)
                0x000031cc                nrfx_power_clock_irq_handler
 .text.nrfx_gpiote_channel_free
                0x00003230       0x40 modules/hal_nordic/nrfx/libmodules__hal_nordic__nrfx.a(nrfx_gpiote.c.obj)
                0x00003230                nrfx_gpiote_channel_free
 .text.nrfx_gpiote_channel_alloc
                0x00003270       0x70 modules/hal_nordic/nrfx/libmodules__hal_nordic__nrfx.a(nrfx_gpiote.c.obj)
                0x00003270                nrfx_gpiote_channel_alloc
 .text.nrfx_ppi_channel_alloc
                0x000032e0       0x68 modules/hal_nordic/nrfx/libmodules__hal_nordic__nrfx.a(nrfx_ppi.c.obj)
                0x000032e0                nrfx_ppi_channel_alloc
 .text.nrf_gpio_pin_port_decode
                0x00003348       0x70 modules/hal_nordic/nrfx/libmodules__hal_nordic__nrfx.a(nrfx_twi.c.obj)
 .text.twi_tx_start_transfer
                0x000033b8       0xd8 modules/hal_nordic/nrfx/libmodules__hal_nordic__nrfx.a(nrfx_twi.c.obj)
 .text.twi_rx_start_transfer
                0x00003490       0xe8 modules/hal_nordic/nrfx/libmodules__hal_nordic__nrfx.a(nrfx_twi.c.obj)
 .text.nrfx_twi_init
                0x00003578       0xf0 modules/hal_nordic/nrfx/libmodules__hal_nordic__nrfx.a(nrfx_twi.c.obj)
                0x00003578                nrfx_twi_init
 .text.nrfx_twi_enable
                0x00003668       0x54 modules/hal_nordic/nrfx/libmodules__hal_nordic__nrfx.a(nrfx_twi.c.obj)
                0x00003668                nrfx_twi_enable
 .text.nrfx_twi_disable
                0x000036bc       0x6c modules/hal_nordic/nrfx/libmodules__hal_nordic__nrfx.a(nrfx_twi.c.obj)
                0x000036bc                nrfx_twi_disable
 .text.nrfx_twi_xfer
                0x00003728      0x144 modules/hal_nordic/nrfx/libmodules__hal_nordic__nrfx.a(nrfx_twi.c.obj)
                0x00003728                nrfx_twi_xfer
 .text.nrfx_twi_0_irq_handler
                0x0000386c       0xe4 modules/hal_nordic/nrfx/libmodules__hal_nordic__nrfx.a(nrfx_twi.c.obj)
                0x0000386c                nrfx_twi_0_irq_handler
 .text.nrf_gpio_pin_port_decode
                0x00003950       0x70 modules/hal_nordic/nrfx/libmodules__hal_nordic__nrfx.a(nrfx_twi_twim.c.obj)
 .text.nrfx_twi_twim_bus_recover
                0x000039c0       0xc8 modules/hal_nordic/nrfx/libmodules__hal_nordic__nrfx.a(nrfx_twi_twim.c.obj)
                0x000039c0                nrfx_twi_twim_bus_recover
 .text.z_sys_init_run_level
                0x00003a88       0x40 zephyr/kernel/libkernel.a(device.c.obj)
                0x00003a88                z_sys_init_run_level
 .text.z_impl_device_get_binding
                0x00003ac8       0x54 zephyr/kernel/libkernel.a(device.c.obj)
                0x00003ac8                z_impl_device_get_binding
 .text.z_fatal_error
                0x00003b1c       0x64 zephyr/kernel/libkernel.a(fatal.c.obj)
                0x00003b1c                z_fatal_error
 .text.init_idle_thread
                0x00003b80       0x58 zephyr/kernel/libkernel.a(init.c.obj)
 .text.bg_thread_main
                0x00003bd8       0x34 zephyr/kernel/libkernel.a(init.c.obj)
 .text.z_bss_zero
                0x00003c0c       0x14 zephyr/kernel/libkernel.a(init.c.obj)
                0x00003c0c                z_bss_zero
 .text.z_cstart
                0x00003c20       0xe0 zephyr/kernel/libkernel.a(init.c.obj)
                0x00003c20                z_cstart
 .text.z_setup_new_thread
                0x00003d00       0xc8 zephyr/kernel/libkernel.a(thread.c.obj)
                0x00003d00                z_setup_new_thread
 .text.z_init_static_threads
                0x00003dc8      0x110 zephyr/kernel/libkernel.a(thread.c.obj)
                0x00003dc8                z_init_static_threads
 .text.z_spin_lock_valid
                0x00003ed8       0x1c zephyr/kernel/libkernel.a(thread.c.obj)
                0x00003ed8                z_spin_lock_valid
 .text.z_spin_unlock_valid
                0x00003ef4       0x20 zephyr/kernel/libkernel.a(thread.c.obj)
                0x00003ef4                z_spin_unlock_valid
 .text.z_spin_lock_set_owner
                0x00003f14       0x10 zephyr/kernel/libkernel.a(thread.c.obj)
                0x00003f14                z_spin_lock_set_owner
 .text.idle     0x00003f24       0x58 zephyr/kernel/libkernel.a(idle.c.obj)
                0x00003f24                idle
 .text.z_impl_k_sem_give
                0x00003f7c       0x7c zephyr/kernel/libkernel.a(sem.c.obj)
                0x00003f7c                z_impl_k_sem_give
 .text.z_impl_k_sem_take
                0x00003ff8      0x114 zephyr/kernel/libkernel.a(sem.c.obj)
                0x00003ff8                z_impl_k_sem_take
 .text.z_reset_time_slice
                0x0000410c       0x2c zephyr/kernel/libkernel.a(sched.c.obj)
                0x0000410c                z_reset_time_slice
 .text.k_sched_time_slice_set
                0x00004138       0xcc zephyr/kernel/libkernel.a(sched.c.obj)
                0x00004138                k_sched_time_slice_set
 .text.z_reschedule
                0x00004204       0x88 zephyr/kernel/libkernel.a(sched.c.obj)
                0x00004204                z_reschedule
 .text.k_sched_lock
                0x0000428c       0xe8 zephyr/kernel/libkernel.a(sched.c.obj)
                0x0000428c                k_sched_lock
 .text.z_priq_dumb_remove
                0x00004374       0x44 zephyr/kernel/libkernel.a(sched.c.obj)
                0x00004374                z_priq_dumb_remove
 .text.unpend_thread_no_timeout
                0x000043b8       0x44 zephyr/kernel/libkernel.a(sched.c.obj)
 .text.update_cache
                0x000043fc       0x70 zephyr/kernel/libkernel.a(sched.c.obj)
 .text.move_thread_to_end_of_prio_q
                0x0000446c       0xa8 zephyr/kernel/libkernel.a(sched.c.obj)
 .text.z_time_slice
                0x00004514       0xec zephyr/kernel/libkernel.a(sched.c.obj)
                0x00004514                z_time_slice
 .text.ready_thread
                0x00004600       0x98 zephyr/kernel/libkernel.a(sched.c.obj)
 .text.z_ready_thread
                0x00004698       0x90 zephyr/kernel/libkernel.a(sched.c.obj)
                0x00004698                z_ready_thread
 .text.z_sched_start
                0x00004728       0xa8 zephyr/kernel/libkernel.a(sched.c.obj)
                0x00004728                z_sched_start
 .text.z_thread_timeout
                0x000047d0       0xb4 zephyr/kernel/libkernel.a(sched.c.obj)
                0x000047d0                z_thread_timeout
 .text.unready_thread
                0x00004884       0x38 zephyr/kernel/libkernel.a(sched.c.obj)
 .text.add_to_waitq_locked
                0x000048bc       0x80 zephyr/kernel/libkernel.a(sched.c.obj)
 .text.pend     0x0000493c       0xbc zephyr/kernel/libkernel.a(sched.c.obj)
 .text.z_pend_curr
                0x000049f8       0x60 zephyr/kernel/libkernel.a(sched.c.obj)
                0x000049f8                z_pend_curr
 .text.z_impl_k_thread_suspend
                0x00004a58       0xd4 zephyr/kernel/libkernel.a(sched.c.obj)
                0x00004a58                z_impl_k_thread_suspend
 .text.k_sched_unlock
                0x00004b2c       0xf8 zephyr/kernel/libkernel.a(sched.c.obj)
                0x00004b2c                k_sched_unlock
 .text.z_unpend_first_thread
                0x00004c24       0xa0 zephyr/kernel/libkernel.a(sched.c.obj)
                0x00004c24                z_unpend_first_thread
 .text.z_sched_init
                0x00004cc4       0x18 zephyr/kernel/libkernel.a(sched.c.obj)
                0x00004cc4                z_sched_init
 .text.z_impl_k_yield
                0x00004cdc      0x140 zephyr/kernel/libkernel.a(sched.c.obj)
                0x00004cdc                z_impl_k_yield
 .text.z_tick_sleep
                0x00004e1c      0x154 zephyr/kernel/libkernel.a(sched.c.obj)
 .text.z_impl_k_sleep
                0x00004f70       0x70 zephyr/kernel/libkernel.a(sched.c.obj)
                0x00004f70                z_impl_k_sleep
 .text.z_impl_z_current_get
                0x00004fe0        0xc zephyr/kernel/libkernel.a(sched.c.obj)
                0x00004fe0                z_impl_z_current_get
 .text.z_thread_abort
                0x00004fec      0x168 zephyr/kernel/libkernel.a(sched.c.obj)
                0x00004fec                z_thread_abort
 .text.z_data_copy
                0x00005154       0x34 zephyr/kernel/libkernel.a(xip.c.obj)
                0x00005154                z_data_copy
 .text.elapsed  0x00005188       0x14 zephyr/kernel/libkernel.a(timeout.c.obj)
 .text.next_timeout
                0x0000519c       0x50 zephyr/kernel/libkernel.a(timeout.c.obj)
 .text.remove_timeout
                0x000051ec       0x34 zephyr/kernel/libkernel.a(timeout.c.obj)
 .text.z_add_timeout
                0x00005220      0x190 zephyr/kernel/libkernel.a(timeout.c.obj)
                0x00005220                z_add_timeout
 .text.z_abort_timeout
                0x000053b0       0x9c zephyr/kernel/libkernel.a(timeout.c.obj)
                0x000053b0                z_abort_timeout
 .text.z_get_next_timeout_expiry
                0x0000544c       0x90 zephyr/kernel/libkernel.a(timeout.c.obj)
                0x0000544c                z_get_next_timeout_expiry
 .text.z_set_timeout_expiry
                0x000054dc       0xa0 zephyr/kernel/libkernel.a(timeout.c.obj)
                0x000054dc                z_set_timeout_expiry
 .text.sys_clock_announce
                0x0000557c      0x174 zephyr/kernel/libkernel.a(timeout.c.obj)
                0x0000557c                sys_clock_announce
 .text.sys_clock_tick_get
                0x000056f0       0xa0 zephyr/kernel/libkernel.a(timeout.c.obj)
                0x000056f0                sys_clock_tick_get
 .text.boot_banner
                0x00005790       0x18 zephyr/kernel/libkernel.a(banner.c.obj)
                0x00005790                boot_banner
 .text._OffsetAbsSyms
                0x000057a8        0x2 zephyr/CMakeFiles/offsets.dir/./arch/arm/core/offsets/offsets.c.obj
                0x000057a8                _OffsetAbsSyms
 .text.sys_notify_validate
                0x000057aa       0x22 zephyr/libzephyr.a(notify.c.obj)
                0x000057aa                sys_notify_validate
 .text.arch_printk_char_out
                0x000057cc        0x4 zephyr/libzephyr.a(printk.c.obj)
                0x000057cc                arch_printk_char_out
 .text.printk   0x000057d0       0x1a zephyr/libzephyr.a(printk.c.obj)
                0x000057d0                printk
 .text.process_recheck
                0x000057ea       0x38 zephyr/libzephyr.a(onoff.c.obj)
 .text.notify_one
                0x00005822       0x2c zephyr/libzephyr.a(onoff.c.obj)
 .text.validate_args
                0x0000584e       0x1e zephyr/libzephyr.a(onoff.c.obj)
 .text.onoff_manager_init
                0x0000586c       0x26 zephyr/libzephyr.a(onoff.c.obj)
                0x0000586c                onoff_manager_init
 .text.z_thread_entry
                0x00005892       0x14 zephyr/libzephyr.a(thread_entry.c.obj)
                0x00005892                z_thread_entry
 .text.encode_uint
                0x000058a6       0x8c zephyr/libzephyr.a(cbprintf_complete.c.obj)
 .text.outs     0x00005932       0x2c zephyr/libzephyr.a(cbprintf_complete.c.obj)
 .text.assert_post_action
                0x0000595e        0xe zephyr/libzephyr.a(assert.c.obj)
                0x0000595e                assert_post_action
 .text._ConfigAbsSyms
                0x0000596c        0x2 zephyr/libzephyr.a(configs.c.obj)
                0x0000596c                _ConfigAbsSyms
 .text.pm_policy_next_state
                0x0000596e        0xa zephyr/libzephyr.a(policy_residency.c.obj)
                0x0000596e                pm_policy_next_state
 .text.tmp100_reg_read.isra.0
                0x00005978       0x46 zephyr/libzephyr.a(tmp100.c.obj)
 .text.tmp100_attr_set
                0x000059be       0x7c zephyr/libzephyr.a(tmp100.c.obj)
 .text.z_arm_fatal_error
                0x00005a3a        0x4 zephyr/arch/arch/arm/core/aarch32/libarch__arm__core__aarch32.a(fatal.c.obj)
                0x00005a3a                z_arm_fatal_error
 .text.z_do_kernel_oops
                0x00005a3e        0x8 zephyr/arch/arch/arm/core/aarch32/libarch__arm__core__aarch32.a(fatal.c.obj)
                0x00005a3e                z_do_kernel_oops
 .text.z_irq_spurious
                0x00005a46        0x8 zephyr/arch/arch/arm/core/aarch32/libarch__arm__core__aarch32.a(irq_manage.c.obj)
                0x00005a46                z_irq_spurious
 .text.z_arm_nmi
                0x00005a4e        0xe zephyr/arch/arch/arm/core/aarch32/libarch__arm__core__aarch32.a(nmi.c.obj)
                0x00005a4e                z_arm_nmi
 .text.strlen   0x00005a5c        0xe zephyr/lib/libc/minimal/liblib__libc__minimal.a(string.c.obj)
                0x00005a5c                strlen
 .text.strnlen  0x00005a6a       0x12 zephyr/lib/libc/minimal/liblib__libc__minimal.a(string.c.obj)
                0x00005a6a                strnlen
 .text.strcmp   0x00005a7c       0x18 zephyr/lib/libc/minimal/liblib__libc__minimal.a(string.c.obj)
                0x00005a7c                strcmp
 .text.memcpy   0x00005a94       0x16 zephyr/lib/libc/minimal/liblib__libc__minimal.a(string.c.obj)
                0x00005a94                memcpy
 .text.memset   0x00005aaa       0x12 zephyr/lib/libc/minimal/liblib__libc__minimal.a(string.c.obj)
                0x00005aaa                memset
 .text._stdout_hook_default
                0x00005abc        0x6 zephyr/lib/libc/minimal/liblib__libc__minimal.a(stdout_console.c.obj)
 .text.nordicsemi_nrf52_init
                0x00005ac2       0x26 zephyr/soc/arm/nordic_nrf/nrf52/libsoc__arm__nordic_nrf__nrf52.a(soc.c.obj)
 .text.pm_power_state_set
                0x00005ae8       0x26 zephyr/soc/arm/nordic_nrf/nrf52/libsoc__arm__nordic_nrf__nrf52.a(power.c.obj)
                0x00005ae8                pm_power_state_set
 .text.pm_power_state_exit_post_ops
                0x00005b0e       0x16 zephyr/soc/arm/nordic_nrf/nrf52/libsoc__arm__nordic_nrf__nrf52.a(power.c.obj)
                0x00005b0e                pm_power_state_exit_post_ops
 .text.set_on_state
                0x00005b24       0x26 zephyr/drivers/clock_control/libdrivers__clock_control.a(clock_control_nrf.c.obj)
 .text.async_start
                0x00005b4a       0x62 zephyr/drivers/clock_control/libdrivers__clock_control.a(clock_control_nrf.c.obj)
 .text.api_start
                0x00005bac        0xe zephyr/drivers/clock_control/libdrivers__clock_control.a(clock_control_nrf.c.obj)
 .text.onoff_started_callback
                0x00005bba        0xc zephyr/drivers/clock_control/libdrivers__clock_control.a(clock_control_nrf.c.obj)
 .text.lfclk_start
                0x00005bc6        0x6 zephyr/drivers/clock_control/libdrivers__clock_control.a(clock_control_nrf.c.obj)
 .text.lfclk_stop
                0x00005bcc        0x6 zephyr/drivers/clock_control/libdrivers__clock_control.a(clock_control_nrf.c.obj)
 .text.api_stop
                0x00005bd2        0x6 zephyr/drivers/clock_control/libdrivers__clock_control.a(clock_control_nrf.c.obj)
 .text.blocking_start_callback
                0x00005bd8        0x6 zephyr/drivers/clock_control/libdrivers__clock_control.a(clock_control_nrf.c.obj)
 .text.gpio_nrfx_port_get_raw
                0x00005bde        0xe zephyr/drivers/gpio/libdrivers__gpio.a(gpio_nrfx.c.obj)
 .text.gpio_nrfx_port_set_masked_raw
                0x00005bec       0x16 zephyr/drivers/gpio/libdrivers__gpio.a(gpio_nrfx.c.obj)
 .text.gpio_nrfx_port_set_bits_raw
                0x00005c02        0xc zephyr/drivers/gpio/libdrivers__gpio.a(gpio_nrfx.c.obj)
 .text.gpio_nrfx_port_clear_bits_raw
                0x00005c0e        0xc zephyr/drivers/gpio/libdrivers__gpio.a(gpio_nrfx.c.obj)
 .text.gpio_nrfx_port_toggle_bits
                0x00005c1a       0x12 zephyr/drivers/gpio/libdrivers__gpio.a(gpio_nrfx.c.obj)
 .text.nrf_gpio_cfg_sense_set
                0x00005c2c       0x26 zephyr/drivers/gpio/libdrivers__gpio.a(gpio_nrfx.c.obj)
 .text.i2c_nrfx_twi_configure
                0x00005c52       0x32 zephyr/drivers/i2c/libdrivers__i2c.a(i2c_nrfx_twi.c.obj)
 .text.uarte_nrfx_config_get
                0x00005c84       0x10 zephyr/drivers/serial/libdrivers__serial.a(uart_nrfx_uarte.c.obj)
 .text.uarte_nrfx_err_check
                0x00005c94        0xe zephyr/drivers/serial/libdrivers__serial.a(uart_nrfx_uarte.c.obj)
 .text.uarte_nrfx_poll_in
                0x00005ca2       0x26 zephyr/drivers/serial/libdrivers__serial.a(uart_nrfx_uarte.c.obj)
 .text.nrf_gpio_cfg_input
                0x00005cc8       0x1c zephyr/drivers/serial/libdrivers__serial.a(uart_nrfx_uarte.c.obj)
 .text.is_tx_ready.isra.0
                0x00005ce4       0x20 zephyr/drivers/serial/libdrivers__serial.a(uart_nrfx_uarte.c.obj)
 .text.uarte_nrfx_isr_int
                0x00005d04       0x74 zephyr/drivers/serial/libdrivers__serial.a(uart_nrfx_uarte.c.obj)
 .text.sys_clock_idle_exit
                0x00005d78        0x2 zephyr/drivers/timer/libdrivers__timer.a(sys_clock_init.c.obj)
                0x00005d78                sys_clock_idle_exit
 .text.nrf52_errata_36
                0x00005d7a       0x1a modules/hal_nordic/nrfx/libmodules__hal_nordic__nrfx.a(system_nrf52811.c.obj)
 .text.nrfx_isr
                0x00005d94        0x2 modules/hal_nordic/nrfx/libmodules__hal_nordic__nrfx.a(nrfx_glue.c.obj)
                0x00005d94                nrfx_isr
 .text.nrfx_busy_wait
                0x00005d96        0x4 modules/hal_nordic/nrfx/libmodules__hal_nordic__nrfx.a(nrfx_glue.c.obj)
                0x00005d96                nrfx_busy_wait
 .text.twi_send_byte
                0x00005d9a       0x3a modules/hal_nordic/nrfx/libmodules__hal_nordic__nrfx.a(nrfx_twi.c.obj)
 .text.twi_transfer
                0x00005dd4      0x118 modules/hal_nordic/nrfx/libmodules__hal_nordic__nrfx.a(nrfx_twi.c.obj)
 .text.nrf_gpio_pin_set
                0x00005eec       0x1a modules/hal_nordic/nrfx/libmodules__hal_nordic__nrfx.a(nrfx_twi_twim.c.obj)
 .text.z_device_state_init
                0x00005f06        0x2 zephyr/kernel/libkernel.a(device.c.obj)
                0x00005f06                z_device_state_init
 .text.z_device_ready
                0x00005f08       0x14 zephyr/kernel/libkernel.a(device.c.obj)
                0x00005f08                z_device_ready
 .text.arch_system_halt
                0x00005f1c       0x12 zephyr/kernel/libkernel.a(fatal.c.obj)
                0x00005f1c                arch_system_halt
 .text.k_sys_fatal_error_handler
                0x00005f2e        0x6 zephyr/kernel/libkernel.a(fatal.c.obj)
                0x00005f2e                k_sys_fatal_error_handler
 .text.k_is_in_isr
                0x00005f34        0xc zephyr/kernel/libkernel.a(thread.c.obj)
                0x00005f34                k_is_in_isr
 .text.z_pm_save_idle_exit
                0x00005f40        0xe zephyr/kernel/libkernel.a(idle.c.obj)
                0x00005f40                z_pm_save_idle_exit
 .text.z_reschedule_irqlock
                0x00005f4e       0x18 zephyr/kernel/libkernel.a(sched.c.obj)
                0x00005f4e                z_reschedule_irqlock
 .text.z_reschedule_unlocked
                0x00005f66       0x14 zephyr/kernel/libkernel.a(sched.c.obj)
 .text.z_priq_dumb_best
                0x00005f7a        0xc zephyr/kernel/libkernel.a(sched.c.obj)
                0x00005f7a                z_priq_dumb_best
 .text.sys_clock_tick_get_32
                0x00005f86        0x8 zephyr/kernel/libkernel.a(timeout.c.obj)
                0x00005f86                sys_clock_tick_get_32
 .text.z_impl_k_busy_wait
                0x00005f8e        0x8 zephyr/kernel/libkernel.a(timeout.c.obj)
                0x00005f8e                z_impl_k_busy_wait
 *(SORT_BY_ALIGNMENT(.TEXT.*))
 *fill*         0x00005f96        0x2 
 .TEXT.z_arm_platform_init
                0x00005f98        0x4 zephyr/libzephyr.a(soc_nrf_common.S.obj)
                0x00005f98                z_arm_platform_init
 *(SORT_BY_ALIGNMENT(.gnu.linkonce.t.*))
 *(SORT_BY_ALIGNMENT(.glue_7t))
 .glue_7t       0x00005f9c        0x0 linker stubs
 *(SORT_BY_ALIGNMENT(.glue_7))
 .glue_7        0x00005f9c        0x0 linker stubs
 *(SORT_BY_ALIGNMENT(.vfp11_veneer))
 .vfp11_veneer  0x00005f9c        0x0 linker stubs
 *(SORT_BY_ALIGNMENT(.v4_bx))
 .v4_bx         0x00005f9c        0x0 linker stubs
                0x00005f9c                __text_region_end = .

.ARM.exidx      0x00005f9c        0x8
                0x00005f9c                __exidx_start = .
 *(SORT_BY_ALIGNMENT(.ARM.exidx*) SORT_BY_ALIGNMENT(gnu.linkonce.armexidx.*))
 .ARM.exidx     0x00005f9c        0x8 c:/gnu_arm_embedded/bin/../lib/gcc/arm-none-eabi/10.3.1/thumb/v7e-m/nofp\libgcc.a(_udivmoddi4.o)
                0x00005fa4                __exidx_end = .
                0x00005fa4                __rodata_region_start = .

initlevel       0x00005fa4       0x40
                0x00005fa4                __init_start = .
                0x00005fa4                __init_PRE_KERNEL_1_start = .
 *(SORT_BY_NAME(SORT_BY_ALIGNMENT(.z_init_PRE_KERNEL_1[0-9]_*)))
 .z_init_PRE_KERNEL_10_
                0x00005fa4        0x8 zephyr/soc/arm/nordic_nrf/nrf52/libsoc__arm__nordic_nrf__nrf52.a(soc.c.obj)
 *(SORT_BY_NAME(SORT_BY_ALIGNMENT(.z_init_PRE_KERNEL_1[1-9][0-9]_*)))
 .z_init_PRE_KERNEL_150_
                0x00005fac        0x8 zephyr/drivers/clock_control/libdrivers__clock_control.a(clock_control_nrf.c.obj)
 .z_init_PRE_KERNEL_150_
                0x00005fb4        0x8 zephyr/drivers/serial/libdrivers__serial.a(uart_nrfx_uarte.c.obj)
 .z_init_PRE_KERNEL_160_
                0x00005fbc        0x8 zephyr/drivers/console/libdrivers__console.a(uart_console.c.obj)
                0x00005fc4                __init_PRE_KERNEL_2_start = .
 *(SORT_BY_NAME(SORT_BY_ALIGNMENT(.z_init_PRE_KERNEL_2[0-9]_*)))
 .z_init_PRE_KERNEL_20_
                0x00005fc4        0x8 zephyr/drivers/timer/libdrivers__timer.a(sys_clock_init.c.obj)
 *(SORT_BY_NAME(SORT_BY_ALIGNMENT(.z_init_PRE_KERNEL_2[1-9][0-9]_*)))
                0x00005fcc                __init_POST_KERNEL_start = .
 *(SORT_BY_NAME(SORT_BY_ALIGNMENT(.z_init_POST_KERNEL[0-9]_*)))
 *(SORT_BY_NAME(SORT_BY_ALIGNMENT(.z_init_POST_KERNEL[1-9][0-9]_*)))
 .z_init_POST_KERNEL40_
                0x00005fcc        0x8 zephyr/drivers/gpio/libdrivers__gpio.a(gpio_nrfx.c.obj)
 .z_init_POST_KERNEL60_
                0x00005fd4        0x8 zephyr/drivers/i2c/libdrivers__i2c.a(i2c_nrfx_twi.c.obj)
 .z_init_POST_KERNEL90_
                0x00005fdc        0x8 zephyr/libzephyr.a(tmp100.c.obj)
                0x00005fe4                __init_APPLICATION_start = .
 *(SORT_BY_NAME(SORT_BY_ALIGNMENT(.z_init_APPLICATION[0-9]_*)))
 *(SORT_BY_NAME(SORT_BY_ALIGNMENT(.z_init_APPLICATION[1-9][0-9]_*)))
                0x00005fe4                __init_SMP_start = .
 *(SORT_BY_NAME(SORT_BY_ALIGNMENT(.z_init_SMP[0-9]_*)))
 *(SORT_BY_NAME(SORT_BY_ALIGNMENT(.z_init_SMP[1-9][0-9]_*)))
                0x00005fe4                __init_end = .

devices         0x00005fe4       0x90
                0x00005fe4                __device_start = .
                0x00005fe4                __device_PRE_KERNEL_1_start = .
 *(SORT_BY_NAME(SORT_BY_ALIGNMENT(.z_device_PRE_KERNEL_1[0-9]_*)))
 *(SORT_BY_NAME(SORT_BY_ALIGNMENT(.z_device_PRE_KERNEL_1[1-9][0-9]_*)))
 .z_device_PRE_KERNEL_150_
                0x00005fe4       0x18 zephyr/drivers/clock_control/libdrivers__clock_control.a(clock_control_nrf.c.obj)
                0x00005fe4                __device_dts_ord_24
 .z_device_PRE_KERNEL_150_
                0x00005ffc       0x18 zephyr/drivers/serial/libdrivers__serial.a(uart_nrfx_uarte.c.obj)
                0x00005ffc                __device_dts_ord_43
                0x00006014                __device_PRE_KERNEL_2_start = .
 *(SORT_BY_NAME(SORT_BY_ALIGNMENT(.z_device_PRE_KERNEL_2[0-9]_*)))
 .z_device_PRE_KERNEL_20_
                0x00006014       0x18 zephyr/drivers/timer/libdrivers__timer.a(sys_clock_init.c.obj)
 *(SORT_BY_NAME(SORT_BY_ALIGNMENT(.z_device_PRE_KERNEL_2[1-9][0-9]_*)))
                0x0000602c                __device_POST_KERNEL_start = .
 *(SORT_BY_NAME(SORT_BY_ALIGNMENT(.z_device_POST_KERNEL[0-9]_*)))
 *(SORT_BY_NAME(SORT_BY_ALIGNMENT(.z_device_POST_KERNEL[1-9][0-9]_*)))
 .z_device_POST_KERNEL40_
                0x0000602c       0x18 zephyr/drivers/gpio/libdrivers__gpio.a(gpio_nrfx.c.obj)
                0x0000602c                __device_dts_ord_8
 .z_device_POST_KERNEL60_
                0x00006044       0x18 zephyr/drivers/i2c/libdrivers__i2c.a(i2c_nrfx_twi.c.obj)
                0x00006044                __device_dts_ord_54
 .z_device_POST_KERNEL90_
                0x0000605c       0x18 zephyr/libzephyr.a(tmp100.c.obj)
                0x0000605c                __device_dts_ord_55
                0x00006074                __device_APPLICATION_start = .
 *(SORT_BY_NAME(SORT_BY_ALIGNMENT(.z_device_APPLICATION[0-9]_*)))
 *(SORT_BY_NAME(SORT_BY_ALIGNMENT(.z_device_APPLICATION[1-9][0-9]_*)))
                0x00006074                __device_SMP_start = .
 *(SORT_BY_NAME(SORT_BY_ALIGNMENT(.z_device_SMP[0-9]_*)))
 *(SORT_BY_NAME(SORT_BY_ALIGNMENT(.z_device_SMP[1-9][0-9]_*)))
                0x00006074                __device_end = .

sw_isr_table    0x00006074       0xf0
                0x00006074                . = ALIGN (0x0)
 *(SORT_BY_ALIGNMENT(.gnu.linkonce.sw_isr_table*))
 .gnu.linkonce.sw_isr_table
                0x00006074       0xf0 zephyr/arch/common/libisr_tables.a(isr_tables.c.obj)
                0x00006074                _sw_isr_table

initlevel_error
                0x00005fa4        0x0
 *(SORT_BY_NAME(SORT_BY_ALIGNMENT(.z_init_[_A-Z0-9]*)))
                0x00000001                ASSERT ((SIZEOF (initlevel_error) == 0x0), Undefined initialization levels used.)

app_shmem_regions
                0x00006164        0x0
                0x00006164                __app_shmem_regions_start = .
 *(SORT_BY_NAME(SORT_BY_ALIGNMENT(.app_regions.*)))
                0x00006164                __app_shmem_regions_end = .

bt_l2cap_fixed_chan_area
                0x00006164        0x0
                0x00006164                _bt_l2cap_fixed_chan_list_start = .
 *(SORT_BY_NAME(SORT_BY_ALIGNMENT(._bt_l2cap_fixed_chan.static.*)))
                0x00006164                _bt_l2cap_fixed_chan_list_end = .

bt_gatt_service_static_area
                0x00006164        0x0
                0x00006164                _bt_gatt_service_static_list_start = .
 *(SORT_BY_NAME(SORT_BY_ALIGNMENT(._bt_gatt_service_static.static.*)))
                0x00006164                _bt_gatt_service_static_list_end = .

k_p4wq_initparam_area
                0x00006164        0x0
                0x00006164                _k_p4wq_initparam_list_start = .
 *(SORT_BY_NAME(SORT_BY_ALIGNMENT(._k_p4wq_initparam.static.*)))
                0x00006164                _k_p4wq_initparam_list_end = .

log_strings_sections
                0x00006164        0x0
                0x00006164                __log_strings_start = .
 *(SORT_BY_NAME(SORT_BY_ALIGNMENT(.log_strings*)))
                0x00006164                __log_strings_end = .

log_const_sections
                0x00006164        0x0
                0x00006164                __log_const_start = .
 *(SORT_BY_NAME(SORT_BY_ALIGNMENT(.log_const_*)))
                0x00006164                __log_const_end = .

log_backends_sections
                0x00006164        0x0
                0x00006164                __log_backends_start = .
 *(SORT_BY_ALIGNMENT(._log_backend.*))
                0x00006164                __log_backends_end = .

shell_area      0x00006164        0x0
                0x00006164                _shell_list_start = .
 *(SORT_BY_NAME(SORT_BY_ALIGNMENT(._shell.static.*)))
                0x00006164                _shell_list_end = .

shell_root_cmds_sections
                0x00006164        0x0
                0x00006164                __shell_root_cmds_start = .
 *(SORT_BY_NAME(SORT_BY_ALIGNMENT(.shell_root_cmd_*)))
                0x00006164                __shell_root_cmds_end = .

font_entry_sections
                0x00006164        0x0
                0x00006164                __font_entry_start = .
 *(SORT_BY_NAME(SORT_BY_ALIGNMENT(._cfb_font.*)))
                0x00006164                __font_entry_end = .

tracing_backend_area
                0x00006164        0x0
                0x00006164                _tracing_backend_list_start = .
 *(SORT_BY_NAME(SORT_BY_ALIGNMENT(._tracing_backend.static.*)))
                0x00006164                _tracing_backend_list_end = .

zephyr_dbg_info
 *(SORT_BY_ALIGNMENT(.dbg_thread_info))

device_handles  0x00006164       0x46
                0x00006164                __device_handles_start = .
 *(SORT_BY_NAME(SORT_BY_ALIGNMENT(.__device_handles_pass1*)))
 .__device_handles_pass1
                0x00006164        0x8 zephyr/libzephyr.a(tmp100.c.obj)
                0x00006164                __devicehdl_DT_N_S_soc_S_i2c_40003000_S_tmp100_48
 .__device_handles_pass1
                0x0000616c        0xa zephyr/drivers/clock_control/libdrivers__clock_control.a(clock_control_nrf.c.obj)
                0x0000616c                __devicehdl_DT_N_S_soc_S_clock_40000000
 .__device_handles_pass1
                0x00006176       0x18 zephyr/drivers/gpio/libdrivers__gpio.a(gpio_nrfx.c.obj)
                0x00006176                __devicehdl_DT_N_S_soc_S_gpio_50000000
 .__device_handles_pass1
                0x0000618e        0xc zephyr/drivers/i2c/libdrivers__i2c.a(i2c_nrfx_twi.c.obj)
                0x0000618e                __devicehdl_DT_N_S_soc_S_i2c_40003000
 .__device_handles_pass1
                0x0000619a        0xa zephyr/drivers/serial/libdrivers__serial.a(uart_nrfx_uarte.c.obj)
                0x0000619a                __devicehdl_DT_N_S_soc_S_uart_40002000
 .__device_handles_pass1
                0x000061a4        0x6 zephyr/drivers/timer/libdrivers__timer.a(sys_clock_init.c.obj)
                0x000061a4                __devicehdl_sys_init_sys_clock_driver_init0
                0x000061aa                __device_handles_end = .

rodata          0x000061b0      0xfb4
 *(SORT_BY_ALIGNMENT(.rodata))
 *(SORT_BY_ALIGNMENT(.rodata.*))
 .rodata.delay_machine_code.0
                0x000061b0        0x6 zephyr/soc/arm/nordic_nrf/nrf52/libsoc__arm__nordic_nrf__nrf52.a(soc.c.obj)
 *fill*         0x000061b6        0x2 
 .rodata.tmp100_driver_api
                0x000061b8       0x14 zephyr/libzephyr.a(tmp100.c.obj)
 .rodata.static_regions
                0x000061cc        0xc zephyr/arch/arch/arm/core/aarch32/mpu/libarch__arm__core__aarch32__mpu.a(arm_core_mpu.c.obj)
 .rodata.mpu_config
                0x000061d8        0x8 zephyr/soc/arm/common/cortex_m/libsoc__arm__common__cortex_m.a(arm_mpu_regions.c.obj)
                0x000061d8                mpu_config
 .rodata.mpu_regions
                0x000061e0       0x18 zephyr/soc/arm/common/cortex_m/libsoc__arm__common__cortex_m.a(arm_mpu_regions.c.obj)
 .rodata.clock_control_api
                0x000061f8       0x14 zephyr/drivers/clock_control/libdrivers__clock_control.a(clock_control_nrf.c.obj)
 .rodata.config
                0x0000620c       0x10 zephyr/drivers/clock_control/libdrivers__clock_control.a(clock_control_nrf.c.obj)
 .rodata.transitions.0
                0x0000621c        0xc zephyr/drivers/clock_control/libdrivers__clock_control.a(clock_control_nrf.c.obj)
 .rodata.gpio_nrfx_drv_api_funcs
                0x00006228       0x24 zephyr/drivers/gpio/libdrivers__gpio.a(gpio_nrfx.c.obj)
 .rodata.gpio_nrfx_p0_cfg
                0x0000624c        0xc zephyr/drivers/gpio/libdrivers__gpio.a(gpio_nrfx.c.obj)
 .rodata.i2c_nrfx_twi_driver_api
                0x00006258       0x14 zephyr/drivers/i2c/libdrivers__i2c.a(i2c_nrfx_twi.c.obj)
 .rodata.twi_0z_config
                0x0000626c       0x18 zephyr/drivers/i2c/libdrivers__i2c.a(i2c_nrfx_twi.c.obj)
 .rodata.uart_nrfx_uarte_driver_api
                0x00006284       0x14 zephyr/drivers/serial/libdrivers__serial.a(uart_nrfx_uarte.c.obj)
 .rodata.uarte_0z_config
                0x00006298       0x1c zephyr/drivers/serial/libdrivers__serial.a(uart_nrfx_uarte.c.obj)
 .rodata.levels.0
                0x000062b4       0x14 zephyr/kernel/libkernel.a(device.c.obj)
 .rodata._k_neg_eagain
                0x000062c8        0x4 zephyr/kernel/libkernel.a(errno.c.obj)
                0x000062c8                _k_neg_eagain
 .rodata.main.str1.1
                0x000062cc      0x115 app/libapp.a(main.c.obj)
 .rodata.sys_notify_finalize.str1.1
                0x000063e1       0x23 zephyr/libzephyr.a(notify.c.obj)
                                 0x42 (size before relaxing)
 .rodata.process_event.str1.1
                0x00006404      0x122 zephyr/libzephyr.a(onoff.c.obj)
                                0x141 (size before relaxing)
 .rodata.cbvprintf.str1.1
                0x00006526        0x6 zephyr/libzephyr.a(cbprintf_complete.c.obj)
 .rodata.pm_state_notify.str1.1
                0x0000652c       0x9c zephyr/libzephyr.a(power.c.obj)
 .rodata.pm_power_state_force.str1.1
                0x0000652c       0x76 zephyr/libzephyr.a(power.c.obj)
 .rodata.pm_system_suspend.str1.1
                0x000065a2       0x65 zephyr/libzephyr.a(power.c.obj)
 .rodata.tmp100_init.str1.1
                0x00006607        0x6 zephyr/libzephyr.a(tmp100.c.obj)
 .rodata.tmp100_sample_fetch.str1.1
                0x0000660d       0x7a zephyr/libzephyr.a(tmp100.c.obj)
                                 0x97 (size before relaxing)
 .rodata.str1.1
                0x00006687        0x7 zephyr/libzephyr.a(tmp100.c.obj)
 .rodata.z_arm_irq_priority_set.str1.1
                0x0000668e       0x91 zephyr/arch/arch/arm/core/aarch32/libarch__arm__core__aarch32.a(irq_manage.c.obj)
                                 0xae (size before relaxing)
 .rodata.mem_manage_fault.str1.1
                0x0000671f       0xa7 zephyr/arch/arch/arm/core/aarch32/cortex_m/libarch__arm__core__aarch32__cortex_m.a(fault.c.obj)
                                 0xc4 (size before relaxing)
 .rodata.z_arm_fault.str1.1
                0x000067c6       0xa5 zephyr/arch/arch/arm/core/aarch32/cortex_m/libarch__arm__core__aarch32__cortex_m.a(fault.c.obj)
                                 0xa7 (size before relaxing)
 .rodata.arm_core_mpu_configure_static_mpu_regions.str1.1
                0x0000686b       0x63 zephyr/arch/arch/arm/core/aarch32/mpu/libarch__arm__core__aarch32__mpu.a(arm_mpu.c.obj)
                                 0x82 (size before relaxing)
 .rodata.arm_core_mpu_configure_dynamic_mpu_regions.str1.1
                0x000068ce       0x2d zephyr/arch/arch/arm/core/aarch32/mpu/libarch__arm__core__aarch32__mpu.a(arm_mpu.c.obj)
 .rodata.z_arm_mpu_init.str1.1
                0x000068fb       0xa5 zephyr/arch/arch/arm/core/aarch32/mpu/libarch__arm__core__aarch32__mpu.a(arm_mpu.c.obj)
 .rodata.str1.1
                0x000069a0        0xf zephyr/soc/arm/common/cortex_m/libsoc__arm__common__cortex_m.a(arm_mpu_regions.c.obj)
 .rodata.get_status.str1.1
                0x000069af       0x61 zephyr/drivers/clock_control/libdrivers__clock_control.a(clock_control_nrf.c.obj)
                                 0x7e (size before relaxing)
 .rodata.clock_event_handler.str1.1
                0x00006a10        0x2 zephyr/drivers/clock_control/libdrivers__clock_control.a(clock_control_nrf.c.obj)
 .rodata.z_nrf_clock_control_lf_on.str1.1
                0x00006a10        0x9 zephyr/drivers/clock_control/libdrivers__clock_control.a(clock_control_nrf.c.obj)
 .rodata.str1.1
                0x00006a19        0x6 zephyr/drivers/clock_control/libdrivers__clock_control.a(clock_control_nrf.c.obj)
 .rodata.gpio_nrfx_manage_callback.str1.1
                0x00006a1f       0x6e zephyr/drivers/gpio/libdrivers__gpio.a(gpio_nrfx.c.obj)
                                 0x8b (size before relaxing)
 .rodata.nrf_gpio_pin_port_decode.str1.1
                0x00006a8d       0x56 zephyr/drivers/gpio/libdrivers__gpio.a(gpio_nrfx.c.obj)
                                 0x58 (size before relaxing)
 .rodata.gpiote_event_handler.str1.1
                0x00006ae3       0x56 zephyr/drivers/gpio/libdrivers__gpio.a(gpio_nrfx.c.obj)
                                  0xc (size before relaxing)
 .rodata.str1.1
                0x00006ae3        0x7 zephyr/drivers/gpio/libdrivers__gpio.a(gpio_nrfx.c.obj)
 .rodata.str1.1
                0x00006aea        0x6 zephyr/drivers/i2c/libdrivers__i2c.a(i2c_nrfx_twi.c.obj)
 .rodata.nrf_gpio_pin_port_decode.str1.1
                0x00006aea       0x75 zephyr/drivers/serial/libdrivers__serial.a(uart_nrfx_uarte.c.obj)
 .rodata.str1.1
                0x00006aea        0x7 zephyr/drivers/serial/libdrivers__serial.a(uart_nrfx_uarte.c.obj)
 .rodata.sys_clock_isr.str1.1
                0x00006af1       0x32 zephyr/drivers/timer/libdrivers__timer.a(sys_clock_init.c.obj)
                                 0x51 (size before relaxing)
 .rodata.str1.1
                0x00006b23        0xa zephyr/drivers/timer/libdrivers__timer.a(sys_clock_init.c.obj)
 .rodata.CSWTCH.16
                0x00006b2d        0x6 modules/hal_nordic/nrfx/libmodules__hal_nordic__nrfx.a(system_nrf52811.c.obj)
 .rodata.CSWTCH.6
                0x00006b33        0x6 modules/hal_nordic/nrfx/libmodules__hal_nordic__nrfx.a(system_nrf52811.c.obj)
 .rodata.nrfx_clock_init.str1.1
                0x00006b39       0x4b modules/hal_nordic/nrfx/libmodules__hal_nordic__nrfx.a(nrfx_clock.c.obj)
                                 0x68 (size before relaxing)
 .rodata.nrfx_clock_enable.str1.1
                0x00006b84       0x1e modules/hal_nordic/nrfx/libmodules__hal_nordic__nrfx.a(nrfx_clock.c.obj)
 .rodata.nrfx_clock_start.str1.1
                0x00006ba2        0x2 modules/hal_nordic/nrfx/libmodules__hal_nordic__nrfx.a(nrfx_clock.c.obj)
 .rodata.nrf_gpio_pin_port_decode.str1.1
                0x00006ba2       0x75 modules/hal_nordic/nrfx/libmodules__hal_nordic__nrfx.a(nrfx_twi.c.obj)
 .rodata.nrfx_twi_init.str1.1
                0x00006ba2       0x63 modules/hal_nordic/nrfx/libmodules__hal_nordic__nrfx.a(nrfx_twi.c.obj)
 .rodata.nrfx_twi_enable.str1.1
                0x00006c05       0x2a modules/hal_nordic/nrfx/libmodules__hal_nordic__nrfx.a(nrfx_twi.c.obj)
 .rodata.nrfx_twi_disable.str1.1
                0x00006c2f       0x2c modules/hal_nordic/nrfx/libmodules__hal_nordic__nrfx.a(nrfx_twi.c.obj)
 .rodata.nrfx_twi_xfer.str1.1
                0x00006c5b       0x9e modules/hal_nordic/nrfx/libmodules__hal_nordic__nrfx.a(nrfx_twi.c.obj)
 .rodata.nrfx_twi_0_irq_handler.str1.1
                0x00006cf9        0xe modules/hal_nordic/nrfx/libmodules__hal_nordic__nrfx.a(nrfx_twi.c.obj)
 .rodata.nrf_gpio_pin_port_decode.str1.1
                0x00006d07       0x75 modules/hal_nordic/nrfx/libmodules__hal_nordic__nrfx.a(nrfx_twi_twim.c.obj)
 .rodata.z_fatal_error.str1.1
                0x00006d07       0x74 zephyr/kernel/libkernel.a(fatal.c.obj)
                                 0x91 (size before relaxing)
 .rodata.z_cstart.str1.1
                0x00006d7b        0x5 zephyr/kernel/libkernel.a(init.c.obj)
 .rodata.z_setup_new_thread.str1.1
                0x00006d80       0xd4 zephyr/kernel/libkernel.a(thread.c.obj)
                                 0xf1 (size before relaxing)
 .rodata.z_init_static_threads.str1.1
                0x00006e54       0x4c zephyr/kernel/libkernel.a(thread.c.obj)
 .rodata.idle.str1.1
                0x00006ea0       0x49 zephyr/kernel/libkernel.a(idle.c.obj)
                                 0x66 (size before relaxing)
 .rodata.z_impl_k_sem_give.str1.1
                0x00006ee9       0x70 zephyr/kernel/libkernel.a(sem.c.obj)
 .rodata.z_impl_k_sem_take.str1.1
                0x00006ee9       0x70 zephyr/kernel/libkernel.a(sem.c.obj)
                                 0x9c (size before relaxing)
 .rodata.z_priq_dumb_add.str1.1
                0x00006f59       0x43 zephyr/kernel/libkernel.a(sched.c.obj)
                                 0x60 (size before relaxing)
 .rodata.k_sched_time_slice_set.str1.1
                0x00006f9c       0x7f zephyr/kernel/libkernel.a(sched.c.obj)
 .rodata.k_sched_lock.str1.1
                0x00006f9c       0x6e zephyr/kernel/libkernel.a(sched.c.obj)
                                 0x71 (size before relaxing)
 .rodata.unpend_thread_no_timeout.str1.1
                0x0000700a       0x17 zephyr/kernel/libkernel.a(sched.c.obj)
 .rodata.update_cache.str1.1
                0x00007021       0x27 zephyr/kernel/libkernel.a(sched.c.obj)
 .rodata.k_sched_unlock.str1.1
                0x00007048       0x31 zephyr/kernel/libkernel.a(sched.c.obj)
 .rodata.z_tick_sleep.str1.1
                0x00007079       0x40 zephyr/kernel/libkernel.a(sched.c.obj)
 .rodata.z_thread_abort.str1.1
                0x000070b9       0x22 zephyr/kernel/libkernel.a(sched.c.obj)
                                 0x24 (size before relaxing)
 .rodata.z_add_timeout.str1.1
                0x000070db       0x44 zephyr/kernel/libkernel.a(timeout.c.obj)
                                 0xe3 (size before relaxing)
 .rodata.boot_banner.str1.1
                0x0000711f       0x43 zephyr/kernel/libkernel.a(banner.c.obj)
                                 0x44 (size before relaxing)
 *(SORT_BY_ALIGNMENT(.gnu.linkonce.r.*))
                0x00007164                . = ALIGN (0x4)
 *fill*         0x00007162        0x2 
                0x00007164                __rodata_region_end = .
                0x00007180                . = ALIGN (_region_min_align)
                0x00008000                . = ALIGN ((0x1 << ((__rodata_region_end - __rom_region_start) <= 0x4)?0x2:((__rodata_region_end - __rom_region_start) <= 0x8)?0x3:((__rodata_region_end - __rom_region_start) <= 0x10)?0x4:((__rodata_region_end - __rom_region_start) <= 0x20)?0x5:((__rodata_region_end - __rom_region_start) <= 0x40)?0x6:((__rodata_region_end - __rom_region_start) <= 0x80)?0x7:((__rodata_region_end - __rom_region_start) <= 0x100)?0x8:((__rodata_region_end - __rom_region_start) <= 0x200)?0x9:((__rodata_region_end - __rom_region_start) <= 0x400)?0xa:((__rodata_region_end - __rom_region_start) <= 0x800)?0xb:((__rodata_region_end - __rom_region_start) <= 0x1000)?0xc:((__rodata_region_end - __rom_region_start) <= 0x2000)?0xd:((__rodata_region_end - __rom_region_start) <= 0x4000)?0xe:((__rodata_region_end - __rom_region_start) <= 0x8000)?0xf:((__rodata_region_end - __rom_region_start) <= 0x10000)?0x10:((__rodata_region_end - __rom_region_start) <= 0x20000)?0x11:((__rodata_region_end - __rom_region_start) <= 0x40000)?0x12:((__rodata_region_end - __rom_region_start) <= 0x80000)?0x13:((__rodata_region_end - __rom_region_start) <= 0x100000)?0x14:((__rodata_region_end - __rom_region_start) <= 0x200000)?0x15:((__rodata_region_end - __rom_region_start) <= 0x400000)?0x16:((__rodata_region_end - __rom_region_start) <= 0x800000)?0x17:((__rodata_region_end - __rom_region_start) <= 0x1000000)?0x18:((__rodata_region_end - __rom_region_start) <= 0x2000000)?0x19:((__rodata_region_end - __rom_region_start) <= 0x4000000)?0x1a:((__rodata_region_end - __rom_region_start) <= 0x8000000)?0x1b:((__rodata_region_end - __rom_region_start) <= 0x10000000)?0x1c:((__rodata_region_end - __rom_region_start) <= 0x20000000)?0x1d:((__rodata_region_end - __rom_region_start) <= 0x40000000)?0x1e:((__rodata_region_end - __rom_region_start) <= 0x80000000)?0x1f:0x20))
                0x00008000                __rom_region_end = .

/DISCARD/
 *(SORT_BY_ALIGNMENT(.got.plt))
 *(SORT_BY_ALIGNMENT(.igot.plt))
 *(SORT_BY_ALIGNMENT(.got))
 *(SORT_BY_ALIGNMENT(.igot))
                0x20000000                . = 0x20000000
                0x20000000                . = ALIGN (_region_min_align)
                0x20000000                _image_ram_start = .

.ramfunc        0x20000000        0x0 load address 0x00007164
                0x20000000                . = ALIGN (_region_min_align)
                0x20000000                . = ALIGN ((0x1 << (__ramfunc_size <= 0x4)?0x2:(__ramfunc_size <= 0x8)?0x3:(__ramfunc_size <= 0x10)?0x4:(__ramfunc_size <= 0x20)?0x5:(__ramfunc_size <= 0x40)?0x6:(__ramfunc_size <= 0x80)?0x7:(__ramfunc_size <= 0x100)?0x8:(__ramfunc_size <= 0x200)?0x9:(__ramfunc_size <= 0x400)?0xa:(__ramfunc_size <= 0x800)?0xb:(__ramfunc_size <= 0x1000)?0xc:(__ramfunc_size <= 0x2000)?0xd:(__ramfunc_size <= 0x4000)?0xe:(__ramfunc_size <= 0x8000)?0xf:(__ramfunc_size <= 0x10000)?0x10:(__ramfunc_size <= 0x20000)?0x11:(__ramfunc_size <= 0x40000)?0x12:(__ramfunc_size <= 0x80000)?0x13:(__ramfunc_size <= 0x100000)?0x14:(__ramfunc_size <= 0x200000)?0x15:(__ramfunc_size <= 0x400000)?0x16:(__ramfunc_size <= 0x800000)?0x17:(__ramfunc_size <= 0x1000000)?0x18:(__ramfunc_size <= 0x2000000)?0x19:(__ramfunc_size <= 0x4000000)?0x1a:(__ramfunc_size <= 0x8000000)?0x1b:(__ramfunc_size <= 0x10000000)?0x1c:(__ramfunc_size <= 0x20000000)?0x1d:(__ramfunc_size <= 0x40000000)?0x1e:(__ramfunc_size <= 0x80000000)?0x1f:0x20))
                0x20000000                __ramfunc_start = .
 *(SORT_BY_ALIGNMENT(.ramfunc))
 *(SORT_BY_ALIGNMENT(.ramfunc.*))
                0x20000000                . = ALIGN (_region_min_align)
                0x20000000                . = ALIGN ((0x1 << (__ramfunc_size <= 0x4)?0x2:(__ramfunc_size <= 0x8)?0x3:(__ramfunc_size <= 0x10)?0x4:(__ramfunc_size <= 0x20)?0x5:(__ramfunc_size <= 0x40)?0x6:(__ramfunc_size <= 0x80)?0x7:(__ramfunc_size <= 0x100)?0x8:(__ramfunc_size <= 0x200)?0x9:(__ramfunc_size <= 0x400)?0xa:(__ramfunc_size <= 0x800)?0xb:(__ramfunc_size <= 0x1000)?0xc:(__ramfunc_size <= 0x2000)?0xd:(__ramfunc_size <= 0x4000)?0xe:(__ramfunc_size <= 0x8000)?0xf:(__ramfunc_size <= 0x10000)?0x10:(__ramfunc_size <= 0x20000)?0x11:(__ramfunc_size <= 0x40000)?0x12:(__ramfunc_size <= 0x80000)?0x13:(__ramfunc_size <= 0x100000)?0x14:(__ramfunc_size <= 0x200000)?0x15:(__ramfunc_size <= 0x400000)?0x16:(__ramfunc_size <= 0x800000)?0x17:(__ramfunc_size <= 0x1000000)?0x18:(__ramfunc_size <= 0x2000000)?0x19:(__ramfunc_size <= 0x4000000)?0x1a:(__ramfunc_size <= 0x8000000)?0x1b:(__ramfunc_size <= 0x10000000)?0x1c:(__ramfunc_size <= 0x20000000)?0x1d:(__ramfunc_size <= 0x40000000)?0x1e:(__ramfunc_size <= 0x80000000)?0x1f:0x20))
                0x20000000                __ramfunc_end = .
                0x00000000                __ramfunc_size = (__ramfunc_end - __ramfunc_start)
                0x00007164                __ramfunc_load_start = LOADADDR (.ramfunc)
                0x20000000                __data_region_start = .

datas           0x20000000       0x54 load address 0x00007164
                0x20000000                __data_start = .
 *(SORT_BY_ALIGNMENT(.data))
 *(SORT_BY_ALIGNMENT(.data.*))
 .data._char_out
                0x20000000        0x4 zephyr/libzephyr.a(printk.c.obj)
                0x20000000                _char_out
 .data.post_ops_done
                0x20000004        0x4 zephyr/libzephyr.a(power.c.obj)
 .data._stdout_hook
                0x20000008        0x4 zephyr/lib/libc/minimal/liblib__libc__minimal.a(stdout_console.c.obj)
 .data.twi_0_data
                0x2000000c       0x28 zephyr/drivers/i2c/libdrivers__i2c.a(i2c_nrfx_twi.c.obj)
 .data.uarte_0_data
                0x20000034       0x14 zephyr/drivers/serial/libdrivers__serial.a(uart_nrfx_uarte.c.obj)
 .data.SystemCoreClock
                0x20000048        0x4 modules/hal_nordic/nrfx/libmodules__hal_nordic__nrfx.a(system_nrf52811.c.obj)
                0x20000048                SystemCoreClock
 .data.timeout_list
                0x2000004c        0x8 zephyr/kernel/libkernel.a(timeout.c.obj)
 *(SORT_BY_ALIGNMENT(.kernel.*))
                0x20000054                __data_end = .
                0x00000054                __data_size = (__data_end - __data_start)
                0x00007164                __data_load_start = LOADADDR (datas)
                0x00007164                __data_region_load_start = LOADADDR (datas)

device_states   0x20000054       0x18 load address 0x000071b8
                0x20000054                __device_states_start = .
 *(SORT_BY_ALIGNMENT(.z_devstate))
 .z_devstate    0x20000054        0x4 zephyr/libzephyr.a(tmp100.c.obj)
 .z_devstate    0x20000058        0x4 zephyr/drivers/clock_control/libdrivers__clock_control.a(clock_control_nrf.c.obj)
 .z_devstate    0x2000005c        0x4 zephyr/drivers/gpio/libdrivers__gpio.a(gpio_nrfx.c.obj)
 .z_devstate    0x20000060        0x4 zephyr/drivers/i2c/libdrivers__i2c.a(i2c_nrfx_twi.c.obj)
 .z_devstate    0x20000064        0x4 zephyr/drivers/serial/libdrivers__serial.a(uart_nrfx_uarte.c.obj)
 .z_devstate    0x20000068        0x4 zephyr/drivers/timer/libdrivers__timer.a(sys_clock_init.c.obj)
 *(SORT_BY_ALIGNMENT(.z_devstate.*))
                0x2000006c                __device_states_end = .

initshell       0x2000006c        0x0 load address 0x000071d0
                0x2000006c                __shell_module_start = .
 *(SORT_BY_ALIGNMENT(.shell_module_*))
                0x2000006c                __shell_module_end = .
                0x2000006c                __shell_cmd_start = .
 *(SORT_BY_ALIGNMENT(.shell_cmd_*))
                0x2000006c                __shell_cmd_end = .

log_dynamic_sections
                0x2000006c        0x0 load address 0x000071d0
                0x2000006c                __log_dynamic_start = .
 *(SORT_BY_NAME(SORT_BY_ALIGNMENT(.log_dynamic_*)))
                0x2000006c                __log_dynamic_end = .

_static_thread_data_area
                0x2000006c        0x0 load address 0x000071d0
                0x2000006c                __static_thread_data_list_start = .
 *(SORT_BY_NAME(SORT_BY_ALIGNMENT(.__static_thread_data.static.*)))
                0x2000006c                __static_thread_data_list_end = .

k_timer_area    0x2000006c        0x0 load address 0x000071d0
                0x2000006c                _k_timer_list_start = .
 *(SORT_BY_NAME(SORT_BY_ALIGNMENT(._k_timer.static.*)))
                0x2000006c                _k_timer_list_end = .

k_mem_slab_area
                0x2000006c        0x0 load address 0x000071d0
                0x2000006c                _k_mem_slab_list_start = .
 *(SORT_BY_NAME(SORT_BY_ALIGNMENT(._k_mem_slab.static.*)))
                0x2000006c                _k_mem_slab_list_end = .

k_mem_pool_area
                0x2000006c        0x0 load address 0x000071d0
                0x2000006c                _k_mem_pool_list_start = .
 *(SORT_BY_NAME(SORT_BY_ALIGNMENT(._k_mem_pool.static.*)))
                0x2000006c                _k_mem_pool_list_end = .

k_heap_area     0x2000006c        0x0 load address 0x000071d0
                0x2000006c                _k_heap_list_start = .
 *(SORT_BY_NAME(SORT_BY_ALIGNMENT(._k_heap.static.*)))
                0x2000006c                _k_heap_list_end = .

k_mutex_area    0x2000006c        0x0 load address 0x000071d0
                0x2000006c                _k_mutex_list_start = .
 *(SORT_BY_NAME(SORT_BY_ALIGNMENT(._k_mutex.static.*)))
                0x2000006c                _k_mutex_list_end = .

k_stack_area    0x2000006c        0x0 load address 0x000071d0
                0x2000006c                _k_stack_list_start = .
 *(SORT_BY_NAME(SORT_BY_ALIGNMENT(._k_stack.static.*)))
                0x2000006c                _k_stack_list_end = .

k_msgq_area     0x2000006c        0x0 load address 0x000071d0
                0x2000006c                _k_msgq_list_start = .
 *(SORT_BY_NAME(SORT_BY_ALIGNMENT(._k_msgq.static.*)))
                0x2000006c                _k_msgq_list_end = .

k_mbox_area     0x2000006c        0x0 load address 0x000071d0
                0x2000006c                _k_mbox_list_start = .
 *(SORT_BY_NAME(SORT_BY_ALIGNMENT(._k_mbox.static.*)))
                0x2000006c                _k_mbox_list_end = .

k_pipe_area     0x2000006c        0x0 load address 0x000071d0
                0x2000006c                _k_pipe_list_start = .
 *(SORT_BY_NAME(SORT_BY_ALIGNMENT(._k_pipe.static.*)))
                0x2000006c                _k_pipe_list_end = .

k_sem_area      0x2000006c        0x0 load address 0x000071d0
                0x2000006c                _k_sem_list_start = .
 *(SORT_BY_NAME(SORT_BY_ALIGNMENT(._k_sem.static.*)))
                0x2000006c                _k_sem_list_end = .

k_queue_area    0x2000006c        0x0 load address 0x000071d0
                0x2000006c                _k_queue_list_start = .
 *(SORT_BY_NAME(SORT_BY_ALIGNMENT(._k_queue.static.*)))
                0x2000006c                _k_queue_list_end = .

k_condvar_area  0x2000006c        0x0 load address 0x000071d0
                0x2000006c                _k_condvar_list_start = .
 *(SORT_BY_NAME(SORT_BY_ALIGNMENT(._k_condvar.static.*)))
                0x2000006c                _k_condvar_list_end = .

_net_buf_pool_area
                0x2000006c        0x0 load address 0x000071d0
                0x2000006c                _net_buf_pool_list = .
 *(SORT_BY_NAME(SORT_BY_ALIGNMENT(._net_buf_pool.static.*)))
                0x2000006c                __data_region_end = .

bss             0x20000070      0x2b3
                0x20000070                . = ALIGN (0x4)
                0x20000070                __bss_start = .
                0x20000070                __kernel_ram_start = .
 *(SORT_BY_ALIGNMENT(.bss))
 *(SORT_BY_ALIGNMENT(.bss.*))
 .bss.z_idle_threads
                0x20000070       0x80 zephyr/kernel/libkernel.a(init.c.obj)
                0x20000070                z_idle_threads
 .bss.z_main_thread
                0x200000f0       0x80 zephyr/kernel/libkernel.a(init.c.obj)
                0x200000f0                z_main_thread
 .bss.curr_tick
                0x20000170        0x8 zephyr/kernel/libkernel.a(timeout.c.obj)
 .bss.pm_notifier_lock
                0x20000178        0x4 zephyr/libzephyr.a(power.c.obj)
 .bss.pm_notifiers
                0x2000017c        0x8 zephyr/libzephyr.a(power.c.obj)
 .bss.z_power_state
                0x20000184        0xc zephyr/libzephyr.a(power.c.obj)
 .bss.tmp100_driver
                0x20000190        0x8 zephyr/libzephyr.a(tmp100.c.obj)
 .bss.dynamic_regions.0
                0x20000198        0xc zephyr/arch/arch/arm/core/aarch32/mpu/libarch__arm__core__aarch32__mpu.a(arm_core_mpu.c.obj)
 .bss.cli.1     0x200001a4       0x10 zephyr/drivers/clock_control/libdrivers__clock_control.a(clock_control_nrf.c.obj)
 .bss.data      0x200001b4       0x58 zephyr/drivers/clock_control/libdrivers__clock_control.a(clock_control_nrf.c.obj)
 .bss.hfclk_users
                0x2000020c        0x4 zephyr/drivers/clock_control/libdrivers__clock_control.a(clock_control_nrf.c.obj)
 .bss.on.2      0x20000210        0x4 zephyr/drivers/clock_control/libdrivers__clock_control.a(clock_control_nrf.c.obj)
 .bss.uart_console_dev
                0x20000214        0x4 zephyr/drivers/console/libdrivers__console.a(uart_console.c.obj)
 .bss.gpio_nrfx_p0_data
                0x20000218       0x1c zephyr/drivers/gpio/libdrivers__gpio.a(gpio_nrfx.c.obj)
 .bss.cc_data   0x20000234        0x8 zephyr/drivers/timer/libdrivers__timer.a(nrf_rtc_timer.c.obj)
 .bss.int_mask  0x2000023c        0x4 zephyr/drivers/timer/libdrivers__timer.a(nrf_rtc_timer.c.obj)
 .bss.last_count
                0x20000240        0x4 zephyr/drivers/timer/libdrivers__timer.a(nrf_rtc_timer.c.obj)
 .bss.m_clock_cb
                0x20000244        0x8 modules/hal_nordic/nrfx/libmodules__hal_nordic__nrfx.a(nrfx_clock.c.obj)
 .bss.m_cb      0x2000024c       0x50 modules/hal_nordic/nrfx/libmodules__hal_nordic__nrfx.a(nrfx_gpiote.c.obj)
 .bss.m_channels_allocated
                0x2000029c        0x4 modules/hal_nordic/nrfx/libmodules__hal_nordic__nrfx.a(nrfx_ppi.c.obj)
 .bss.m_cb      0x200002a0       0x3c modules/hal_nordic/nrfx/libmodules__hal_nordic__nrfx.a(nrfx_twi.c.obj)
 .bss._kernel   0x200002dc       0x28 zephyr/kernel/libkernel.a(init.c.obj)
                0x200002dc                _kernel
 .bss.lock      0x20000304        0x4 zephyr/kernel/libkernel.a(sem.c.obj)
 .bss.pending_current
                0x20000308        0x4 zephyr/kernel/libkernel.a(sched.c.obj)
 .bss.sched_spinlock
                0x2000030c        0x4 zephyr/kernel/libkernel.a(sched.c.obj)
                0x2000030c                sched_spinlock
 .bss.slice_max_prio
                0x20000310        0x4 zephyr/kernel/libkernel.a(sched.c.obj)
 .bss.slice_time
                0x20000314        0x4 zephyr/kernel/libkernel.a(sched.c.obj)
 .bss.announce_remaining
                0x20000318        0x4 zephyr/kernel/libkernel.a(timeout.c.obj)
 .bss.timeout_lock
                0x2000031c        0x4 zephyr/kernel/libkernel.a(timeout.c.obj)
 .bss.static_regions_num
                0x20000320        0x1 zephyr/arch/arch/arm/core/aarch32/mpu/libarch__arm__core__aarch32__mpu.a(arm_mpu.c.obj)
 .bss.gpio_initialized.0
                0x20000321        0x1 zephyr/drivers/gpio/libdrivers__gpio.a(gpio_nrfx.c.obj)
 .bss.z_sys_post_kernel
                0x20000322        0x1 zephyr/kernel/libkernel.a(init.c.obj)
                0x20000322                z_sys_post_kernel
 *(SORT_BY_ALIGNMENT(COMMON))
 *(SORT_BY_ALIGNMENT(.kernel_bss.*))
                0x20000324                __bss_end = ALIGN (0x4)

noinit          0x20000340      0xd60
 *(SORT_BY_ALIGNMENT(.noinit))
 *(SORT_BY_ALIGNMENT(.noinit.*))
 .noinit."WEST_TOPDIR/zephyr/kernel/init.c".1
                0x20000340      0x420 zephyr/kernel/libkernel.a(init.c.obj)
                0x20000340                z_main_stack
 .noinit."WEST_TOPDIR/zephyr/kernel/init.c".2
                0x20000760      0x120 zephyr/kernel/libkernel.a(init.c.obj)
 .noinit."WEST_TOPDIR/zephyr/kernel/init.c".3
                0x20000880      0x820 zephyr/kernel/libkernel.a(init.c.obj)
                0x20000880                z_interrupt_stacks
 *(SORT_BY_ALIGNMENT(.kernel_noinit.*))
                0x200010a0                _image_ram_end = .
                0x200010a0                _end = .
                0x20006000                __kernel_ram_end = 0x20006000
                0x00005f90                __kernel_ram_size = (__kernel_ram_end - __kernel_ram_start)

.intList        0xfffff800       0x58
 *(SORT_BY_ALIGNMENT(.irq_info*))
 .irq_info      0xfffff800        0x8 zephyr/arch/common/libisr_tables.a(isr_tables.c.obj)
                0xfffff800                _iheader
 *(SORT_BY_ALIGNMENT(.intList*))
 .intList       0xfffff808       0x10 zephyr/drivers/clock_control/libdrivers__clock_control.a(clock_control_nrf.c.obj)
 .intList       0xfffff818       0x10 zephyr/drivers/gpio/libdrivers__gpio.a(gpio_nrfx.c.obj)
 .intList       0xfffff828       0x10 zephyr/drivers/i2c/libdrivers__i2c.a(i2c_nrfx_twi.c.obj)
 .intList       0xfffff838       0x10 zephyr/drivers/serial/libdrivers__serial.a(uart_nrfx_uarte.c.obj)
 .intList       0xfffff848       0x10 zephyr/drivers/timer/libdrivers__timer.a(nrf_rtc_timer.c.obj)

.stab
 *(SORT_BY_ALIGNMENT(.stab))

.stabstr
 *(SORT_BY_ALIGNMENT(.stabstr))

.stab.excl
 *(SORT_BY_ALIGNMENT(.stab.excl))

.stab.exclstr
 *(SORT_BY_ALIGNMENT(.stab.exclstr))

.stab.index
 *(SORT_BY_ALIGNMENT(.stab.index))

.stab.indexstr
 *(SORT_BY_ALIGNMENT(.stab.indexstr))

.gnu.build.attributes
 *(SORT_BY_ALIGNMENT(.gnu.build.attributes) SORT_BY_ALIGNMENT(.gnu.build.attributes.*))

.comment        0x00000000       0x49
 *(SORT_BY_ALIGNMENT(.comment))
 .comment       0x00000000       0x49 zephyr/CMakeFiles/offsets.dir/./arch/arm/core/offsets/offsets.c.obj
                                 0x4a (size before relaxing)
 .comment       0x00000049       0x4a app/libapp.a(main.c.obj)
 .comment       0x00000049       0x4a zephyr/libzephyr.a(notify.c.obj)
 .comment       0x00000049       0x4a zephyr/libzephyr.a(printk.c.obj)
 .comment       0x00000049       0x4a zephyr/libzephyr.a(onoff.c.obj)
 .comment       0x00000049       0x4a zephyr/libzephyr.a(thread_entry.c.obj)
 .comment       0x00000049       0x4a zephyr/libzephyr.a(cbprintf_complete.c.obj)
 .comment       0x00000049       0x4a zephyr/libzephyr.a(assert.c.obj)
 .comment       0x00000049       0x4a zephyr/libzephyr.a(configs.c.obj)
 .comment       0x00000049       0x4a zephyr/libzephyr.a(power.c.obj)
 .comment       0x00000049       0x4a zephyr/libzephyr.a(policy_residency.c.obj)
 .comment       0x00000049       0x4a zephyr/libzephyr.a(tmp100.c.obj)
 .comment       0x00000049       0x4a zephyr/arch/arch/arm/core/aarch32/libarch__arm__core__aarch32.a(fatal.c.obj)
 .comment       0x00000049       0x4a zephyr/arch/arch/arm/core/aarch32/libarch__arm__core__aarch32.a(irq_manage.c.obj)
 .comment       0x00000049       0x4a zephyr/arch/arch/arm/core/aarch32/libarch__arm__core__aarch32.a(nmi.c.obj)
 .comment       0x00000049       0x4a zephyr/arch/arch/arm/core/aarch32/libarch__arm__core__aarch32.a(prep_c.c.obj)
 .comment       0x00000049       0x4a zephyr/arch/arch/arm/core/aarch32/libarch__arm__core__aarch32.a(swap.c.obj)
 .comment       0x00000049       0x4a zephyr/arch/arch/arm/core/aarch32/libarch__arm__core__aarch32.a(thread.c.obj)
 .comment       0x00000049       0x4a zephyr/arch/arch/arm/core/aarch32/cortex_m/libarch__arm__core__aarch32__cortex_m.a(fault.c.obj)
 .comment       0x00000049       0x4a zephyr/arch/arch/arm/core/aarch32/cortex_m/libarch__arm__core__aarch32__cortex_m.a(irq_init.c.obj)
 .comment       0x00000049       0x4a zephyr/arch/arch/arm/core/aarch32/cortex_m/libarch__arm__core__aarch32__cortex_m.a(thread_abort.c.obj)
 .comment       0x00000049       0x4a zephyr/arch/arch/arm/core/aarch32/mpu/libarch__arm__core__aarch32__mpu.a(arm_core_mpu.c.obj)
 .comment       0x00000049       0x4a zephyr/arch/arch/arm/core/aarch32/mpu/libarch__arm__core__aarch32__mpu.a(arm_mpu.c.obj)
 .comment       0x00000049       0x4a zephyr/lib/libc/minimal/liblib__libc__minimal.a(string.c.obj)
 .comment       0x00000049       0x4a zephyr/lib/libc/minimal/liblib__libc__minimal.a(stdout_console.c.obj)
 .comment       0x00000049       0x4a zephyr/soc/arm/common/cortex_m/libsoc__arm__common__cortex_m.a(arm_mpu_regions.c.obj)
 .comment       0x00000049       0x4a zephyr/soc/arm/nordic_nrf/nrf52/libsoc__arm__nordic_nrf__nrf52.a(soc.c.obj)
 .comment       0x00000049       0x4a zephyr/soc/arm/nordic_nrf/nrf52/libsoc__arm__nordic_nrf__nrf52.a(power.c.obj)
 .comment       0x00000049       0x4a zephyr/drivers/clock_control/libdrivers__clock_control.a(clock_control_nrf.c.obj)
 .comment       0x00000049       0x4a zephyr/drivers/console/libdrivers__console.a(uart_console.c.obj)
 .comment       0x00000049       0x4a zephyr/drivers/gpio/libdrivers__gpio.a(gpio_nrfx.c.obj)
 .comment       0x00000049       0x4a zephyr/drivers/i2c/libdrivers__i2c.a(i2c_nrfx_twi.c.obj)
 .comment       0x00000049       0x4a zephyr/drivers/serial/libdrivers__serial.a(uart_nrfx_uarte.c.obj)
 .comment       0x00000049       0x4a zephyr/drivers/timer/libdrivers__timer.a(sys_clock_init.c.obj)
 .comment       0x00000049       0x4a zephyr/drivers/timer/libdrivers__timer.a(nrf_rtc_timer.c.obj)
 .comment       0x00000049       0x4a modules/hal_nordic/nrfx/libmodules__hal_nordic__nrfx.a(system_nrf52811.c.obj)
 .comment       0x00000049       0x4a modules/hal_nordic/nrfx/libmodules__hal_nordic__nrfx.a(nrfx_glue.c.obj)
 .comment       0x00000049       0x4a modules/hal_nordic/nrfx/libmodules__hal_nordic__nrfx.a(nrfx_clock.c.obj)
 .comment       0x00000049       0x4a modules/hal_nordic/nrfx/libmodules__hal_nordic__nrfx.a(nrfx_gpiote.c.obj)
 .comment       0x00000049       0x4a modules/hal_nordic/nrfx/libmodules__hal_nordic__nrfx.a(nrfx_ppi.c.obj)
 .comment       0x00000049       0x4a modules/hal_nordic/nrfx/libmodules__hal_nordic__nrfx.a(nrfx_twi.c.obj)
 .comment       0x00000049       0x4a modules/hal_nordic/nrfx/libmodules__hal_nordic__nrfx.a(nrfx_twi_twim.c.obj)
 .comment       0x00000049       0x4a zephyr/kernel/libkernel.a(device.c.obj)
 .comment       0x00000049       0x4a zephyr/kernel/libkernel.a(errno.c.obj)
 .comment       0x00000049       0x4a zephyr/kernel/libkernel.a(fatal.c.obj)
 .comment       0x00000049       0x4a zephyr/kernel/libkernel.a(init.c.obj)
 .comment       0x00000049       0x4a zephyr/kernel/libkernel.a(thread.c.obj)
 .comment       0x00000049       0x4a zephyr/kernel/libkernel.a(idle.c.obj)
 .comment       0x00000049       0x4a zephyr/kernel/libkernel.a(sem.c.obj)
 .comment       0x00000049       0x4a zephyr/kernel/libkernel.a(sched.c.obj)
 .comment       0x00000049       0x4a zephyr/kernel/libkernel.a(xip.c.obj)
 .comment       0x00000049       0x4a zephyr/kernel/libkernel.a(timeout.c.obj)
 .comment       0x00000049       0x4a zephyr/kernel/libkernel.a(banner.c.obj)
 .comment       0x00000049       0x4a zephyr/arch/common/libisr_tables.a(isr_tables.c.obj)

.debug
 *(SORT_BY_ALIGNMENT(.debug))

.line
 *(SORT_BY_ALIGNMENT(.line))

.debug_srcinfo
 *(SORT_BY_ALIGNMENT(.debug_srcinfo))

.debug_sfnames
 *(SORT_BY_ALIGNMENT(.debug_sfnames))

.debug_aranges  0x00000000     0x1268
 *(SORT_BY_ALIGNMENT(.debug_aranges))
 .debug_aranges
                0x00000000       0x20 zephyr/libzephyr.a(soc_nrf_common.S.obj)
 .debug_aranges
                0x00000020       0x30 zephyr/arch/arch/arm/core/aarch32/libarch__arm__core__aarch32.a(cpu_idle.S.obj)
 .debug_aranges
                0x00000050       0x20 zephyr/arch/arch/arm/core/aarch32/libarch__arm__core__aarch32.a(nmi_on_reset.S.obj)
 .debug_aranges
                0x00000070       0x28 zephyr/arch/arch/arm/core/aarch32/libarch__arm__core__aarch32.a(swap_helper.S.obj)
 .debug_aranges
                0x00000098       0x20 zephyr/arch/arch/arm/core/aarch32/libarch__arm__core__aarch32.a(isr_wrapper.S.obj)
 .debug_aranges
                0x000000b8       0x20 zephyr/arch/arch/arm/core/aarch32/cortex_m/libarch__arm__core__aarch32__cortex_m.a(exc_exit.S.obj)
 .debug_aranges
                0x000000d8       0x20 zephyr/arch/arch/arm/core/aarch32/cortex_m/libarch__arm__core__aarch32__cortex_m.a(fault_s.S.obj)
 .debug_aranges
                0x000000f8       0x20 zephyr/arch/arch/arm/core/aarch32/cortex_m/libarch__arm__core__aarch32__cortex_m.a(reset.S.obj)
 .debug_aranges
                0x00000118       0x20 zephyr/CMakeFiles/offsets.dir/./arch/arm/core/offsets/offsets.c.obj
 .debug_aranges
                0x00000138       0x20 app/libapp.a(main.c.obj)
 .debug_aranges
                0x00000158       0x28 zephyr/libzephyr.a(notify.c.obj)
 .debug_aranges
                0x00000180       0x68 zephyr/libzephyr.a(printk.c.obj)
 .debug_aranges
                0x000001e8       0x90 zephyr/libzephyr.a(onoff.c.obj)
 .debug_aranges
                0x00000278       0x20 zephyr/libzephyr.a(thread_entry.c.obj)
 .debug_aranges
                0x00000298       0x30 zephyr/libzephyr.a(cbprintf_complete.c.obj)
 .debug_aranges
                0x000002c8       0x20 zephyr/libzephyr.a(assert.c.obj)
 .debug_aranges
                0x000002e8       0x20 zephyr/libzephyr.a(configs.c.obj)
 .debug_aranges
                0x00000308       0x48 zephyr/libzephyr.a(power.c.obj)
 .debug_aranges
                0x00000350       0x20 zephyr/libzephyr.a(policy_residency.c.obj)
 .debug_aranges
                0x00000370       0x40 zephyr/libzephyr.a(tmp100.c.obj)
 .debug_aranges
                0x000003b0       0x30 zephyr/arch/arch/arm/core/aarch32/libarch__arm__core__aarch32.a(fatal.c.obj)
 .debug_aranges
                0x000003e0       0x48 zephyr/arch/arch/arm/core/aarch32/libarch__arm__core__aarch32.a(irq_manage.c.obj)
 .debug_aranges
                0x00000428       0x20 zephyr/arch/arch/arm/core/aarch32/libarch__arm__core__aarch32.a(nmi.c.obj)
 .debug_aranges
                0x00000448       0x20 zephyr/arch/arch/arm/core/aarch32/libarch__arm__core__aarch32.a(prep_c.c.obj)
 .debug_aranges
                0x00000468       0x20 zephyr/arch/arch/arm/core/aarch32/libarch__arm__core__aarch32.a(swap.c.obj)
 .debug_aranges
                0x00000488       0x30 zephyr/arch/arch/arm/core/aarch32/libarch__arm__core__aarch32.a(thread.c.obj)
 .debug_aranges
                0x000004b8       0x38 zephyr/arch/arch/arm/core/aarch32/cortex_m/libarch__arm__core__aarch32__cortex_m.a(fault.c.obj)
 .debug_aranges
                0x000004f0       0x20 zephyr/arch/arch/arm/core/aarch32/cortex_m/libarch__arm__core__aarch32__cortex_m.a(irq_init.c.obj)
 .debug_aranges
                0x00000510       0x20 zephyr/arch/arch/arm/core/aarch32/cortex_m/libarch__arm__core__aarch32__cortex_m.a(thread_abort.c.obj)
 .debug_aranges
                0x00000530       0x28 zephyr/arch/arch/arm/core/aarch32/mpu/libarch__arm__core__aarch32__mpu.a(arm_core_mpu.c.obj)
 .debug_aranges
                0x00000558       0x48 zephyr/arch/arch/arm/core/aarch32/mpu/libarch__arm__core__aarch32__mpu.a(arm_mpu.c.obj)
 .debug_aranges
                0x000005a0       0x98 zephyr/lib/libc/minimal/liblib__libc__minimal.a(string.c.obj)
 .debug_aranges
                0x00000638       0x58 zephyr/lib/libc/minimal/liblib__libc__minimal.a(stdout_console.c.obj)
 .debug_aranges
                0x00000690       0x18 zephyr/soc/arm/common/cortex_m/libsoc__arm__common__cortex_m.a(arm_mpu_regions.c.obj)
 .debug_aranges
                0x000006a8       0x30 zephyr/soc/arm/nordic_nrf/nrf52/libsoc__arm__nordic_nrf__nrf52.a(soc.c.obj)
 .debug_aranges
                0x000006d8       0x28 zephyr/soc/arm/nordic_nrf/nrf52/libsoc__arm__nordic_nrf__nrf52.a(power.c.obj)
 .debug_aranges
                0x00000700       0xc8 zephyr/drivers/clock_control/libdrivers__clock_control.a(clock_control_nrf.c.obj)
 .debug_aranges
                0x000007c8       0x28 zephyr/drivers/console/libdrivers__console.a(uart_console.c.obj)
 .debug_aranges
                0x000007f0       0x78 zephyr/drivers/gpio/libdrivers__gpio.a(gpio_nrfx.c.obj)
 .debug_aranges
                0x00000868       0x38 zephyr/drivers/i2c/libdrivers__i2c.a(i2c_nrfx_twi.c.obj)
 .debug_aranges
                0x000008a0       0x68 zephyr/drivers/serial/libdrivers__serial.a(uart_nrfx_uarte.c.obj)
 .debug_aranges
                0x00000908       0x40 zephyr/drivers/timer/libdrivers__timer.a(sys_clock_init.c.obj)
 .debug_aranges
                0x00000948       0x98 zephyr/drivers/timer/libdrivers__timer.a(nrf_rtc_timer.c.obj)
 .debug_aranges
                0x000009e0       0x50 modules/hal_nordic/nrfx/libmodules__hal_nordic__nrfx.a(system_nrf52811.c.obj)
 .debug_aranges
                0x00000a30       0x30 modules/hal_nordic/nrfx/libmodules__hal_nordic__nrfx.a(nrfx_glue.c.obj)
 .debug_aranges
                0x00000a60       0x68 modules/hal_nordic/nrfx/libmodules__hal_nordic__nrfx.a(nrfx_clock.c.obj)
 .debug_aranges
                0x00000ac8      0x170 modules/hal_nordic/nrfx/libmodules__hal_nordic__nrfx.a(nrfx_gpiote.c.obj)
 .debug_aranges
                0x00000c38       0x80 modules/hal_nordic/nrfx/libmodules__hal_nordic__nrfx.a(nrfx_ppi.c.obj)
 .debug_aranges
                0x00000cb8       0x88 modules/hal_nordic/nrfx/libmodules__hal_nordic__nrfx.a(nrfx_twi.c.obj)
 .debug_aranges
                0x00000d40       0x30 modules/hal_nordic/nrfx/libmodules__hal_nordic__nrfx.a(nrfx_twi_twim.c.obj)
 .debug_aranges
                0x00000d70       0x58 zephyr/kernel/libkernel.a(device.c.obj)
 .debug_aranges
                0x00000dc8       0x20 zephyr/kernel/libkernel.a(errno.c.obj)
 .debug_aranges
                0x00000de8       0x58 zephyr/kernel/libkernel.a(fatal.c.obj)
 .debug_aranges
                0x00000e40       0x40 zephyr/kernel/libkernel.a(init.c.obj)
 .debug_aranges
                0x00000e80       0xb8 zephyr/kernel/libkernel.a(thread.c.obj)
 .debug_aranges
                0x00000f38       0x28 zephyr/kernel/libkernel.a(idle.c.obj)
 .debug_aranges
                0x00000f60       0x38 zephyr/kernel/libkernel.a(sem.c.obj)
 .debug_aranges
                0x00000f98      0x1e0 zephyr/kernel/libkernel.a(sched.c.obj)
 .debug_aranges
                0x00001178       0x20 zephyr/kernel/libkernel.a(xip.c.obj)
 .debug_aranges
                0x00001198       0x98 zephyr/kernel/libkernel.a(timeout.c.obj)
 .debug_aranges
                0x00001230       0x20 zephyr/kernel/libkernel.a(banner.c.obj)
 .debug_aranges
                0x00001250       0x18 zephyr/arch/common/libisr_tables.a(isr_tables.c.obj)

.debug_pubnames
 *(SORT_BY_ALIGNMENT(.debug_pubnames))

.debug_info     0x00000000    0x5eeab
 *(SORT_BY_ALIGNMENT(.debug_info) SORT_BY_ALIGNMENT(.gnu.linkonce.wi.*))
 .debug_info    0x00000000       0x93 zephyr/CMakeFiles/offsets.dir/./arch/arm/core/offsets/offsets.c.obj
 .debug_info    0x00000093      0xc39 app/libapp.a(main.c.obj)
 .debug_info    0x00000ccc      0x37b zephyr/libzephyr.a(notify.c.obj)
 .debug_info    0x00001047      0x512 zephyr/libzephyr.a(printk.c.obj)
 .debug_info    0x00001559     0x31ef zephyr/libzephyr.a(onoff.c.obj)
 .debug_info    0x00004748      0x626 zephyr/libzephyr.a(thread_entry.c.obj)
 .debug_info    0x00004d6e     0x1044 zephyr/libzephyr.a(cbprintf_complete.c.obj)
 .debug_info    0x00005db2       0xec zephyr/libzephyr.a(assert.c.obj)
 .debug_info    0x00005e9e       0x38 zephyr/libzephyr.a(configs.c.obj)
 .debug_info    0x00005ed6       0x26 zephyr/libzephyr.a(soc_nrf_common.S.obj)
 .debug_info    0x00005efc     0x1b13 zephyr/libzephyr.a(power.c.obj)
 .debug_info    0x00007a0f      0xebb zephyr/libzephyr.a(policy_residency.c.obj)
 .debug_info    0x000088ca     0x1d08 zephyr/libzephyr.a(tmp100.c.obj)
 .debug_info    0x0000a5d2       0x22 zephyr/arch/arch/arm/core/aarch32/libarch__arm__core__aarch32.a(cpu_idle.S.obj)
 .debug_info    0x0000a5f4     0x1b0a zephyr/arch/arch/arm/core/aarch32/libarch__arm__core__aarch32.a(fatal.c.obj)
 .debug_info    0x0000c0fe      0xcec zephyr/arch/arch/arm/core/aarch32/libarch__arm__core__aarch32.a(irq_manage.c.obj)
 .debug_info    0x0000cdea       0xc2 zephyr/arch/arch/arm/core/aarch32/libarch__arm__core__aarch32.a(nmi.c.obj)
 .debug_info    0x0000ceac       0x26 zephyr/arch/arch/arm/core/aarch32/libarch__arm__core__aarch32.a(nmi_on_reset.S.obj)
 .debug_info    0x0000ced2      0x345 zephyr/arch/arch/arm/core/aarch32/libarch__arm__core__aarch32.a(prep_c.c.obj)
 .debug_info    0x0000d217      0x7f2 zephyr/arch/arch/arm/core/aarch32/libarch__arm__core__aarch32.a(swap.c.obj)
 .debug_info    0x0000da09       0x22 zephyr/arch/arch/arm/core/aarch32/libarch__arm__core__aarch32.a(swap_helper.S.obj)
 .debug_info    0x0000da2b      0x8d2 zephyr/arch/arch/arm/core/aarch32/libarch__arm__core__aarch32.a(thread.c.obj)
 .debug_info    0x0000e2fd       0x26 zephyr/arch/arch/arm/core/aarch32/libarch__arm__core__aarch32.a(isr_wrapper.S.obj)
 .debug_info    0x0000e323       0x26 zephyr/arch/arch/arm/core/aarch32/cortex_m/libarch__arm__core__aarch32__cortex_m.a(exc_exit.S.obj)
 .debug_info    0x0000e349     0x7054 zephyr/arch/arch/arm/core/aarch32/cortex_m/libarch__arm__core__aarch32__cortex_m.a(fault.c.obj)
 .debug_info    0x0001539d       0x26 zephyr/arch/arch/arm/core/aarch32/cortex_m/libarch__arm__core__aarch32__cortex_m.a(fault_s.S.obj)
 .debug_info    0x000153c3      0x505 zephyr/arch/arch/arm/core/aarch32/cortex_m/libarch__arm__core__aarch32__cortex_m.a(irq_init.c.obj)
 .debug_info    0x000158c8       0x26 zephyr/arch/arch/arm/core/aarch32/cortex_m/libarch__arm__core__aarch32__cortex_m.a(reset.S.obj)
 .debug_info    0x000158ee      0x82c zephyr/arch/arch/arm/core/aarch32/cortex_m/libarch__arm__core__aarch32__cortex_m.a(thread_abort.c.obj)
 .debug_info    0x0001611a      0x6ec zephyr/arch/arch/arm/core/aarch32/mpu/libarch__arm__core__aarch32__mpu.a(arm_core_mpu.c.obj)
 .debug_info    0x00016806     0x284d zephyr/arch/arch/arm/core/aarch32/mpu/libarch__arm__core__aarch32__mpu.a(arm_mpu.c.obj)
 .debug_info    0x00019053      0x730 zephyr/lib/libc/minimal/liblib__libc__minimal.a(string.c.obj)
 .debug_info    0x00019783      0x694 zephyr/lib/libc/minimal/liblib__libc__minimal.a(stdout_console.c.obj)
 .debug_info    0x00019e17      0x16a zephyr/soc/arm/common/cortex_m/libsoc__arm__common__cortex_m.a(arm_mpu_regions.c.obj)
 .debug_info    0x00019f81      0x93f zephyr/soc/arm/nordic_nrf/nrf52/libsoc__arm__nordic_nrf__nrf52.a(soc.c.obj)
 .debug_info    0x0001a8c0     0x1034 zephyr/soc/arm/nordic_nrf/nrf52/libsoc__arm__nordic_nrf__nrf52.a(power.c.obj)