ARM GAS  C:\Users\user\AppData\Local\Temp\ccLEBc6b.s 			page 1


   1              		.syntax unified
   2              		.cpu cortex-m3
   3              		.fpu softvfp
   4              		.eabi_attribute 20, 1
   5              		.eabi_attribute 21, 1
   6              		.eabi_attribute 23, 3
   7              		.eabi_attribute 24, 1
   8              		.eabi_attribute 25, 1
   9              		.eabi_attribute 26, 1
  10              		.eabi_attribute 30, 1
  11              		.eabi_attribute 34, 1
  12              		.eabi_attribute 18, 4
  13              		.thumb
  14              		.syntax unified
  15              		.file	"cyfitter_cfg.c"
  16              		.text
  17              	.Ltext0:
  18              		.cfi_sections	.debug_frame
  19              		.section	.text.CyClockStartupError,"ax",%progbits
  20              		.align	2
  21              		.thumb
  22              		.thumb_func
  23              		.type	CyClockStartupError, %function
  24              	CyClockStartupError:
  25              	.LFB3:
  26              		.file 1 "Generated_Source\\PSoC5\\cyfitter_cfg.c"
   1:Generated_Source\PSoC5/cyfitter_cfg.c **** 
   2:Generated_Source\PSoC5/cyfitter_cfg.c **** /*******************************************************************************
   3:Generated_Source\PSoC5/cyfitter_cfg.c **** * File Name: cyfitter_cfg.c
   4:Generated_Source\PSoC5/cyfitter_cfg.c **** * 
   5:Generated_Source\PSoC5/cyfitter_cfg.c **** * PSoC Creator  4.4
   6:Generated_Source\PSoC5/cyfitter_cfg.c **** *
   7:Generated_Source\PSoC5/cyfitter_cfg.c **** * Description:
   8:Generated_Source\PSoC5/cyfitter_cfg.c **** * This file contains device initialization code.
   9:Generated_Source\PSoC5/cyfitter_cfg.c **** * Except for the user defined sections in CyClockStartupError(), this file should not be modified.
  10:Generated_Source\PSoC5/cyfitter_cfg.c **** * This file is automatically generated by PSoC Creator.
  11:Generated_Source\PSoC5/cyfitter_cfg.c **** *
  12:Generated_Source\PSoC5/cyfitter_cfg.c **** ********************************************************************************
  13:Generated_Source\PSoC5/cyfitter_cfg.c **** * Copyright (c) 2007-2020 Cypress Semiconductor.  All rights reserved.
  14:Generated_Source\PSoC5/cyfitter_cfg.c **** * You may use this file only in accordance with the license, terms, conditions, 
  15:Generated_Source\PSoC5/cyfitter_cfg.c **** * disclaimers, and limitations in the end user license agreement accompanying 
  16:Generated_Source\PSoC5/cyfitter_cfg.c **** * the software package with which this file was provided.
  17:Generated_Source\PSoC5/cyfitter_cfg.c **** ********************************************************************************/
  18:Generated_Source\PSoC5/cyfitter_cfg.c **** 
  19:Generated_Source\PSoC5/cyfitter_cfg.c **** #include <string.h>
  20:Generated_Source\PSoC5/cyfitter_cfg.c **** #include "cytypes.h"
  21:Generated_Source\PSoC5/cyfitter_cfg.c **** #include "cydevice_trm.h"
  22:Generated_Source\PSoC5/cyfitter_cfg.c **** #include "cyfitter.h"
  23:Generated_Source\PSoC5/cyfitter_cfg.c **** #include "CyLib.h"
  24:Generated_Source\PSoC5/cyfitter_cfg.c **** #include "cyfitter_cfg.h"
  25:Generated_Source\PSoC5/cyfitter_cfg.c **** #include "cyapicallbacks.h"
  26:Generated_Source\PSoC5/cyfitter_cfg.c **** 
  27:Generated_Source\PSoC5/cyfitter_cfg.c **** #define CY_NEED_CYCLOCKSTARTUPERROR 1
  28:Generated_Source\PSoC5/cyfitter_cfg.c **** 
  29:Generated_Source\PSoC5/cyfitter_cfg.c **** 
  30:Generated_Source\PSoC5/cyfitter_cfg.c **** #if defined(__GNUC__) || defined(__ARMCC_VERSION)
  31:Generated_Source\PSoC5/cyfitter_cfg.c ****     #define CYPACKED 
ARM GAS  C:\Users\user\AppData\Local\Temp\ccLEBc6b.s 			page 2


  32:Generated_Source\PSoC5/cyfitter_cfg.c ****     #define CYPACKED_ATTR __attribute__ ((packed))
  33:Generated_Source\PSoC5/cyfitter_cfg.c ****     #define CYALIGNED __attribute__ ((aligned))
  34:Generated_Source\PSoC5/cyfitter_cfg.c ****     #define CY_CFG_UNUSED __attribute__ ((unused))
  35:Generated_Source\PSoC5/cyfitter_cfg.c ****     #ifndef CY_CFG_SECTION
  36:Generated_Source\PSoC5/cyfitter_cfg.c ****         #define CY_CFG_SECTION __attribute__ ((section(".psocinit")))
  37:Generated_Source\PSoC5/cyfitter_cfg.c ****     #endif
  38:Generated_Source\PSoC5/cyfitter_cfg.c ****     
  39:Generated_Source\PSoC5/cyfitter_cfg.c ****     #if defined(__ARMCC_VERSION)
  40:Generated_Source\PSoC5/cyfitter_cfg.c ****         #define CY_CFG_MEMORY_BARRIER() __memory_changed()
  41:Generated_Source\PSoC5/cyfitter_cfg.c ****     #else
  42:Generated_Source\PSoC5/cyfitter_cfg.c ****         #define CY_CFG_MEMORY_BARRIER() __sync_synchronize()
  43:Generated_Source\PSoC5/cyfitter_cfg.c ****     #endif
  44:Generated_Source\PSoC5/cyfitter_cfg.c ****     
  45:Generated_Source\PSoC5/cyfitter_cfg.c **** #elif defined(__ICCARM__)
  46:Generated_Source\PSoC5/cyfitter_cfg.c ****     #include <intrinsics.h>
  47:Generated_Source\PSoC5/cyfitter_cfg.c **** 
  48:Generated_Source\PSoC5/cyfitter_cfg.c ****     #define CYPACKED __packed
  49:Generated_Source\PSoC5/cyfitter_cfg.c ****     #define CYPACKED_ATTR 
  50:Generated_Source\PSoC5/cyfitter_cfg.c ****     #define CYALIGNED _Pragma("data_alignment=4")
  51:Generated_Source\PSoC5/cyfitter_cfg.c ****     #define CY_CFG_UNUSED _Pragma("diag_suppress=Pe177")
  52:Generated_Source\PSoC5/cyfitter_cfg.c ****     #define CY_CFG_SECTION _Pragma("location=\".psocinit\"")
  53:Generated_Source\PSoC5/cyfitter_cfg.c ****     
  54:Generated_Source\PSoC5/cyfitter_cfg.c ****     #define CY_CFG_MEMORY_BARRIER() __DMB()
  55:Generated_Source\PSoC5/cyfitter_cfg.c ****     
  56:Generated_Source\PSoC5/cyfitter_cfg.c **** #else
  57:Generated_Source\PSoC5/cyfitter_cfg.c ****     #error Unsupported toolchain
  58:Generated_Source\PSoC5/cyfitter_cfg.c **** #endif
  59:Generated_Source\PSoC5/cyfitter_cfg.c **** 
  60:Generated_Source\PSoC5/cyfitter_cfg.c **** #ifndef CYCODE
  61:Generated_Source\PSoC5/cyfitter_cfg.c ****     #define CYCODE
  62:Generated_Source\PSoC5/cyfitter_cfg.c **** #endif
  63:Generated_Source\PSoC5/cyfitter_cfg.c **** #ifndef CYDATA
  64:Generated_Source\PSoC5/cyfitter_cfg.c ****     #define CYDATA
  65:Generated_Source\PSoC5/cyfitter_cfg.c **** #endif
  66:Generated_Source\PSoC5/cyfitter_cfg.c **** #ifndef CYFAR
  67:Generated_Source\PSoC5/cyfitter_cfg.c ****     #define CYFAR
  68:Generated_Source\PSoC5/cyfitter_cfg.c **** #endif
  69:Generated_Source\PSoC5/cyfitter_cfg.c **** #ifndef CYXDATA
  70:Generated_Source\PSoC5/cyfitter_cfg.c ****     #define CYXDATA
  71:Generated_Source\PSoC5/cyfitter_cfg.c **** #endif
  72:Generated_Source\PSoC5/cyfitter_cfg.c **** 
  73:Generated_Source\PSoC5/cyfitter_cfg.c **** 
  74:Generated_Source\PSoC5/cyfitter_cfg.c **** CY_CFG_UNUSED
  75:Generated_Source\PSoC5/cyfitter_cfg.c **** static void CYMEMZERO(void *s, size_t n);
  76:Generated_Source\PSoC5/cyfitter_cfg.c **** CY_CFG_UNUSED
  77:Generated_Source\PSoC5/cyfitter_cfg.c **** static void CYMEMZERO(void *s, size_t n)
  78:Generated_Source\PSoC5/cyfitter_cfg.c **** {
  79:Generated_Source\PSoC5/cyfitter_cfg.c **** 	(void)memset(s, 0, n);
  80:Generated_Source\PSoC5/cyfitter_cfg.c **** }
  81:Generated_Source\PSoC5/cyfitter_cfg.c **** CY_CFG_UNUSED
  82:Generated_Source\PSoC5/cyfitter_cfg.c **** static void CYCONFIGCPY(void *dest, const void *src, size_t n);
  83:Generated_Source\PSoC5/cyfitter_cfg.c **** CY_CFG_UNUSED
  84:Generated_Source\PSoC5/cyfitter_cfg.c **** static void CYCONFIGCPY(void *dest, const void *src, size_t n)
  85:Generated_Source\PSoC5/cyfitter_cfg.c **** {
  86:Generated_Source\PSoC5/cyfitter_cfg.c **** 	(void)memcpy(dest, src, n);
  87:Generated_Source\PSoC5/cyfitter_cfg.c **** }
  88:Generated_Source\PSoC5/cyfitter_cfg.c **** CY_CFG_UNUSED
ARM GAS  C:\Users\user\AppData\Local\Temp\ccLEBc6b.s 			page 3


  89:Generated_Source\PSoC5/cyfitter_cfg.c **** static void CYCONFIGCPYCODE(void *dest, const void *src, size_t n);
  90:Generated_Source\PSoC5/cyfitter_cfg.c **** CY_CFG_UNUSED
  91:Generated_Source\PSoC5/cyfitter_cfg.c **** static void CYCONFIGCPYCODE(void *dest, const void *src, size_t n)
  92:Generated_Source\PSoC5/cyfitter_cfg.c **** {
  93:Generated_Source\PSoC5/cyfitter_cfg.c **** 	(void)memcpy(dest, src, n);
  94:Generated_Source\PSoC5/cyfitter_cfg.c **** }
  95:Generated_Source\PSoC5/cyfitter_cfg.c **** 
  96:Generated_Source\PSoC5/cyfitter_cfg.c **** 
  97:Generated_Source\PSoC5/cyfitter_cfg.c **** 
  98:Generated_Source\PSoC5/cyfitter_cfg.c **** 
  99:Generated_Source\PSoC5/cyfitter_cfg.c **** /* Clock startup error codes                                                   */
 100:Generated_Source\PSoC5/cyfitter_cfg.c **** #define CYCLOCKSTART_NO_ERROR    0u
 101:Generated_Source\PSoC5/cyfitter_cfg.c **** #define CYCLOCKSTART_XTAL_ERROR  1u
 102:Generated_Source\PSoC5/cyfitter_cfg.c **** #define CYCLOCKSTART_32KHZ_ERROR 2u
 103:Generated_Source\PSoC5/cyfitter_cfg.c **** #define CYCLOCKSTART_PLL_ERROR   3u
 104:Generated_Source\PSoC5/cyfitter_cfg.c **** #define CYCLOCKSTART_FLL_ERROR   4u
 105:Generated_Source\PSoC5/cyfitter_cfg.c **** #define CYCLOCKSTART_WCO_ERROR   5u
 106:Generated_Source\PSoC5/cyfitter_cfg.c **** 
 107:Generated_Source\PSoC5/cyfitter_cfg.c **** 
 108:Generated_Source\PSoC5/cyfitter_cfg.c **** #ifdef CY_NEED_CYCLOCKSTARTUPERROR
 109:Generated_Source\PSoC5/cyfitter_cfg.c **** /*******************************************************************************
 110:Generated_Source\PSoC5/cyfitter_cfg.c **** * Function Name: CyClockStartupError
 111:Generated_Source\PSoC5/cyfitter_cfg.c **** ********************************************************************************
 112:Generated_Source\PSoC5/cyfitter_cfg.c **** * Summary:
 113:Generated_Source\PSoC5/cyfitter_cfg.c **** *  If an error is encountered during clock configuration (crystal startup error,
 114:Generated_Source\PSoC5/cyfitter_cfg.c **** *  PLL lock error, etc.), the system will end up here.  Unless reimplemented by
 115:Generated_Source\PSoC5/cyfitter_cfg.c **** *  the customer, this function will stop in an infinite loop.
 116:Generated_Source\PSoC5/cyfitter_cfg.c **** *
 117:Generated_Source\PSoC5/cyfitter_cfg.c **** * Parameters:
 118:Generated_Source\PSoC5/cyfitter_cfg.c **** *   void
 119:Generated_Source\PSoC5/cyfitter_cfg.c **** *
 120:Generated_Source\PSoC5/cyfitter_cfg.c **** * Return:
 121:Generated_Source\PSoC5/cyfitter_cfg.c **** *   void
 122:Generated_Source\PSoC5/cyfitter_cfg.c **** *
 123:Generated_Source\PSoC5/cyfitter_cfg.c **** *******************************************************************************/
 124:Generated_Source\PSoC5/cyfitter_cfg.c **** CY_CFG_UNUSED
 125:Generated_Source\PSoC5/cyfitter_cfg.c **** static void CyClockStartupError(uint8 errorCode);
 126:Generated_Source\PSoC5/cyfitter_cfg.c **** CY_CFG_UNUSED
 127:Generated_Source\PSoC5/cyfitter_cfg.c **** static void CyClockStartupError(uint8 errorCode)
 128:Generated_Source\PSoC5/cyfitter_cfg.c **** {
  27              		.loc 1 128 0
  28              		.cfi_startproc
  29              		@ Volatile: function does not return.
  30              		@ args = 0, pretend = 0, frame = 0
  31              		@ frame_needed = 0, uses_anonymous_args = 0
  32              		@ link register save eliminated.
  33              	.LVL0:
  34              	.L2:
  35 0000 FEE7     		b	.L2
  36              		.cfi_endproc
  37              	.LFE3:
  38              		.size	CyClockStartupError, .-CyClockStartupError
  39 0002 00BF     		.section	.text.AnalogSetDefault,"ax",%progbits
  40              		.align	2
  41              		.thumb
  42              		.thumb_func
  43              		.type	AnalogSetDefault, %function
ARM GAS  C:\Users\user\AppData\Local\Temp\ccLEBc6b.s 			page 4


  44              	AnalogSetDefault:
  45              	.LFB5:
 129:Generated_Source\PSoC5/cyfitter_cfg.c ****     /* To remove the compiler warning if errorCode not used.                */
 130:Generated_Source\PSoC5/cyfitter_cfg.c ****     errorCode = errorCode;
 131:Generated_Source\PSoC5/cyfitter_cfg.c **** 
 132:Generated_Source\PSoC5/cyfitter_cfg.c ****     /* If we have a clock startup error (bad MHz crystal, PLL lock, etc.),  */
 133:Generated_Source\PSoC5/cyfitter_cfg.c ****     /* we will end up here to allow the customer to implement something to  */
 134:Generated_Source\PSoC5/cyfitter_cfg.c ****     /* deal with the clock condition.                                       */
 135:Generated_Source\PSoC5/cyfitter_cfg.c **** 
 136:Generated_Source\PSoC5/cyfitter_cfg.c **** #ifdef CY_CFG_CLOCK_STARTUP_ERROR_CALLBACK
 137:Generated_Source\PSoC5/cyfitter_cfg.c ****     CY_CFG_Clock_Startup_ErrorCallback();
 138:Generated_Source\PSoC5/cyfitter_cfg.c **** #else
 139:Generated_Source\PSoC5/cyfitter_cfg.c ****     /*  If not using CY_CFG_CLOCK_STARTUP_ERROR_CALLBACK, place your clock startup code here. */
 140:Generated_Source\PSoC5/cyfitter_cfg.c ****     /* `#START CyClockStartupError` */
 141:Generated_Source\PSoC5/cyfitter_cfg.c **** 
 142:Generated_Source\PSoC5/cyfitter_cfg.c **** 
 143:Generated_Source\PSoC5/cyfitter_cfg.c **** 
 144:Generated_Source\PSoC5/cyfitter_cfg.c ****     /* `#END` */
 145:Generated_Source\PSoC5/cyfitter_cfg.c **** 
 146:Generated_Source\PSoC5/cyfitter_cfg.c ****     while(1) {}
 147:Generated_Source\PSoC5/cyfitter_cfg.c **** #endif /* CY_CFG_CLOCK_STARTUP_ERROR_CALLBACK */
 148:Generated_Source\PSoC5/cyfitter_cfg.c **** }
 149:Generated_Source\PSoC5/cyfitter_cfg.c **** #endif
 150:Generated_Source\PSoC5/cyfitter_cfg.c **** 
 151:Generated_Source\PSoC5/cyfitter_cfg.c **** /* IOPINS0_0 Address: CYREG_PRT0_DM0 Size (bytes): 8 */
 152:Generated_Source\PSoC5/cyfitter_cfg.c **** #define BS_IOPINS0_0_VAL ((const uint8 CYFAR *)0x48000000u)
 153:Generated_Source\PSoC5/cyfitter_cfg.c **** 
 154:Generated_Source\PSoC5/cyfitter_cfg.c **** /* IOPINS0_1 Address: CYREG_PRT1_DM0 Size (bytes): 8 */
 155:Generated_Source\PSoC5/cyfitter_cfg.c **** #define BS_IOPINS0_1_VAL ((const uint8 CYFAR *)0x48000008u)
 156:Generated_Source\PSoC5/cyfitter_cfg.c **** 
 157:Generated_Source\PSoC5/cyfitter_cfg.c **** 
 158:Generated_Source\PSoC5/cyfitter_cfg.c **** /*******************************************************************************
 159:Generated_Source\PSoC5/cyfitter_cfg.c **** * Function Name: ClockSetup
 160:Generated_Source\PSoC5/cyfitter_cfg.c **** ********************************************************************************
 161:Generated_Source\PSoC5/cyfitter_cfg.c **** *
 162:Generated_Source\PSoC5/cyfitter_cfg.c **** * Summary:
 163:Generated_Source\PSoC5/cyfitter_cfg.c **** *  Performs the initialization of all of the clocks in the device based on the
 164:Generated_Source\PSoC5/cyfitter_cfg.c **** *  settings in the Clock tab of the DWR.  This includes enabling the requested
 165:Generated_Source\PSoC5/cyfitter_cfg.c **** *  clocks and setting the necessary dividers to produce the desired frequency. 
 166:Generated_Source\PSoC5/cyfitter_cfg.c **** *
 167:Generated_Source\PSoC5/cyfitter_cfg.c **** * Parameters:
 168:Generated_Source\PSoC5/cyfitter_cfg.c **** *  void
 169:Generated_Source\PSoC5/cyfitter_cfg.c **** *
 170:Generated_Source\PSoC5/cyfitter_cfg.c **** * Return:
 171:Generated_Source\PSoC5/cyfitter_cfg.c **** *  void
 172:Generated_Source\PSoC5/cyfitter_cfg.c **** *
 173:Generated_Source\PSoC5/cyfitter_cfg.c **** *******************************************************************************/
 174:Generated_Source\PSoC5/cyfitter_cfg.c **** static void ClockSetup(void);
 175:Generated_Source\PSoC5/cyfitter_cfg.c **** static void ClockSetup(void)
 176:Generated_Source\PSoC5/cyfitter_cfg.c **** {
 177:Generated_Source\PSoC5/cyfitter_cfg.c **** 	uint32 timeout;
 178:Generated_Source\PSoC5/cyfitter_cfg.c **** 	uint8 pllLock;
 179:Generated_Source\PSoC5/cyfitter_cfg.c **** 
 180:Generated_Source\PSoC5/cyfitter_cfg.c **** 
 181:Generated_Source\PSoC5/cyfitter_cfg.c **** 	/* Configure ILO based on settings from Clock DWR */
 182:Generated_Source\PSoC5/cyfitter_cfg.c **** 	CY_SET_XTND_REG8((void CYFAR *)(CYREG_SLOWCLK_ILO_CR0), 0x02u);
 183:Generated_Source\PSoC5/cyfitter_cfg.c **** 	CY_SET_XTND_REG8((void CYFAR *)(CYREG_CLKDIST_CR), 0x08u);
ARM GAS  C:\Users\user\AppData\Local\Temp\ccLEBc6b.s 			page 5


 184:Generated_Source\PSoC5/cyfitter_cfg.c **** 
 185:Generated_Source\PSoC5/cyfitter_cfg.c **** 	/* Configure IMO based on settings from Clock DWR */
 186:Generated_Source\PSoC5/cyfitter_cfg.c **** 	CY_SET_XTND_REG8((void CYFAR *)(CYREG_FASTCLK_IMO_CR), 0x03u);
 187:Generated_Source\PSoC5/cyfitter_cfg.c **** 	CY_SET_XTND_REG8((void CYFAR *)(CYREG_IMO_TR1), (CY_GET_XTND_REG8((void CYFAR *)CYREG_FLSHID_CUST_
 188:Generated_Source\PSoC5/cyfitter_cfg.c **** 
 189:Generated_Source\PSoC5/cyfitter_cfg.c **** 	/* Configure PLL based on settings from Clock DWR */
 190:Generated_Source\PSoC5/cyfitter_cfg.c **** 	CY_SET_XTND_REG16((void CYFAR *)(CYREG_FASTCLK_PLL_P), 0x0008u);
 191:Generated_Source\PSoC5/cyfitter_cfg.c **** 	CY_SET_XTND_REG16((void CYFAR *)(CYREG_FASTCLK_PLL_CFG0), 0x1251u);
 192:Generated_Source\PSoC5/cyfitter_cfg.c **** 	/* Wait up to 250us for the PLL to lock */
 193:Generated_Source\PSoC5/cyfitter_cfg.c **** 	pllLock = 0u;
 194:Generated_Source\PSoC5/cyfitter_cfg.c **** 	for (timeout = 250u / 10u; (timeout > 0u) && (pllLock != 0x03u); timeout--)
 195:Generated_Source\PSoC5/cyfitter_cfg.c **** 	{ 
 196:Generated_Source\PSoC5/cyfitter_cfg.c **** 		pllLock = 0x03u & ((uint8)((uint8)pllLock << 1) | ((CY_GET_XTND_REG8((void CYFAR *)CYREG_FASTCLK_
 197:Generated_Source\PSoC5/cyfitter_cfg.c **** 		CyDelayCycles(10u * 48u); /* Delay 10us based on 48MHz clock */
 198:Generated_Source\PSoC5/cyfitter_cfg.c **** 	}
 199:Generated_Source\PSoC5/cyfitter_cfg.c **** 	/* If we ran out of time the PLL didn't lock so go to the error function */
 200:Generated_Source\PSoC5/cyfitter_cfg.c **** 	if (timeout == 0u)
 201:Generated_Source\PSoC5/cyfitter_cfg.c **** 	{
 202:Generated_Source\PSoC5/cyfitter_cfg.c **** 		CyClockStartupError(CYCLOCKSTART_PLL_ERROR);
 203:Generated_Source\PSoC5/cyfitter_cfg.c **** 	}
 204:Generated_Source\PSoC5/cyfitter_cfg.c **** 
 205:Generated_Source\PSoC5/cyfitter_cfg.c **** 	/* Configure Bus/Master Clock based on settings from Clock DWR */
 206:Generated_Source\PSoC5/cyfitter_cfg.c **** 	CY_SET_XTND_REG16((void CYFAR *)(CYREG_CLKDIST_MSTR0), 0x0100u);
 207:Generated_Source\PSoC5/cyfitter_cfg.c **** 	CY_SET_XTND_REG8((void CYFAR *)(CYREG_CLKDIST_MSTR0), 0x07u);
 208:Generated_Source\PSoC5/cyfitter_cfg.c **** 	CY_SET_XTND_REG8((void CYFAR *)(CYREG_CLKDIST_BCFG0), 0x00u);
 209:Generated_Source\PSoC5/cyfitter_cfg.c **** 	CY_SET_XTND_REG8((void CYFAR *)(CYREG_CLKDIST_BCFG2), 0x48u);
 210:Generated_Source\PSoC5/cyfitter_cfg.c **** 	CY_SET_XTND_REG8((void CYFAR *)(CYREG_CLKDIST_MSTR0), 0x00u);
 211:Generated_Source\PSoC5/cyfitter_cfg.c **** 	CY_SET_XTND_REG8((void CYFAR *)(CYREG_CLKDIST_LD), 0x02u);
 212:Generated_Source\PSoC5/cyfitter_cfg.c **** }
 213:Generated_Source\PSoC5/cyfitter_cfg.c **** 
 214:Generated_Source\PSoC5/cyfitter_cfg.c **** 
 215:Generated_Source\PSoC5/cyfitter_cfg.c **** /* Analog API Functions */
 216:Generated_Source\PSoC5/cyfitter_cfg.c **** 
 217:Generated_Source\PSoC5/cyfitter_cfg.c **** 
 218:Generated_Source\PSoC5/cyfitter_cfg.c **** /*******************************************************************************
 219:Generated_Source\PSoC5/cyfitter_cfg.c **** * Function Name: AnalogSetDefault
 220:Generated_Source\PSoC5/cyfitter_cfg.c **** ********************************************************************************
 221:Generated_Source\PSoC5/cyfitter_cfg.c **** *
 222:Generated_Source\PSoC5/cyfitter_cfg.c **** * Summary:
 223:Generated_Source\PSoC5/cyfitter_cfg.c **** *  Sets up the analog portions of the chip to default values based on chip
 224:Generated_Source\PSoC5/cyfitter_cfg.c **** *  configuration options from the project.
 225:Generated_Source\PSoC5/cyfitter_cfg.c **** *
 226:Generated_Source\PSoC5/cyfitter_cfg.c **** * Parameters:
 227:Generated_Source\PSoC5/cyfitter_cfg.c **** *  void
 228:Generated_Source\PSoC5/cyfitter_cfg.c **** *
 229:Generated_Source\PSoC5/cyfitter_cfg.c **** * Return:
 230:Generated_Source\PSoC5/cyfitter_cfg.c **** *  void
 231:Generated_Source\PSoC5/cyfitter_cfg.c **** *
 232:Generated_Source\PSoC5/cyfitter_cfg.c **** *******************************************************************************/
 233:Generated_Source\PSoC5/cyfitter_cfg.c **** static void AnalogSetDefault(void);
 234:Generated_Source\PSoC5/cyfitter_cfg.c **** static void AnalogSetDefault(void)
 235:Generated_Source\PSoC5/cyfitter_cfg.c **** {
  46              		.loc 1 235 0
  47              		.cfi_startproc
  48              		@ args = 0, pretend = 0, frame = 0
  49              		@ frame_needed = 0, uses_anonymous_args = 0
  50              		@ link register save eliminated.
ARM GAS  C:\Users\user\AppData\Local\Temp\ccLEBc6b.s 			page 6


 236:Generated_Source\PSoC5/cyfitter_cfg.c **** 	uint8 bg_xover_inl_trim = CY_GET_XTND_REG8((void CYFAR *)(CYREG_FLSHID_MFG_CFG_BG_XOVER_INL_TRIM +
  51              		.loc 1 236 0
  52 0000 0E4B     		ldr	r3, .L4
  53 0002 1B78     		ldrb	r3, [r3]	@ zero_extendqisi2
  54 0004 DBB2     		uxtb	r3, r3
  55              	.LVL1:
 237:Generated_Source\PSoC5/cyfitter_cfg.c **** 	CY_SET_XTND_REG8((void CYFAR *)(CYREG_BG_DFT0), (bg_xover_inl_trim & 0x07u));
  56              		.loc 1 237 0
  57 0006 03F00701 		and	r1, r3, #7
  58 000a 0D4A     		ldr	r2, .L4+4
  59 000c 1170     		strb	r1, [r2]
 238:Generated_Source\PSoC5/cyfitter_cfg.c **** 	CY_SET_XTND_REG8((void CYFAR *)(CYREG_BG_DFT1), ((bg_xover_inl_trim >> 4) & 0x0Fu));
  60              		.loc 1 238 0
  61 000e 1B09     		lsrs	r3, r3, #4
  62              	.LVL2:
  63 0010 0132     		adds	r2, r2, #1
  64 0012 1370     		strb	r3, [r2]
 239:Generated_Source\PSoC5/cyfitter_cfg.c **** 	CY_SET_XTND_REG8((void CYFAR *)CYREG_PRT0_AG, 0x10u);
  65              		.loc 1 239 0
  66 0014 1021     		movs	r1, #16
  67 0016 0B4B     		ldr	r3, .L4+8
  68 0018 1970     		strb	r1, [r3]
 240:Generated_Source\PSoC5/cyfitter_cfg.c **** 	CY_SET_XTND_REG8((void CYFAR *)CYREG_SC2_SW0, 0x02u);
  69              		.loc 1 240 0
  70 001a 0222     		movs	r2, #2
  71 001c 03F61313 		addw	r3, r3, #2323
  72 0020 1A70     		strb	r2, [r3]
 241:Generated_Source\PSoC5/cyfitter_cfg.c **** 	CY_SET_XTND_REG8((void CYFAR *)CYREG_SC2_SW4, 0x20u);
  73              		.loc 1 241 0
  74 0022 2023     		movs	r3, #32
  75 0024 0848     		ldr	r0, .L4+12
  76 0026 0370     		strb	r3, [r0]
 242:Generated_Source\PSoC5/cyfitter_cfg.c **** 	CY_SET_XTND_REG8((void CYFAR *)CYREG_SC2_SW8, 0x10u);
  77              		.loc 1 242 0
  78 0028 0430     		adds	r0, r0, #4
  79 002a 0170     		strb	r1, [r0]
 243:Generated_Source\PSoC5/cyfitter_cfg.c **** 	CY_SET_XTND_REG8((void CYFAR *)CYREG_DAC0_SW4, 0x02u);
  80              		.loc 1 243 0
  81 002c 0749     		ldr	r1, .L4+16
  82 002e 0A70     		strb	r2, [r1]
 244:Generated_Source\PSoC5/cyfitter_cfg.c **** 	CY_SET_XTND_REG8((void CYFAR *)CYREG_DAC2_SW0, 0x20u);
  83              		.loc 1 244 0
  84 0030 074A     		ldr	r2, .L4+20
  85 0032 1370     		strb	r3, [r2]
 245:Generated_Source\PSoC5/cyfitter_cfg.c **** 	CY_SET_XTND_REG8((void CYFAR *)CYREG_PUMP_CR0, 0x44u);
  86              		.loc 1 245 0
  87 0034 4422     		movs	r2, #68
  88 0036 074B     		ldr	r3, .L4+24
  89 0038 1A70     		strb	r2, [r3]
  90 003a 7047     		bx	lr
  91              	.L5:
  92              		.align	2
  93              	.L4:
  94 003c CF010049 		.word	1224737231
  95 0040 6E580040 		.word	1073764462
  96 0044 0D510040 		.word	1073762573
  97 0048 245A0040 		.word	1073764900
ARM GAS  C:\Users\user\AppData\Local\Temp\ccLEBc6b.s 			page 7


  98 004c 845A0040 		.word	1073764996
  99 0050 905A0040 		.word	1073765008
 100 0054 76580040 		.word	1073764470
 101              		.cfi_endproc
 102              	.LFE5:
 103              		.size	AnalogSetDefault, .-AnalogSetDefault
 104              		.section	.text.CYMEMZERO,"ax",%progbits
 105              		.align	2
 106              		.thumb
 107              		.thumb_func
 108              		.type	CYMEMZERO, %function
 109              	CYMEMZERO:
 110              	.LFB0:
  78:Generated_Source\PSoC5/cyfitter_cfg.c **** 	(void)memset(s, 0, n);
 111              		.loc 1 78 0
 112              		.cfi_startproc
 113              		@ args = 0, pretend = 0, frame = 0
 114              		@ frame_needed = 0, uses_anonymous_args = 0
 115              	.LVL3:
 116 0000 08B5     		push	{r3, lr}
 117              		.cfi_def_cfa_offset 8
 118              		.cfi_offset 3, -8
 119              		.cfi_offset 14, -4
  79:Generated_Source\PSoC5/cyfitter_cfg.c **** }
 120              		.loc 1 79 0
 121 0002 0A46     		mov	r2, r1
 122 0004 0021     		movs	r1, #0
 123              	.LVL4:
 124 0006 FFF7FEFF 		bl	memset
 125              	.LVL5:
 126 000a 08BD     		pop	{r3, pc}
 127              		.cfi_endproc
 128              	.LFE0:
 129              		.size	CYMEMZERO, .-CYMEMZERO
 130              		.section	.text.ClockSetup,"ax",%progbits
 131              		.align	2
 132              		.thumb
 133              		.thumb_func
 134              		.type	ClockSetup, %function
 135              	ClockSetup:
 136              	.LFB4:
 176:Generated_Source\PSoC5/cyfitter_cfg.c **** 	uint32 timeout;
 137              		.loc 1 176 0
 138              		.cfi_startproc
 139              		@ args = 0, pretend = 0, frame = 0
 140              		@ frame_needed = 0, uses_anonymous_args = 0
 141 0000 38B5     		push	{r3, r4, r5, lr}
 142              		.cfi_def_cfa_offset 16
 143              		.cfi_offset 3, -16
 144              		.cfi_offset 4, -12
 145              		.cfi_offset 5, -8
 146              		.cfi_offset 14, -4
 182:Generated_Source\PSoC5/cyfitter_cfg.c **** 	CY_SET_XTND_REG8((void CYFAR *)(CYREG_CLKDIST_CR), 0x08u);
 147              		.loc 1 182 0
 148 0002 0222     		movs	r2, #2
 149 0004 1E4B     		ldr	r3, .L14
 150 0006 1A70     		strb	r2, [r3]
ARM GAS  C:\Users\user\AppData\Local\Temp\ccLEBc6b.s 			page 8


 183:Generated_Source\PSoC5/cyfitter_cfg.c **** 
 151              		.loc 1 183 0
 152 0008 0822     		movs	r2, #8
 153 000a 4FF04023 		mov	r3, #1073758208
 154 000e 1A70     		strb	r2, [r3]
 186:Generated_Source\PSoC5/cyfitter_cfg.c **** 	CY_SET_XTND_REG8((void CYFAR *)(CYREG_IMO_TR1), (CY_GET_XTND_REG8((void CYFAR *)CYREG_FLSHID_CUST_
 155              		.loc 1 186 0
 156 0010 0321     		movs	r1, #3
 157 0012 03F50073 		add	r3, r3, #512
 158 0016 1970     		strb	r1, [r3]
 187:Generated_Source\PSoC5/cyfitter_cfg.c **** 
 159              		.loc 1 187 0
 160 0018 1A4B     		ldr	r3, .L14+4
 161 001a 1B78     		ldrb	r3, [r3]	@ zero_extendqisi2
 162 001c DBB2     		uxtb	r3, r3
 163 001e 1A49     		ldr	r1, .L14+8
 164 0020 0B70     		strb	r3, [r1]
 190:Generated_Source\PSoC5/cyfitter_cfg.c **** 	CY_SET_XTND_REG16((void CYFAR *)(CYREG_FASTCLK_PLL_CFG0), 0x1251u);
 165              		.loc 1 190 0
 166 0022 1A4B     		ldr	r3, .L14+12
 167 0024 1A80     		strh	r2, [r3]	@ movhi
 191:Generated_Source\PSoC5/cyfitter_cfg.c **** 	/* Wait up to 250us for the PLL to lock */
 168              		.loc 1 191 0
 169 0026 41F25122 		movw	r2, #4689
 170 002a 023B     		subs	r3, r3, #2
 171 002c 1A80     		strh	r2, [r3]	@ movhi
 172              	.LVL6:
 193:Generated_Source\PSoC5/cyfitter_cfg.c **** 	for (timeout = 250u / 10u; (timeout > 0u) && (pllLock != 0x03u); timeout--)
 173              		.loc 1 193 0
 174 002e 0024     		movs	r4, #0
 194:Generated_Source\PSoC5/cyfitter_cfg.c **** 	{ 
 175              		.loc 1 194 0
 176 0030 1925     		movs	r5, #25
 177 0032 0CE0     		b	.L9
 178              	.LVL7:
 179              	.L11:
 196:Generated_Source\PSoC5/cyfitter_cfg.c **** 		CyDelayCycles(10u * 48u); /* Delay 10us based on 48MHz clock */
 180              		.loc 1 196 0 discriminator 4
 181 0034 164B     		ldr	r3, .L14+16
 182 0036 1B78     		ldrb	r3, [r3]	@ zero_extendqisi2
 183 0038 03F00103 		and	r3, r3, #1
 184 003c 43EA4404 		orr	r4, r3, r4, lsl #1
 185              	.LVL8:
 186 0040 04F00304 		and	r4, r4, #3
 187              	.LVL9:
 197:Generated_Source\PSoC5/cyfitter_cfg.c **** 	}
 188              		.loc 1 197 0 discriminator 4
 189 0044 4FF4F070 		mov	r0, #480
 190 0048 FFF7FEFF 		bl	CyDelayCycles
 191              	.LVL10:
 194:Generated_Source\PSoC5/cyfitter_cfg.c **** 	{ 
 192              		.loc 1 194 0 discriminator 4
 193 004c 013D     		subs	r5, r5, #1
 194              	.LVL11:
 195              	.L9:
 194:Generated_Source\PSoC5/cyfitter_cfg.c **** 	{ 
 196              		.loc 1 194 0 is_stmt 0 discriminator 1
ARM GAS  C:\Users\user\AppData\Local\Temp\ccLEBc6b.s 			page 9


 197 004e 0DB1     		cbz	r5, .L10
 194:Generated_Source\PSoC5/cyfitter_cfg.c **** 	{ 
 198              		.loc 1 194 0 discriminator 3
 199 0050 032C     		cmp	r4, #3
 200 0052 EFD1     		bne	.L11
 201              	.L10:
 200:Generated_Source\PSoC5/cyfitter_cfg.c **** 	{
 202              		.loc 1 200 0 is_stmt 1
 203 0054 15B9     		cbnz	r5, .L12
 202:Generated_Source\PSoC5/cyfitter_cfg.c **** 	}
 204              		.loc 1 202 0
 205 0056 0320     		movs	r0, #3
 206 0058 FFF7FEFF 		bl	CyClockStartupError
 207              	.LVL12:
 208              	.L12:
 206:Generated_Source\PSoC5/cyfitter_cfg.c **** 	CY_SET_XTND_REG8((void CYFAR *)(CYREG_CLKDIST_MSTR0), 0x07u);
 209              		.loc 1 206 0
 210 005c 0D4B     		ldr	r3, .L14+20
 211 005e 4FF48072 		mov	r2, #256
 212 0062 1A80     		strh	r2, [r3]	@ movhi
 207:Generated_Source\PSoC5/cyfitter_cfg.c **** 	CY_SET_XTND_REG8((void CYFAR *)(CYREG_CLKDIST_BCFG0), 0x00u);
 213              		.loc 1 207 0
 214 0064 0722     		movs	r2, #7
 215 0066 1A70     		strb	r2, [r3]
 208:Generated_Source\PSoC5/cyfitter_cfg.c **** 	CY_SET_XTND_REG8((void CYFAR *)(CYREG_CLKDIST_BCFG2), 0x48u);
 216              		.loc 1 208 0
 217 0068 0022     		movs	r2, #0
 218 006a 0B49     		ldr	r1, .L14+24
 219 006c 0A70     		strb	r2, [r1]
 209:Generated_Source\PSoC5/cyfitter_cfg.c **** 	CY_SET_XTND_REG8((void CYFAR *)(CYREG_CLKDIST_MSTR0), 0x00u);
 220              		.loc 1 209 0
 221 006e 4820     		movs	r0, #72
 222 0070 0231     		adds	r1, r1, #2
 223 0072 0870     		strb	r0, [r1]
 210:Generated_Source\PSoC5/cyfitter_cfg.c **** 	CY_SET_XTND_REG8((void CYFAR *)(CYREG_CLKDIST_LD), 0x02u);
 224              		.loc 1 210 0
 225 0074 1A70     		strb	r2, [r3]
 211:Generated_Source\PSoC5/cyfitter_cfg.c **** }
 226              		.loc 1 211 0
 227 0076 0222     		movs	r2, #2
 228 0078 033B     		subs	r3, r3, #3
 229 007a 1A70     		strb	r2, [r3]
 230 007c 38BD     		pop	{r3, r4, r5, pc}
 231              	.LVL13:
 232              	.L15:
 233 007e 00BF     		.align	2
 234              	.L14:
 235 0080 00430040 		.word	1073758976
 236 0084 08010049 		.word	1224737032
 237 0088 A1460040 		.word	1073759905
 238 008c 22420040 		.word	1073758754
 239 0090 25420040 		.word	1073758757
 240 0094 04400040 		.word	1073758212
 241 0098 06400040 		.word	1073758214
 242              		.cfi_endproc
 243              	.LFE4:
 244              		.size	ClockSetup, .-ClockSetup
ARM GAS  C:\Users\user\AppData\Local\Temp\ccLEBc6b.s 			page 10


 245              		.section	.text.CYCONFIGCPY,"ax",%progbits
 246              		.align	2
 247              		.thumb
 248              		.thumb_func
 249              		.type	CYCONFIGCPY, %function
 250              	CYCONFIGCPY:
 251              	.LFB1:
  85:Generated_Source\PSoC5/cyfitter_cfg.c **** 	(void)memcpy(dest, src, n);
 252              		.loc 1 85 0
 253              		.cfi_startproc
 254              		@ args = 0, pretend = 0, frame = 0
 255              		@ frame_needed = 0, uses_anonymous_args = 0
 256              	.LVL14:
 257 0000 08B5     		push	{r3, lr}
 258              		.cfi_def_cfa_offset 8
 259              		.cfi_offset 3, -8
 260              		.cfi_offset 14, -4
  86:Generated_Source\PSoC5/cyfitter_cfg.c **** }
 261              		.loc 1 86 0
 262 0002 FFF7FEFF 		bl	memcpy
 263              	.LVL15:
 264 0006 08BD     		pop	{r3, pc}
 265              		.cfi_endproc
 266              	.LFE1:
 267              		.size	CYCONFIGCPY, .-CYCONFIGCPY
 268              		.section	.text.SetAnalogRoutingPumps,"ax",%progbits
 269              		.align	2
 270              		.global	SetAnalogRoutingPumps
 271              		.thumb
 272              		.thumb_func
 273              		.type	SetAnalogRoutingPumps, %function
 274              	SetAnalogRoutingPumps:
 275              	.LFB6:
 246:Generated_Source\PSoC5/cyfitter_cfg.c **** }
 247:Generated_Source\PSoC5/cyfitter_cfg.c **** 
 248:Generated_Source\PSoC5/cyfitter_cfg.c **** 
 249:Generated_Source\PSoC5/cyfitter_cfg.c **** /*******************************************************************************
 250:Generated_Source\PSoC5/cyfitter_cfg.c **** * Function Name: SetAnalogRoutingPumps
 251:Generated_Source\PSoC5/cyfitter_cfg.c **** ********************************************************************************
 252:Generated_Source\PSoC5/cyfitter_cfg.c **** *
 253:Generated_Source\PSoC5/cyfitter_cfg.c **** * Summary:
 254:Generated_Source\PSoC5/cyfitter_cfg.c **** * Enables or disables the analog pumps feeding analog routing switches.
 255:Generated_Source\PSoC5/cyfitter_cfg.c **** * Intended to be called at startup, based on the Vdda system configuration;
 256:Generated_Source\PSoC5/cyfitter_cfg.c **** * may be called during operation when the user informs us that the Vdda voltage
 257:Generated_Source\PSoC5/cyfitter_cfg.c **** * crossed the pump threshold.
 258:Generated_Source\PSoC5/cyfitter_cfg.c **** *
 259:Generated_Source\PSoC5/cyfitter_cfg.c **** * Parameters:
 260:Generated_Source\PSoC5/cyfitter_cfg.c **** *  enabled - 1 to enable the pumps, 0 to disable the pumps
 261:Generated_Source\PSoC5/cyfitter_cfg.c **** *
 262:Generated_Source\PSoC5/cyfitter_cfg.c **** * Return:
 263:Generated_Source\PSoC5/cyfitter_cfg.c **** *  void
 264:Generated_Source\PSoC5/cyfitter_cfg.c **** *
 265:Generated_Source\PSoC5/cyfitter_cfg.c **** *******************************************************************************/
 266:Generated_Source\PSoC5/cyfitter_cfg.c **** void SetAnalogRoutingPumps(uint8 enabled)
 267:Generated_Source\PSoC5/cyfitter_cfg.c **** {
 276              		.loc 1 267 0
 277              		.cfi_startproc
ARM GAS  C:\Users\user\AppData\Local\Temp\ccLEBc6b.s 			page 11


 278              		@ args = 0, pretend = 0, frame = 0
 279              		@ frame_needed = 0, uses_anonymous_args = 0
 280              		@ link register save eliminated.
 281              	.LVL16:
 268:Generated_Source\PSoC5/cyfitter_cfg.c **** 	uint8 regValue = CY_GET_XTND_REG8((void CYFAR *)CYREG_PUMP_CR0);
 282              		.loc 1 268 0
 283 0000 054B     		ldr	r3, .L21
 284 0002 1B78     		ldrb	r3, [r3]	@ zero_extendqisi2
 285 0004 DBB2     		uxtb	r3, r3
 286              	.LVL17:
 269:Generated_Source\PSoC5/cyfitter_cfg.c **** 	if (enabled != 0u)
 287              		.loc 1 269 0
 288 0006 10B1     		cbz	r0, .L19
 270:Generated_Source\PSoC5/cyfitter_cfg.c **** 	{
 271:Generated_Source\PSoC5/cyfitter_cfg.c **** 		regValue |= 0x22u;
 289              		.loc 1 271 0
 290 0008 43F02203 		orr	r3, r3, #34
 291              	.LVL18:
 292 000c 01E0     		b	.L20
 293              	.L19:
 272:Generated_Source\PSoC5/cyfitter_cfg.c **** 	}
 273:Generated_Source\PSoC5/cyfitter_cfg.c **** 	else
 274:Generated_Source\PSoC5/cyfitter_cfg.c **** 	{
 275:Generated_Source\PSoC5/cyfitter_cfg.c **** 		regValue &= (uint8)~0x22u;
 294              		.loc 1 275 0
 295 000e 03F0DD03 		and	r3, r3, #221
 296              	.LVL19:
 297              	.L20:
 276:Generated_Source\PSoC5/cyfitter_cfg.c **** 	}
 277:Generated_Source\PSoC5/cyfitter_cfg.c **** 	CY_SET_XTND_REG8((void CYFAR *)CYREG_PUMP_CR0, regValue);
 298              		.loc 1 277 0
 299 0012 014A     		ldr	r2, .L21
 300 0014 1370     		strb	r3, [r2]
 301 0016 7047     		bx	lr
 302              	.L22:
 303              		.align	2
 304              	.L21:
 305 0018 76580040 		.word	1073764470
 306              		.cfi_endproc
 307              	.LFE6:
 308              		.size	SetAnalogRoutingPumps, .-SetAnalogRoutingPumps
 309              		.section	.text.cyfitter_cfg,"ax",%progbits
 310              		.align	2
 311              		.global	cyfitter_cfg
 312              		.thumb
 313              		.thumb_func
 314              		.type	cyfitter_cfg, %function
 315              	cyfitter_cfg:
 316              	.LFB7:
 278:Generated_Source\PSoC5/cyfitter_cfg.c **** }
 279:Generated_Source\PSoC5/cyfitter_cfg.c **** 
 280:Generated_Source\PSoC5/cyfitter_cfg.c **** 
 281:Generated_Source\PSoC5/cyfitter_cfg.c **** 
 282:Generated_Source\PSoC5/cyfitter_cfg.c **** 
 283:Generated_Source\PSoC5/cyfitter_cfg.c **** /*******************************************************************************
 284:Generated_Source\PSoC5/cyfitter_cfg.c **** * Function Name: cyfitter_cfg
 285:Generated_Source\PSoC5/cyfitter_cfg.c **** ********************************************************************************
ARM GAS  C:\Users\user\AppData\Local\Temp\ccLEBc6b.s 			page 12


 286:Generated_Source\PSoC5/cyfitter_cfg.c **** * Summary:
 287:Generated_Source\PSoC5/cyfitter_cfg.c **** *  This function is called by the start-up code for the selected device. It
 288:Generated_Source\PSoC5/cyfitter_cfg.c **** *  performs all of the necessary device configuration based on the design
 289:Generated_Source\PSoC5/cyfitter_cfg.c **** *  settings.  This includes settings from the Design Wide Resources (DWR) such
 290:Generated_Source\PSoC5/cyfitter_cfg.c **** *  as Clocks and Pins as well as any component configuration that is necessary.
 291:Generated_Source\PSoC5/cyfitter_cfg.c **** *
 292:Generated_Source\PSoC5/cyfitter_cfg.c **** * Parameters:
 293:Generated_Source\PSoC5/cyfitter_cfg.c **** *   void
 294:Generated_Source\PSoC5/cyfitter_cfg.c **** *
 295:Generated_Source\PSoC5/cyfitter_cfg.c **** * Return:
 296:Generated_Source\PSoC5/cyfitter_cfg.c **** *   void
 297:Generated_Source\PSoC5/cyfitter_cfg.c **** *
 298:Generated_Source\PSoC5/cyfitter_cfg.c **** *******************************************************************************/
 299:Generated_Source\PSoC5/cyfitter_cfg.c **** 
 300:Generated_Source\PSoC5/cyfitter_cfg.c **** void cyfitter_cfg(void)
 301:Generated_Source\PSoC5/cyfitter_cfg.c **** {
 317              		.loc 1 301 0
 318              		.cfi_startproc
 319              		@ args = 0, pretend = 0, frame = 0
 320              		@ frame_needed = 0, uses_anonymous_args = 0
 321 0000 38B5     		push	{r3, r4, r5, lr}
 322              		.cfi_def_cfa_offset 16
 323              		.cfi_offset 3, -16
 324              		.cfi_offset 4, -12
 325              		.cfi_offset 5, -8
 326              		.cfi_offset 14, -4
 302:Generated_Source\PSoC5/cyfitter_cfg.c **** #ifdef CYGlobalIntDisable
 303:Generated_Source\PSoC5/cyfitter_cfg.c **** 	/* Disable interrupts by default. Let user enable if/when they want. */
 304:Generated_Source\PSoC5/cyfitter_cfg.c **** 	CYGlobalIntDisable
 327              		.loc 1 304 0
 328              		.syntax unified
 329              	@ 304 "Generated_Source\PSoC5\cyfitter_cfg.c" 1
 330 0002 72B6     		CPSID   i
 331              	@ 0 "" 2
 305:Generated_Source\PSoC5/cyfitter_cfg.c **** #endif
 306:Generated_Source\PSoC5/cyfitter_cfg.c **** 
 307:Generated_Source\PSoC5/cyfitter_cfg.c **** 	/* Enable/Disable Debug functionality based on settings from System DWR */
 308:Generated_Source\PSoC5/cyfitter_cfg.c **** 	CY_SET_XTND_REG8((void CYFAR *)CYREG_MLOGIC_DEBUG, (CY_GET_XTND_REG8((void CYFAR *)CYREG_MLOGIC_DE
 332              		.loc 1 308 0
 333              		.thumb
 334              		.syntax unified
 335 0004 204A     		ldr	r2, .L27
 336 0006 1378     		ldrb	r3, [r2]	@ zero_extendqisi2
 337 0008 43F00403 		orr	r3, r3, #4
 338 000c 1370     		strb	r3, [r2]
 339              	.LVL20:
 340              	.LBB2:
 309:Generated_Source\PSoC5/cyfitter_cfg.c **** 
 310:Generated_Source\PSoC5/cyfitter_cfg.c **** 	{
 311:Generated_Source\PSoC5/cyfitter_cfg.c **** 
 312:Generated_Source\PSoC5/cyfitter_cfg.c **** 		CYPACKED typedef struct {
 313:Generated_Source\PSoC5/cyfitter_cfg.c **** 			void CYFAR *address;
 314:Generated_Source\PSoC5/cyfitter_cfg.c **** 			uint16 size;
 315:Generated_Source\PSoC5/cyfitter_cfg.c **** 		} CYPACKED_ATTR cfg_memset_t;
 316:Generated_Source\PSoC5/cyfitter_cfg.c **** 
 317:Generated_Source\PSoC5/cyfitter_cfg.c **** 		static const cfg_memset_t CYCODE cfg_memset_list[] = {
 318:Generated_Source\PSoC5/cyfitter_cfg.c **** 			/* address, size */
ARM GAS  C:\Users\user\AppData\Local\Temp\ccLEBc6b.s 			page 13


 319:Generated_Source\PSoC5/cyfitter_cfg.c **** 			{(void CYFAR *)(CYREG_PRT2_DR), 80u},
 320:Generated_Source\PSoC5/cyfitter_cfg.c **** 			{(void CYFAR *)(CYREG_PRT12_DR), 16u},
 321:Generated_Source\PSoC5/cyfitter_cfg.c **** 			{(void CYFAR *)(CYREG_PRT15_DR), 16u},
 322:Generated_Source\PSoC5/cyfitter_cfg.c **** 			{(void CYFAR *)(CYDEV_UCFG_B0_P0_U0_BASE), 4096u},
 323:Generated_Source\PSoC5/cyfitter_cfg.c **** 			{(void CYFAR *)(CYDEV_UCFG_B1_P2_U0_BASE), 2048u},
 324:Generated_Source\PSoC5/cyfitter_cfg.c **** 			{(void CYFAR *)(CYDEV_UCFG_DSI0_BASE), 2560u},
 325:Generated_Source\PSoC5/cyfitter_cfg.c **** 			{(void CYFAR *)(CYDEV_UCFG_DSI12_BASE), 512u},
 326:Generated_Source\PSoC5/cyfitter_cfg.c **** 			{(void CYFAR *)(CYREG_BCTL0_MDCLK_EN), 32u},
 327:Generated_Source\PSoC5/cyfitter_cfg.c **** 		};
 328:Generated_Source\PSoC5/cyfitter_cfg.c **** 
 329:Generated_Source\PSoC5/cyfitter_cfg.c **** 		uint8 CYDATA i;
 330:Generated_Source\PSoC5/cyfitter_cfg.c **** 
 331:Generated_Source\PSoC5/cyfitter_cfg.c **** 		/* Zero out critical memory blocks before beginning configuration */
 332:Generated_Source\PSoC5/cyfitter_cfg.c **** 		for (i = 0u; i < (sizeof(cfg_memset_list)/sizeof(cfg_memset_list[0])); i++)
 341              		.loc 1 332 0
 342 000e 0024     		movs	r4, #0
 343 0010 0CE0     		b	.L24
 344              	.LVL21:
 345              	.L25:
 346              	.LBB3:
 333:Generated_Source\PSoC5/cyfitter_cfg.c **** 		{
 334:Generated_Source\PSoC5/cyfitter_cfg.c **** 			const cfg_memset_t CYCODE * CYDATA ms = &cfg_memset_list[i];
 335:Generated_Source\PSoC5/cyfitter_cfg.c **** 			CYMEMZERO(ms->address, (size_t)(uint32)(ms->size));
 347              		.loc 1 335 0 discriminator 3
 348 0012 1E4D     		ldr	r5, .L27+4
 349 0014 6300     		lsls	r3, r4, #1
 350 0016 1919     		adds	r1, r3, r4
 351 0018 4A00     		lsls	r2, r1, #1
 352 001a 1146     		mov	r1, r2
 353 001c 2A44     		add	r2, r2, r5
 354 001e 0846     		mov	r0, r1
 355 0020 9188     		ldrh	r1, [r2, #4]
 356 0022 2858     		ldr	r0, [r5, r0]	@ unaligned
 357 0024 FFF7FEFF 		bl	CYMEMZERO
 358              	.LVL22:
 359              	.LBE3:
 332:Generated_Source\PSoC5/cyfitter_cfg.c **** 		{
 360              		.loc 1 332 0 discriminator 3
 361 0028 0134     		adds	r4, r4, #1
 362              	.LVL23:
 363 002a E4B2     		uxtb	r4, r4
 364              	.LVL24:
 365              	.L24:
 332:Generated_Source\PSoC5/cyfitter_cfg.c **** 		{
 366              		.loc 1 332 0 is_stmt 0 discriminator 1
 367 002c 072C     		cmp	r4, #7
 368 002e F0D9     		bls	.L25
 336:Generated_Source\PSoC5/cyfitter_cfg.c **** 		}
 337:Generated_Source\PSoC5/cyfitter_cfg.c **** 
 338:Generated_Source\PSoC5/cyfitter_cfg.c **** 		/* Enable digital routing */
 339:Generated_Source\PSoC5/cyfitter_cfg.c **** 		CY_SET_XTND_REG8((void CYFAR *)CYREG_BCTL0_BANK_CTL, CY_GET_XTND_REG8((void CYFAR *)CYREG_BCTL0_B
 369              		.loc 1 339 0 is_stmt 1
 370 0030 174A     		ldr	r2, .L27+8
 371 0032 1378     		ldrb	r3, [r2]	@ zero_extendqisi2
 372 0034 43F00203 		orr	r3, r3, #2
 373 0038 1370     		strb	r3, [r2]
 340:Generated_Source\PSoC5/cyfitter_cfg.c **** 		CY_SET_XTND_REG8((void CYFAR *)CYREG_BCTL1_BANK_CTL, CY_GET_XTND_REG8((void CYFAR *)CYREG_BCTL1_B
ARM GAS  C:\Users\user\AppData\Local\Temp\ccLEBc6b.s 			page 14


 374              		.loc 1 340 0
 375 003a 1032     		adds	r2, r2, #16
 376 003c 1378     		ldrb	r3, [r2]	@ zero_extendqisi2
 377 003e 43F00203 		orr	r3, r3, #2
 378 0042 1370     		strb	r3, [r2]
 379              	.LBE2:
 341:Generated_Source\PSoC5/cyfitter_cfg.c **** 	}
 342:Generated_Source\PSoC5/cyfitter_cfg.c **** 
 343:Generated_Source\PSoC5/cyfitter_cfg.c **** 
 344:Generated_Source\PSoC5/cyfitter_cfg.c **** 	/* Perform second pass device configuration. These items must be configured in specific order afte
 345:Generated_Source\PSoC5/cyfitter_cfg.c **** 	CYCONFIGCPY((void CYFAR *)(CYREG_PRT0_DM0), (const void CYFAR *)(BS_IOPINS0_0_VAL), 8u);
 380              		.loc 1 345 0
 381 0044 0822     		movs	r2, #8
 382 0046 4FF09041 		mov	r1, #1207959552
 383 004a 1248     		ldr	r0, .L27+12
 384 004c FFF7FEFF 		bl	CYCONFIGCPY
 385              	.LVL25:
 346:Generated_Source\PSoC5/cyfitter_cfg.c **** 	CYCONFIGCPY((void CYFAR *)(CYREG_PRT1_DM0), (const void CYFAR *)(BS_IOPINS0_1_VAL), 8u);
 386              		.loc 1 346 0
 387 0050 0822     		movs	r2, #8
 388 0052 1149     		ldr	r1, .L27+16
 389 0054 1148     		ldr	r0, .L27+20
 390 0056 FFF7FEFF 		bl	CYCONFIGCPY
 391              	.LVL26:
 347:Generated_Source\PSoC5/cyfitter_cfg.c **** 	/* Switch Boost to the precision bandgap reference from its internal reference */
 348:Generated_Source\PSoC5/cyfitter_cfg.c **** 	CY_SET_REG8((void CYXDATA *)CYREG_BOOST_CR2, (CY_GET_REG8((void CYXDATA *)CYREG_BOOST_CR2) | 0x08u
 392              		.loc 1 348 0
 393 005a 114A     		ldr	r2, .L27+24
 394 005c 1378     		ldrb	r3, [r2]	@ zero_extendqisi2
 395 005e 43F00803 		orr	r3, r3, #8
 396 0062 1370     		strb	r3, [r2]
 349:Generated_Source\PSoC5/cyfitter_cfg.c **** 
 350:Generated_Source\PSoC5/cyfitter_cfg.c **** 	/* Set Flash Cycles based on max possible frequency in case a glitch occurs during ClockSetup(). *
 351:Generated_Source\PSoC5/cyfitter_cfg.c **** 	CY_SET_XTND_REG8((void CYFAR *)(CYREG_CACHE_CC_CTL), (((CYDEV_INSTRUCT_CACHE_ENABLED) != 0) ? 0x61
 397              		.loc 1 351 0
 398 0064 0F4C     		ldr	r4, .L27+28
 399              	.LVL27:
 400 0066 6123     		movs	r3, #97
 401 0068 2370     		strb	r3, [r4]
 352:Generated_Source\PSoC5/cyfitter_cfg.c **** 	/* Setup clocks based on selections from Clock DWR */
 353:Generated_Source\PSoC5/cyfitter_cfg.c **** 	ClockSetup();
 402              		.loc 1 353 0
 403 006a FFF7FEFF 		bl	ClockSetup
 404              	.LVL28:
 354:Generated_Source\PSoC5/cyfitter_cfg.c **** 	/* Set Flash Cycles based on newly configured 24.00MHz Bus Clock. */
 355:Generated_Source\PSoC5/cyfitter_cfg.c **** 	CY_SET_XTND_REG8((void CYFAR *)(CYREG_CACHE_CC_CTL), (((CYDEV_INSTRUCT_CACHE_ENABLED) != 0) ? 0x81
 405              		.loc 1 355 0
 406 006e 8123     		movs	r3, #129
 407 0070 2370     		strb	r3, [r4]
 356:Generated_Source\PSoC5/cyfitter_cfg.c **** 	CY_SET_XTND_REG8((void CYFAR *)(CYREG_PANTHER_WAITPIPE), 0x01u);
 408              		.loc 1 356 0
 409 0072 0122     		movs	r2, #1
 410 0074 0C4B     		ldr	r3, .L27+32
 411 0076 1A70     		strb	r2, [r3]
 357:Generated_Source\PSoC5/cyfitter_cfg.c **** 
 358:Generated_Source\PSoC5/cyfitter_cfg.c **** 	/* Perform basic analog initialization to defaults */
 359:Generated_Source\PSoC5/cyfitter_cfg.c **** 	AnalogSetDefault();
ARM GAS  C:\Users\user\AppData\Local\Temp\ccLEBc6b.s 			page 15


 412              		.loc 1 359 0
 413 0078 FFF7FEFF 		bl	AnalogSetDefault
 414              	.LVL29:
 360:Generated_Source\PSoC5/cyfitter_cfg.c **** 
 361:Generated_Source\PSoC5/cyfitter_cfg.c **** 	/* Configure alternate active mode */
 362:Generated_Source\PSoC5/cyfitter_cfg.c **** 	CYCONFIGCPY((void CYFAR *)CYDEV_PM_STBY_BASE, (const void CYFAR *)CYDEV_PM_ACT_BASE, 14u);
 415              		.loc 1 362 0
 416 007c 0E22     		movs	r2, #14
 417 007e 0B49     		ldr	r1, .L27+36
 418 0080 0B48     		ldr	r0, .L27+40
 419 0082 FFF7FEFF 		bl	CYCONFIGCPY
 420              	.LVL30:
 421 0086 38BD     		pop	{r3, r4, r5, pc}
 422              	.L28:
 423              		.align	2
 424              	.L27:
 425 0088 E8460040 		.word	1073759976
 426 008c 00000000 		.word	.LANCHOR0
 427 0090 03500140 		.word	1073827843
 428 0094 02510040 		.word	1073762562
 429 0098 08000048 		.word	1207959560
 430 009c 12510040 		.word	1073762578
 431 00a0 22430040 		.word	1073759010
 432 00a4 00480040 		.word	1073760256
 433 00a8 04000840 		.word	1074266116
 434 00ac A0430040 		.word	1073759136
 435 00b0 B0430040 		.word	1073759152
 436              		.cfi_endproc
 437              	.LFE7:
 438              		.size	cyfitter_cfg, .-cyfitter_cfg
 439              		.section	.rodata
 440              		.align	2
 441              		.set	.LANCHOR0,. + 0
 442              		.type	cfg_memset_list.4992, %object
 443              		.size	cfg_memset_list.4992, 48
 444              	cfg_memset_list.4992:
 445 0000 20510040 		.word	1073762592
 446 0004 5000     		.short	80
 447 0006 C0510040 		.4byte	1073762752
 448 000a 1000     		.short	16
 449 000c F0510040 		.word	1073762800
 450 0010 1000     		.short	16
 451 0012 00000140 		.4byte	1073807360
 452 0016 0010     		.short	4096
 453 0018 00140140 		.word	1073812480
 454 001c 0008     		.short	2048
 455 001e 00400140 		.4byte	1073823744
 456 0022 000A     		.short	2560
 457 0024 004C0140 		.word	1073826816
 458 0028 0002     		.short	512
 459 002a 00500140 		.4byte	1073827840
 460 002e 2000     		.short	32
 461              		.text
 462              	.Letext0:
 463              		.file 2 "c:\\program files (x86)\\cypress\\psoc creator\\4.4\\psoc creator\\import\\gnu\\arm\\5.4.
 464              		.file 3 "Generated_Source\\PSoC5\\cytypes.h"
 465              		.file 4 "Generated_Source\\PSoC5\\CyLib.h"
ARM GAS  C:\Users\user\AppData\Local\Temp\ccLEBc6b.s 			page 16


 466              		.section	.debug_info,"",%progbits
 467              	.Ldebug_info0:
 468 0000 CD030000 		.4byte	0x3cd
 469 0004 0400     		.2byte	0x4
 470 0006 00000000 		.4byte	.Ldebug_abbrev0
 471 000a 04       		.byte	0x4
 472 000b 01       		.uleb128 0x1
 473 000c 8E000000 		.4byte	.LASF39
 474 0010 0C       		.byte	0xc
 475 0011 4E020000 		.4byte	.LASF40
 476 0015 75010000 		.4byte	.LASF41
 477 0019 00000000 		.4byte	.Ldebug_ranges0+0
 478 001d 00000000 		.4byte	0
 479 0021 00000000 		.4byte	.Ldebug_line0
 480 0025 02       		.uleb128 0x2
 481 0026 04       		.byte	0x4
 482 0027 05       		.byte	0x5
 483 0028 696E7400 		.ascii	"int\000"
 484 002c 03       		.uleb128 0x3
 485 002d 14000000 		.4byte	.LASF12
 486 0031 02       		.byte	0x2
 487 0032 D8       		.byte	0xd8
 488 0033 37000000 		.4byte	0x37
 489 0037 04       		.uleb128 0x4
 490 0038 04       		.byte	0x4
 491 0039 07       		.byte	0x7
 492 003a FE010000 		.4byte	.LASF0
 493 003e 04       		.uleb128 0x4
 494 003f 08       		.byte	0x8
 495 0040 05       		.byte	0x5
 496 0041 40020000 		.4byte	.LASF1
 497 0045 04       		.uleb128 0x4
 498 0046 08       		.byte	0x8
 499 0047 04       		.byte	0x4
 500 0048 9B020000 		.4byte	.LASF2
 501 004c 04       		.uleb128 0x4
 502 004d 01       		.byte	0x1
 503 004e 06       		.byte	0x6
 504 004f B9020000 		.4byte	.LASF3
 505 0053 04       		.uleb128 0x4
 506 0054 01       		.byte	0x1
 507 0055 08       		.byte	0x8
 508 0056 59010000 		.4byte	.LASF4
 509 005a 04       		.uleb128 0x4
 510 005b 02       		.byte	0x2
 511 005c 05       		.byte	0x5
 512 005d 7B020000 		.4byte	.LASF5
 513 0061 04       		.uleb128 0x4
 514 0062 02       		.byte	0x2
 515 0063 07       		.byte	0x7
 516 0064 4F000000 		.4byte	.LASF6
 517 0068 04       		.uleb128 0x4
 518 0069 04       		.byte	0x4
 519 006a 05       		.byte	0x5
 520 006b 8D020000 		.4byte	.LASF7
 521 006f 04       		.uleb128 0x4
 522 0070 04       		.byte	0x4
ARM GAS  C:\Users\user\AppData\Local\Temp\ccLEBc6b.s 			page 17


 523 0071 07       		.byte	0x7
 524 0072 21010000 		.4byte	.LASF8
 525 0076 04       		.uleb128 0x4
 526 0077 08       		.byte	0x8
 527 0078 07       		.byte	0x7
 528 0079 13020000 		.4byte	.LASF9
 529 007d 04       		.uleb128 0x4
 530 007e 04       		.byte	0x4
 531 007f 07       		.byte	0x7
 532 0080 37020000 		.4byte	.LASF10
 533 0084 05       		.uleb128 0x5
 534 0085 04       		.byte	0x4
 535 0086 04       		.uleb128 0x4
 536 0087 01       		.byte	0x1
 537 0088 08       		.byte	0x8
 538 0089 96020000 		.4byte	.LASF11
 539 008d 06       		.uleb128 0x6
 540 008e 33010000 		.4byte	.LASF13
 541 0092 03       		.byte	0x3
 542 0093 E801     		.2byte	0x1e8
 543 0095 53000000 		.4byte	0x53
 544 0099 06       		.uleb128 0x6
 545 009a E6010000 		.4byte	.LASF14
 546 009e 03       		.byte	0x3
 547 009f E901     		.2byte	0x1e9
 548 00a1 61000000 		.4byte	0x61
 549 00a5 06       		.uleb128 0x6
 550 00a6 F7010000 		.4byte	.LASF15
 551 00aa 03       		.byte	0x3
 552 00ab EA01     		.2byte	0x1ea
 553 00ad 6F000000 		.4byte	0x6f
 554 00b1 04       		.uleb128 0x4
 555 00b2 04       		.byte	0x4
 556 00b3 04       		.byte	0x4
 557 00b4 6A000000 		.4byte	.LASF16
 558 00b8 04       		.uleb128 0x4
 559 00b9 08       		.byte	0x8
 560 00ba 04       		.byte	0x4
 561 00bb 6E010000 		.4byte	.LASF17
 562 00bf 06       		.uleb128 0x6
 563 00c0 1C010000 		.4byte	.LASF18
 564 00c4 03       		.byte	0x3
 565 00c5 9202     		.2byte	0x292
 566 00c7 CB000000 		.4byte	0xcb
 567 00cb 07       		.uleb128 0x7
 568 00cc 8D000000 		.4byte	0x8d
 569 00d0 06       		.uleb128 0x6
 570 00d1 00000000 		.4byte	.LASF19
 571 00d5 03       		.byte	0x3
 572 00d6 9302     		.2byte	0x293
 573 00d8 DC000000 		.4byte	0xdc
 574 00dc 07       		.uleb128 0x7
 575 00dd 99000000 		.4byte	0x99
 576 00e1 08       		.uleb128 0x8
 577 00e2 70000000 		.4byte	.LASF42
 578 00e6 01       		.byte	0x1
 579 00e7 7F       		.byte	0x7f
ARM GAS  C:\Users\user\AppData\Local\Temp\ccLEBc6b.s 			page 18


 580 00e8 00000000 		.4byte	.LFB3
 581 00ec 02000000 		.4byte	.LFE3-.LFB3
 582 00f0 01       		.uleb128 0x1
 583 00f1 9C       		.byte	0x9c
 584 00f2 04010000 		.4byte	0x104
 585 00f6 09       		.uleb128 0x9
 586 00f7 ED010000 		.4byte	.LASF22
 587 00fb 01       		.byte	0x1
 588 00fc 7F       		.byte	0x7f
 589 00fd 8D000000 		.4byte	0x8d
 590 0101 01       		.uleb128 0x1
 591 0102 50       		.byte	0x50
 592 0103 00       		.byte	0
 593 0104 0A       		.uleb128 0xa
 594 0105 1B000000 		.4byte	.LASF20
 595 0109 01       		.byte	0x1
 596 010a EA       		.byte	0xea
 597 010b 00000000 		.4byte	.LFB5
 598 010f 58000000 		.4byte	.LFE5-.LFB5
 599 0113 01       		.uleb128 0x1
 600 0114 9C       		.byte	0x9c
 601 0115 29010000 		.4byte	0x129
 602 0119 0B       		.uleb128 0xb
 603 011a A7020000 		.4byte	.LASF24
 604 011e 01       		.byte	0x1
 605 011f EC       		.byte	0xec
 606 0120 8D000000 		.4byte	0x8d
 607 0124 00000000 		.4byte	.LLST0
 608 0128 00       		.byte	0
 609 0129 0A       		.uleb128 0xa
 610 012a 39010000 		.4byte	.LASF21
 611 012e 01       		.byte	0x1
 612 012f 4D       		.byte	0x4d
 613 0130 00000000 		.4byte	.LFB0
 614 0134 0C000000 		.4byte	.LFE0-.LFB0
 615 0138 01       		.uleb128 0x1
 616 0139 9C       		.byte	0x9c
 617 013a 76010000 		.4byte	0x176
 618 013e 0C       		.uleb128 0xc
 619 013f 7300     		.ascii	"s\000"
 620 0141 01       		.byte	0x1
 621 0142 4D       		.byte	0x4d
 622 0143 84000000 		.4byte	0x84
 623 0147 13000000 		.4byte	.LLST1
 624 014b 0C       		.uleb128 0xc
 625 014c 6E00     		.ascii	"n\000"
 626 014e 01       		.byte	0x1
 627 014f 4D       		.byte	0x4d
 628 0150 2C000000 		.4byte	0x2c
 629 0154 34000000 		.4byte	.LLST2
 630 0158 0D       		.uleb128 0xd
 631 0159 0A000000 		.4byte	.LVL5
 632 015d B3030000 		.4byte	0x3b3
 633 0161 0E       		.uleb128 0xe
 634 0162 01       		.uleb128 0x1
 635 0163 50       		.byte	0x50
 636 0164 03       		.uleb128 0x3
ARM GAS  C:\Users\user\AppData\Local\Temp\ccLEBc6b.s 			page 19


 637 0165 F3       		.byte	0xf3
 638 0166 01       		.uleb128 0x1
 639 0167 50       		.byte	0x50
 640 0168 0E       		.uleb128 0xe
 641 0169 01       		.uleb128 0x1
 642 016a 51       		.byte	0x51
 643 016b 01       		.uleb128 0x1
 644 016c 30       		.byte	0x30
 645 016d 0E       		.uleb128 0xe
 646 016e 01       		.uleb128 0x1
 647 016f 52       		.byte	0x52
 648 0170 03       		.uleb128 0x3
 649 0171 F3       		.byte	0xf3
 650 0172 01       		.uleb128 0x1
 651 0173 51       		.byte	0x51
 652 0174 00       		.byte	0
 653 0175 00       		.byte	0
 654 0176 0A       		.uleb128 0xa
 655 0177 44000000 		.4byte	.LASF23
 656 017b 01       		.byte	0x1
 657 017c AF       		.byte	0xaf
 658 017d 00000000 		.4byte	.LFB4
 659 0181 9C000000 		.4byte	.LFE4-.LFB4
 660 0185 01       		.uleb128 0x1
 661 0186 9C       		.byte	0x9c
 662 0187 CE010000 		.4byte	0x1ce
 663 018b 0B       		.uleb128 0xb
 664 018c 2C000000 		.4byte	.LASF25
 665 0190 01       		.byte	0x1
 666 0191 B1       		.byte	0xb1
 667 0192 A5000000 		.4byte	0xa5
 668 0196 60000000 		.4byte	.LLST3
 669 019a 0B       		.uleb128 0xb
 670 019b 62000000 		.4byte	.LASF26
 671 019f 01       		.byte	0x1
 672 01a0 B2       		.byte	0xb2
 673 01a1 8D000000 		.4byte	0x8d
 674 01a5 7F000000 		.4byte	.LLST4
 675 01a9 0F       		.uleb128 0xf
 676 01aa 4C000000 		.4byte	.LVL10
 677 01ae BC030000 		.4byte	0x3bc
 678 01b2 BE010000 		.4byte	0x1be
 679 01b6 0E       		.uleb128 0xe
 680 01b7 01       		.uleb128 0x1
 681 01b8 50       		.byte	0x50
 682 01b9 03       		.uleb128 0x3
 683 01ba 0A       		.byte	0xa
 684 01bb E001     		.2byte	0x1e0
 685 01bd 00       		.byte	0
 686 01be 0D       		.uleb128 0xd
 687 01bf 5C000000 		.4byte	.LVL12
 688 01c3 E1000000 		.4byte	0xe1
 689 01c7 0E       		.uleb128 0xe
 690 01c8 01       		.uleb128 0x1
 691 01c9 50       		.byte	0x50
 692 01ca 01       		.uleb128 0x1
 693 01cb 33       		.byte	0x33
ARM GAS  C:\Users\user\AppData\Local\Temp\ccLEBc6b.s 			page 20


 694 01cc 00       		.byte	0
 695 01cd 00       		.byte	0
 696 01ce 0A       		.uleb128 0xa
 697 01cf CE020000 		.4byte	.LASF27
 698 01d3 01       		.byte	0x1
 699 01d4 54       		.byte	0x54
 700 01d5 00000000 		.4byte	.LFB1
 701 01d9 08000000 		.4byte	.LFE1-.LFB1
 702 01dd 01       		.uleb128 0x1
 703 01de 9C       		.byte	0x9c
 704 01df 2E020000 		.4byte	0x22e
 705 01e3 10       		.uleb128 0x10
 706 01e4 84000000 		.4byte	.LASF28
 707 01e8 01       		.byte	0x1
 708 01e9 54       		.byte	0x54
 709 01ea 84000000 		.4byte	0x84
 710 01ee A9000000 		.4byte	.LLST5
 711 01f2 0C       		.uleb128 0xc
 712 01f3 73726300 		.ascii	"src\000"
 713 01f7 01       		.byte	0x1
 714 01f8 54       		.byte	0x54
 715 01f9 2E020000 		.4byte	0x22e
 716 01fd CA000000 		.4byte	.LLST6
 717 0201 0C       		.uleb128 0xc
 718 0202 6E00     		.ascii	"n\000"
 719 0204 01       		.byte	0x1
 720 0205 54       		.byte	0x54
 721 0206 2C000000 		.4byte	0x2c
 722 020a EB000000 		.4byte	.LLST7
 723 020e 0D       		.uleb128 0xd
 724 020f 06000000 		.4byte	.LVL15
 725 0213 C7030000 		.4byte	0x3c7
 726 0217 0E       		.uleb128 0xe
 727 0218 01       		.uleb128 0x1
 728 0219 50       		.byte	0x50
 729 021a 03       		.uleb128 0x3
 730 021b F3       		.byte	0xf3
 731 021c 01       		.uleb128 0x1
 732 021d 50       		.byte	0x50
 733 021e 0E       		.uleb128 0xe
 734 021f 01       		.uleb128 0x1
 735 0220 51       		.byte	0x51
 736 0221 03       		.uleb128 0x3
 737 0222 F3       		.byte	0xf3
 738 0223 01       		.uleb128 0x1
 739 0224 51       		.byte	0x51
 740 0225 0E       		.uleb128 0xe
 741 0226 01       		.uleb128 0x1
 742 0227 52       		.byte	0x52
 743 0228 03       		.uleb128 0x3
 744 0229 F3       		.byte	0xf3
 745 022a 01       		.uleb128 0x1
 746 022b 52       		.byte	0x52
 747 022c 00       		.byte	0
 748 022d 00       		.byte	0
 749 022e 11       		.uleb128 0x11
 750 022f 04       		.byte	0x4
ARM GAS  C:\Users\user\AppData\Local\Temp\ccLEBc6b.s 			page 21


 751 0230 34020000 		.4byte	0x234
 752 0234 12       		.uleb128 0x12
 753 0235 13       		.uleb128 0x13
 754 0236 43010000 		.4byte	.LASF31
 755 023a 01       		.byte	0x1
 756 023b 0A01     		.2byte	0x10a
 757 023d 00000000 		.4byte	.LFB6
 758 0241 1C000000 		.4byte	.LFE6-.LFB6
 759 0245 01       		.uleb128 0x1
 760 0246 9C       		.byte	0x9c
 761 0247 68020000 		.4byte	0x268
 762 024b 14       		.uleb128 0x14
 763 024c 85020000 		.4byte	.LASF29
 764 0250 01       		.byte	0x1
 765 0251 0A01     		.2byte	0x10a
 766 0253 8D000000 		.4byte	0x8d
 767 0257 01       		.uleb128 0x1
 768 0258 50       		.byte	0x50
 769 0259 15       		.uleb128 0x15
 770 025a C5020000 		.4byte	.LASF30
 771 025e 01       		.byte	0x1
 772 025f 0C01     		.2byte	0x10c
 773 0261 8D000000 		.4byte	0x8d
 774 0265 01       		.uleb128 0x1
 775 0266 53       		.byte	0x53
 776 0267 00       		.byte	0
 777 0268 13       		.uleb128 0x13
 778 0269 D9010000 		.4byte	.LASF32
 779 026d 01       		.byte	0x1
 780 026e 2C01     		.2byte	0x12c
 781 0270 00000000 		.4byte	.LFB7
 782 0274 B4000000 		.4byte	.LFE7-.LFB7
 783 0278 01       		.uleb128 0x1
 784 0279 9C       		.byte	0x9c
 785 027a B3030000 		.4byte	0x3b3
 786 027e 16       		.uleb128 0x16
 787 027f 0E000000 		.4byte	.LBB2
 788 0283 36000000 		.4byte	.LBE2-.LBB2
 789 0287 37030000 		.4byte	0x337
 790 028b 17       		.uleb128 0x17
 791 028c 06       		.byte	0x6
 792 028d 01       		.byte	0x1
 793 028e 3801     		.2byte	0x138
 794 0290 AF020000 		.4byte	0x2af
 795 0294 18       		.uleb128 0x18
 796 0295 0B020000 		.4byte	.LASF33
 797 0299 01       		.byte	0x1
 798 029a 3901     		.2byte	0x139
 799 029c 84000000 		.4byte	0x84
 800 02a0 00       		.byte	0
 801 02a1 18       		.uleb128 0x18
 802 02a2 89000000 		.4byte	.LASF34
 803 02a6 01       		.byte	0x1
 804 02a7 3A01     		.2byte	0x13a
 805 02a9 99000000 		.4byte	0x99
 806 02ad 04       		.byte	0x4
 807 02ae 00       		.byte	0
ARM GAS  C:\Users\user\AppData\Local\Temp\ccLEBc6b.s 			page 22


 808 02af 06       		.uleb128 0x6
 809 02b0 2A020000 		.4byte	.LASF35
 810 02b4 01       		.byte	0x1
 811 02b5 3B01     		.2byte	0x13b
 812 02b7 8B020000 		.4byte	0x28b
 813 02bb 19       		.uleb128 0x19
 814 02bc CB020000 		.4byte	0x2cb
 815 02c0 CB020000 		.4byte	0x2cb
 816 02c4 1A       		.uleb128 0x1a
 817 02c5 7D000000 		.4byte	0x7d
 818 02c9 07       		.byte	0x7
 819 02ca 00       		.byte	0
 820 02cb 1B       		.uleb128 0x1b
 821 02cc AF020000 		.4byte	0x2af
 822 02d0 15       		.uleb128 0x15
 823 02d1 34000000 		.4byte	.LASF36
 824 02d5 01       		.byte	0x1
 825 02d6 3D01     		.2byte	0x13d
 826 02d8 E2020000 		.4byte	0x2e2
 827 02dc 05       		.uleb128 0x5
 828 02dd 03       		.byte	0x3
 829 02de 00000000 		.4byte	cfg_memset_list.4992
 830 02e2 1B       		.uleb128 0x1b
 831 02e3 BB020000 		.4byte	0x2bb
 832 02e7 1C       		.uleb128 0x1c
 833 02e8 6900     		.ascii	"i\000"
 834 02ea 01       		.byte	0x1
 835 02eb 4901     		.2byte	0x149
 836 02ed 8D000000 		.4byte	0x8d
 837 02f1 0C010000 		.4byte	.LLST8
 838 02f5 1D       		.uleb128 0x1d
 839 02f6 12000000 		.4byte	.LBB3
 840 02fa 16000000 		.4byte	.LBE3-.LBB3
 841 02fe 1C       		.uleb128 0x1c
 842 02ff 6D7300   		.ascii	"ms\000"
 843 0302 01       		.byte	0x1
 844 0303 4E01     		.2byte	0x14e
 845 0305 0D030000 		.4byte	0x30d
 846 0309 36010000 		.4byte	.LLST9
 847 030d 11       		.uleb128 0x11
 848 030e 04       		.byte	0x4
 849 030f CB020000 		.4byte	0x2cb
 850 0313 0D       		.uleb128 0xd
 851 0314 28000000 		.4byte	.LVL22
 852 0318 29010000 		.4byte	0x129
 853 031c 0E       		.uleb128 0xe
 854 031d 01       		.uleb128 0x1
 855 031e 51       		.byte	0x51
 856 031f 14       		.uleb128 0x14
 857 0320 74       		.byte	0x74
 858 0321 00       		.sleb128 0
 859 0322 31       		.byte	0x31
 860 0323 24       		.byte	0x24
 861 0324 74       		.byte	0x74
 862 0325 00       		.sleb128 0
 863 0326 22       		.byte	0x22
 864 0327 31       		.byte	0x31
ARM GAS  C:\Users\user\AppData\Local\Temp\ccLEBc6b.s 			page 23


 865 0328 24       		.byte	0x24
 866 0329 75       		.byte	0x75
 867 032a 00       		.sleb128 0
 868 032b 22       		.byte	0x22
 869 032c 23       		.byte	0x23
 870 032d 04       		.uleb128 0x4
 871 032e 94       		.byte	0x94
 872 032f 02       		.byte	0x2
 873 0330 0A       		.byte	0xa
 874 0331 FFFF     		.2byte	0xffff
 875 0333 1A       		.byte	0x1a
 876 0334 00       		.byte	0
 877 0335 00       		.byte	0
 878 0336 00       		.byte	0
 879 0337 0F       		.uleb128 0xf
 880 0338 50000000 		.4byte	.LVL25
 881 033c CE010000 		.4byte	0x1ce
 882 0340 5A030000 		.4byte	0x35a
 883 0344 0E       		.uleb128 0xe
 884 0345 01       		.uleb128 0x1
 885 0346 50       		.byte	0x50
 886 0347 05       		.uleb128 0x5
 887 0348 0C       		.byte	0xc
 888 0349 02510040 		.4byte	0x40005102
 889 034d 0E       		.uleb128 0xe
 890 034e 01       		.uleb128 0x1
 891 034f 51       		.byte	0x51
 892 0350 03       		.uleb128 0x3
 893 0351 42       		.byte	0x42
 894 0352 4A       		.byte	0x4a
 895 0353 24       		.byte	0x24
 896 0354 0E       		.uleb128 0xe
 897 0355 01       		.uleb128 0x1
 898 0356 52       		.byte	0x52
 899 0357 01       		.uleb128 0x1
 900 0358 38       		.byte	0x38
 901 0359 00       		.byte	0
 902 035a 0F       		.uleb128 0xf
 903 035b 5A000000 		.4byte	.LVL26
 904 035f CE010000 		.4byte	0x1ce
 905 0363 7F030000 		.4byte	0x37f
 906 0367 0E       		.uleb128 0xe
 907 0368 01       		.uleb128 0x1
 908 0369 50       		.byte	0x50
 909 036a 05       		.uleb128 0x5
 910 036b 0C       		.byte	0xc
 911 036c 12510040 		.4byte	0x40005112
 912 0370 0E       		.uleb128 0xe
 913 0371 01       		.uleb128 0x1
 914 0372 51       		.byte	0x51
 915 0373 05       		.uleb128 0x5
 916 0374 0C       		.byte	0xc
 917 0375 08000048 		.4byte	0x48000008
 918 0379 0E       		.uleb128 0xe
 919 037a 01       		.uleb128 0x1
 920 037b 52       		.byte	0x52
 921 037c 01       		.uleb128 0x1
ARM GAS  C:\Users\user\AppData\Local\Temp\ccLEBc6b.s 			page 24


 922 037d 38       		.byte	0x38
 923 037e 00       		.byte	0
 924 037f 1E       		.uleb128 0x1e
 925 0380 6E000000 		.4byte	.LVL28
 926 0384 76010000 		.4byte	0x176
 927 0388 1E       		.uleb128 0x1e
 928 0389 7C000000 		.4byte	.LVL29
 929 038d 04010000 		.4byte	0x104
 930 0391 0D       		.uleb128 0xd
 931 0392 86000000 		.4byte	.LVL30
 932 0396 CE010000 		.4byte	0x1ce
 933 039a 0E       		.uleb128 0xe
 934 039b 01       		.uleb128 0x1
 935 039c 50       		.byte	0x50
 936 039d 05       		.uleb128 0x5
 937 039e 0C       		.byte	0xc
 938 039f B0430040 		.4byte	0x400043b0
 939 03a3 0E       		.uleb128 0xe
 940 03a4 01       		.uleb128 0x1
 941 03a5 51       		.byte	0x51
 942 03a6 05       		.uleb128 0x5
 943 03a7 0C       		.byte	0xc
 944 03a8 A0430040 		.4byte	0x400043a0
 945 03ac 0E       		.uleb128 0xe
 946 03ad 01       		.uleb128 0x1
 947 03ae 52       		.byte	0x52
 948 03af 01       		.uleb128 0x1
 949 03b0 3E       		.byte	0x3e
 950 03b1 00       		.byte	0
 951 03b2 00       		.byte	0
 952 03b3 1F       		.uleb128 0x1f
 953 03b4 67010000 		.4byte	.LASF37
 954 03b8 67010000 		.4byte	.LASF37
 955 03bc 20       		.uleb128 0x20
 956 03bd 06000000 		.4byte	.LASF43
 957 03c1 06000000 		.4byte	.LASF43
 958 03c5 04       		.byte	0x4
 959 03c6 79       		.byte	0x79
 960 03c7 1F       		.uleb128 0x1f
 961 03c8 74020000 		.4byte	.LASF38
 962 03cc 74020000 		.4byte	.LASF38
 963 03d0 00       		.byte	0
 964              		.section	.debug_abbrev,"",%progbits
 965              	.Ldebug_abbrev0:
 966 0000 01       		.uleb128 0x1
 967 0001 11       		.uleb128 0x11
 968 0002 01       		.byte	0x1
 969 0003 25       		.uleb128 0x25
 970 0004 0E       		.uleb128 0xe
 971 0005 13       		.uleb128 0x13
 972 0006 0B       		.uleb128 0xb
 973 0007 03       		.uleb128 0x3
 974 0008 0E       		.uleb128 0xe
 975 0009 1B       		.uleb128 0x1b
 976 000a 0E       		.uleb128 0xe
 977 000b 55       		.uleb128 0x55
 978 000c 17       		.uleb128 0x17
ARM GAS  C:\Users\user\AppData\Local\Temp\ccLEBc6b.s 			page 25


 979 000d 11       		.uleb128 0x11
 980 000e 01       		.uleb128 0x1
 981 000f 10       		.uleb128 0x10
 982 0010 17       		.uleb128 0x17
 983 0011 00       		.byte	0
 984 0012 00       		.byte	0
 985 0013 02       		.uleb128 0x2
 986 0014 24       		.uleb128 0x24
 987 0015 00       		.byte	0
 988 0016 0B       		.uleb128 0xb
 989 0017 0B       		.uleb128 0xb
 990 0018 3E       		.uleb128 0x3e
 991 0019 0B       		.uleb128 0xb
 992 001a 03       		.uleb128 0x3
 993 001b 08       		.uleb128 0x8
 994 001c 00       		.byte	0
 995 001d 00       		.byte	0
 996 001e 03       		.uleb128 0x3
 997 001f 16       		.uleb128 0x16
 998 0020 00       		.byte	0
 999 0021 03       		.uleb128 0x3
 1000 0022 0E       		.uleb128 0xe
 1001 0023 3A       		.uleb128 0x3a
 1002 0024 0B       		.uleb128 0xb
 1003 0025 3B       		.uleb128 0x3b
 1004 0026 0B       		.uleb128 0xb
 1005 0027 49       		.uleb128 0x49
 1006 0028 13       		.uleb128 0x13
 1007 0029 00       		.byte	0
 1008 002a 00       		.byte	0
 1009 002b 04       		.uleb128 0x4
 1010 002c 24       		.uleb128 0x24
 1011 002d 00       		.byte	0
 1012 002e 0B       		.uleb128 0xb
 1013 002f 0B       		.uleb128 0xb
 1014 0030 3E       		.uleb128 0x3e
 1015 0031 0B       		.uleb128 0xb
 1016 0032 03       		.uleb128 0x3
 1017 0033 0E       		.uleb128 0xe
 1018 0034 00       		.byte	0
 1019 0035 00       		.byte	0
 1020 0036 05       		.uleb128 0x5
 1021 0037 0F       		.uleb128 0xf
 1022 0038 00       		.byte	0
 1023 0039 0B       		.uleb128 0xb
 1024 003a 0B       		.uleb128 0xb
 1025 003b 00       		.byte	0
 1026 003c 00       		.byte	0
 1027 003d 06       		.uleb128 0x6
 1028 003e 16       		.uleb128 0x16
 1029 003f 00       		.byte	0
 1030 0040 03       		.uleb128 0x3
 1031 0041 0E       		.uleb128 0xe
 1032 0042 3A       		.uleb128 0x3a
 1033 0043 0B       		.uleb128 0xb
 1034 0044 3B       		.uleb128 0x3b
 1035 0045 05       		.uleb128 0x5
ARM GAS  C:\Users\user\AppData\Local\Temp\ccLEBc6b.s 			page 26


 1036 0046 49       		.uleb128 0x49
 1037 0047 13       		.uleb128 0x13
 1038 0048 00       		.byte	0
 1039 0049 00       		.byte	0
 1040 004a 07       		.uleb128 0x7
 1041 004b 35       		.uleb128 0x35
 1042 004c 00       		.byte	0
 1043 004d 49       		.uleb128 0x49
 1044 004e 13       		.uleb128 0x13
 1045 004f 00       		.byte	0
 1046 0050 00       		.byte	0
 1047 0051 08       		.uleb128 0x8
 1048 0052 2E       		.uleb128 0x2e
 1049 0053 01       		.byte	0x1
 1050 0054 03       		.uleb128 0x3
 1051 0055 0E       		.uleb128 0xe
 1052 0056 3A       		.uleb128 0x3a
 1053 0057 0B       		.uleb128 0xb
 1054 0058 3B       		.uleb128 0x3b
 1055 0059 0B       		.uleb128 0xb
 1056 005a 27       		.uleb128 0x27
 1057 005b 19       		.uleb128 0x19
 1058 005c 8701     		.uleb128 0x87
 1059 005e 19       		.uleb128 0x19
 1060 005f 11       		.uleb128 0x11
 1061 0060 01       		.uleb128 0x1
 1062 0061 12       		.uleb128 0x12
 1063 0062 06       		.uleb128 0x6
 1064 0063 40       		.uleb128 0x40
 1065 0064 18       		.uleb128 0x18
 1066 0065 9742     		.uleb128 0x2117
 1067 0067 19       		.uleb128 0x19
 1068 0068 01       		.uleb128 0x1
 1069 0069 13       		.uleb128 0x13
 1070 006a 00       		.byte	0
 1071 006b 00       		.byte	0
 1072 006c 09       		.uleb128 0x9
 1073 006d 05       		.uleb128 0x5
 1074 006e 00       		.byte	0
 1075 006f 03       		.uleb128 0x3
 1076 0070 0E       		.uleb128 0xe
 1077 0071 3A       		.uleb128 0x3a
 1078 0072 0B       		.uleb128 0xb
 1079 0073 3B       		.uleb128 0x3b
 1080 0074 0B       		.uleb128 0xb
 1081 0075 49       		.uleb128 0x49
 1082 0076 13       		.uleb128 0x13
 1083 0077 02       		.uleb128 0x2
 1084 0078 18       		.uleb128 0x18
 1085 0079 00       		.byte	0
 1086 007a 00       		.byte	0
 1087 007b 0A       		.uleb128 0xa
 1088 007c 2E       		.uleb128 0x2e
 1089 007d 01       		.byte	0x1
 1090 007e 03       		.uleb128 0x3
 1091 007f 0E       		.uleb128 0xe
 1092 0080 3A       		.uleb128 0x3a
ARM GAS  C:\Users\user\AppData\Local\Temp\ccLEBc6b.s 			page 27


 1093 0081 0B       		.uleb128 0xb
 1094 0082 3B       		.uleb128 0x3b
 1095 0083 0B       		.uleb128 0xb
 1096 0084 27       		.uleb128 0x27
 1097 0085 19       		.uleb128 0x19
 1098 0086 11       		.uleb128 0x11
 1099 0087 01       		.uleb128 0x1
 1100 0088 12       		.uleb128 0x12
 1101 0089 06       		.uleb128 0x6
 1102 008a 40       		.uleb128 0x40
 1103 008b 18       		.uleb128 0x18
 1104 008c 9742     		.uleb128 0x2117
 1105 008e 19       		.uleb128 0x19
 1106 008f 01       		.uleb128 0x1
 1107 0090 13       		.uleb128 0x13
 1108 0091 00       		.byte	0
 1109 0092 00       		.byte	0
 1110 0093 0B       		.uleb128 0xb
 1111 0094 34       		.uleb128 0x34
 1112 0095 00       		.byte	0
 1113 0096 03       		.uleb128 0x3
 1114 0097 0E       		.uleb128 0xe
 1115 0098 3A       		.uleb128 0x3a
 1116 0099 0B       		.uleb128 0xb
 1117 009a 3B       		.uleb128 0x3b
 1118 009b 0B       		.uleb128 0xb
 1119 009c 49       		.uleb128 0x49
 1120 009d 13       		.uleb128 0x13
 1121 009e 02       		.uleb128 0x2
 1122 009f 17       		.uleb128 0x17
 1123 00a0 00       		.byte	0
 1124 00a1 00       		.byte	0
 1125 00a2 0C       		.uleb128 0xc
 1126 00a3 05       		.uleb128 0x5
 1127 00a4 00       		.byte	0
 1128 00a5 03       		.uleb128 0x3
 1129 00a6 08       		.uleb128 0x8
 1130 00a7 3A       		.uleb128 0x3a
 1131 00a8 0B       		.uleb128 0xb
 1132 00a9 3B       		.uleb128 0x3b
 1133 00aa 0B       		.uleb128 0xb
 1134 00ab 49       		.uleb128 0x49
 1135 00ac 13       		.uleb128 0x13
 1136 00ad 02       		.uleb128 0x2
 1137 00ae 17       		.uleb128 0x17
 1138 00af 00       		.byte	0
 1139 00b0 00       		.byte	0
 1140 00b1 0D       		.uleb128 0xd
 1141 00b2 898201   		.uleb128 0x4109
 1142 00b5 01       		.byte	0x1
 1143 00b6 11       		.uleb128 0x11
 1144 00b7 01       		.uleb128 0x1
 1145 00b8 31       		.uleb128 0x31
 1146 00b9 13       		.uleb128 0x13
 1147 00ba 00       		.byte	0
 1148 00bb 00       		.byte	0
 1149 00bc 0E       		.uleb128 0xe
ARM GAS  C:\Users\user\AppData\Local\Temp\ccLEBc6b.s 			page 28


 1150 00bd 8A8201   		.uleb128 0x410a
 1151 00c0 00       		.byte	0
 1152 00c1 02       		.uleb128 0x2
 1153 00c2 18       		.uleb128 0x18
 1154 00c3 9142     		.uleb128 0x2111
 1155 00c5 18       		.uleb128 0x18
 1156 00c6 00       		.byte	0
 1157 00c7 00       		.byte	0
 1158 00c8 0F       		.uleb128 0xf
 1159 00c9 898201   		.uleb128 0x4109
 1160 00cc 01       		.byte	0x1
 1161 00cd 11       		.uleb128 0x11
 1162 00ce 01       		.uleb128 0x1
 1163 00cf 31       		.uleb128 0x31
 1164 00d0 13       		.uleb128 0x13
 1165 00d1 01       		.uleb128 0x1
 1166 00d2 13       		.uleb128 0x13
 1167 00d3 00       		.byte	0
 1168 00d4 00       		.byte	0
 1169 00d5 10       		.uleb128 0x10
 1170 00d6 05       		.uleb128 0x5
 1171 00d7 00       		.byte	0
 1172 00d8 03       		.uleb128 0x3
 1173 00d9 0E       		.uleb128 0xe
 1174 00da 3A       		.uleb128 0x3a
 1175 00db 0B       		.uleb128 0xb
 1176 00dc 3B       		.uleb128 0x3b
 1177 00dd 0B       		.uleb128 0xb
 1178 00de 49       		.uleb128 0x49
 1179 00df 13       		.uleb128 0x13
 1180 00e0 02       		.uleb128 0x2
 1181 00e1 17       		.uleb128 0x17
 1182 00e2 00       		.byte	0
 1183 00e3 00       		.byte	0
 1184 00e4 11       		.uleb128 0x11
 1185 00e5 0F       		.uleb128 0xf
 1186 00e6 00       		.byte	0
 1187 00e7 0B       		.uleb128 0xb
 1188 00e8 0B       		.uleb128 0xb
 1189 00e9 49       		.uleb128 0x49
 1190 00ea 13       		.uleb128 0x13
 1191 00eb 00       		.byte	0
 1192 00ec 00       		.byte	0
 1193 00ed 12       		.uleb128 0x12
 1194 00ee 26       		.uleb128 0x26
 1195 00ef 00       		.byte	0
 1196 00f0 00       		.byte	0
 1197 00f1 00       		.byte	0
 1198 00f2 13       		.uleb128 0x13
 1199 00f3 2E       		.uleb128 0x2e
 1200 00f4 01       		.byte	0x1
 1201 00f5 3F       		.uleb128 0x3f
 1202 00f6 19       		.uleb128 0x19
 1203 00f7 03       		.uleb128 0x3
 1204 00f8 0E       		.uleb128 0xe
 1205 00f9 3A       		.uleb128 0x3a
 1206 00fa 0B       		.uleb128 0xb
ARM GAS  C:\Users\user\AppData\Local\Temp\ccLEBc6b.s 			page 29


 1207 00fb 3B       		.uleb128 0x3b
 1208 00fc 05       		.uleb128 0x5
 1209 00fd 27       		.uleb128 0x27
 1210 00fe 19       		.uleb128 0x19
 1211 00ff 11       		.uleb128 0x11
 1212 0100 01       		.uleb128 0x1
 1213 0101 12       		.uleb128 0x12
 1214 0102 06       		.uleb128 0x6
 1215 0103 40       		.uleb128 0x40
 1216 0104 18       		.uleb128 0x18
 1217 0105 9742     		.uleb128 0x2117
 1218 0107 19       		.uleb128 0x19
 1219 0108 01       		.uleb128 0x1
 1220 0109 13       		.uleb128 0x13
 1221 010a 00       		.byte	0
 1222 010b 00       		.byte	0
 1223 010c 14       		.uleb128 0x14
 1224 010d 05       		.uleb128 0x5
 1225 010e 00       		.byte	0
 1226 010f 03       		.uleb128 0x3
 1227 0110 0E       		.uleb128 0xe
 1228 0111 3A       		.uleb128 0x3a
 1229 0112 0B       		.uleb128 0xb
 1230 0113 3B       		.uleb128 0x3b
 1231 0114 05       		.uleb128 0x5
 1232 0115 49       		.uleb128 0x49
 1233 0116 13       		.uleb128 0x13
 1234 0117 02       		.uleb128 0x2
 1235 0118 18       		.uleb128 0x18
 1236 0119 00       		.byte	0
 1237 011a 00       		.byte	0
 1238 011b 15       		.uleb128 0x15
 1239 011c 34       		.uleb128 0x34
 1240 011d 00       		.byte	0
 1241 011e 03       		.uleb128 0x3
 1242 011f 0E       		.uleb128 0xe
 1243 0120 3A       		.uleb128 0x3a
 1244 0121 0B       		.uleb128 0xb
 1245 0122 3B       		.uleb128 0x3b
 1246 0123 05       		.uleb128 0x5
 1247 0124 49       		.uleb128 0x49
 1248 0125 13       		.uleb128 0x13
 1249 0126 02       		.uleb128 0x2
 1250 0127 18       		.uleb128 0x18
 1251 0128 00       		.byte	0
 1252 0129 00       		.byte	0
 1253 012a 16       		.uleb128 0x16
 1254 012b 0B       		.uleb128 0xb
 1255 012c 01       		.byte	0x1
 1256 012d 11       		.uleb128 0x11
 1257 012e 01       		.uleb128 0x1
 1258 012f 12       		.uleb128 0x12
 1259 0130 06       		.uleb128 0x6
 1260 0131 01       		.uleb128 0x1
 1261 0132 13       		.uleb128 0x13
 1262 0133 00       		.byte	0
 1263 0134 00       		.byte	0
ARM GAS  C:\Users\user\AppData\Local\Temp\ccLEBc6b.s 			page 30


 1264 0135 17       		.uleb128 0x17
 1265 0136 13       		.uleb128 0x13
 1266 0137 01       		.byte	0x1
 1267 0138 0B       		.uleb128 0xb
 1268 0139 0B       		.uleb128 0xb
 1269 013a 3A       		.uleb128 0x3a
 1270 013b 0B       		.uleb128 0xb
 1271 013c 3B       		.uleb128 0x3b
 1272 013d 05       		.uleb128 0x5
 1273 013e 01       		.uleb128 0x1
 1274 013f 13       		.uleb128 0x13
 1275 0140 00       		.byte	0
 1276 0141 00       		.byte	0
 1277 0142 18       		.uleb128 0x18
 1278 0143 0D       		.uleb128 0xd
 1279 0144 00       		.byte	0
 1280 0145 03       		.uleb128 0x3
 1281 0146 0E       		.uleb128 0xe
 1282 0147 3A       		.uleb128 0x3a
 1283 0148 0B       		.uleb128 0xb
 1284 0149 3B       		.uleb128 0x3b
 1285 014a 05       		.uleb128 0x5
 1286 014b 49       		.uleb128 0x49
 1287 014c 13       		.uleb128 0x13
 1288 014d 38       		.uleb128 0x38
 1289 014e 0B       		.uleb128 0xb
 1290 014f 00       		.byte	0
 1291 0150 00       		.byte	0
 1292 0151 19       		.uleb128 0x19
 1293 0152 01       		.uleb128 0x1
 1294 0153 01       		.byte	0x1
 1295 0154 49       		.uleb128 0x49
 1296 0155 13       		.uleb128 0x13
 1297 0156 01       		.uleb128 0x1
 1298 0157 13       		.uleb128 0x13
 1299 0158 00       		.byte	0
 1300 0159 00       		.byte	0
 1301 015a 1A       		.uleb128 0x1a
 1302 015b 21       		.uleb128 0x21
 1303 015c 00       		.byte	0
 1304 015d 49       		.uleb128 0x49
 1305 015e 13       		.uleb128 0x13
 1306 015f 2F       		.uleb128 0x2f
 1307 0160 0B       		.uleb128 0xb
 1308 0161 00       		.byte	0
 1309 0162 00       		.byte	0
 1310 0163 1B       		.uleb128 0x1b
 1311 0164 26       		.uleb128 0x26
 1312 0165 00       		.byte	0
 1313 0166 49       		.uleb128 0x49
 1314 0167 13       		.uleb128 0x13
 1315 0168 00       		.byte	0
 1316 0169 00       		.byte	0
 1317 016a 1C       		.uleb128 0x1c
 1318 016b 34       		.uleb128 0x34
 1319 016c 00       		.byte	0
 1320 016d 03       		.uleb128 0x3
ARM GAS  C:\Users\user\AppData\Local\Temp\ccLEBc6b.s 			page 31


 1321 016e 08       		.uleb128 0x8
 1322 016f 3A       		.uleb128 0x3a
 1323 0170 0B       		.uleb128 0xb
 1324 0171 3B       		.uleb128 0x3b
 1325 0172 05       		.uleb128 0x5
 1326 0173 49       		.uleb128 0x49
 1327 0174 13       		.uleb128 0x13
 1328 0175 02       		.uleb128 0x2
 1329 0176 17       		.uleb128 0x17
 1330 0177 00       		.byte	0
 1331 0178 00       		.byte	0
 1332 0179 1D       		.uleb128 0x1d
 1333 017a 0B       		.uleb128 0xb
 1334 017b 01       		.byte	0x1
 1335 017c 11       		.uleb128 0x11
 1336 017d 01       		.uleb128 0x1
 1337 017e 12       		.uleb128 0x12
 1338 017f 06       		.uleb128 0x6
 1339 0180 00       		.byte	0
 1340 0181 00       		.byte	0
 1341 0182 1E       		.uleb128 0x1e
 1342 0183 898201   		.uleb128 0x4109
 1343 0186 00       		.byte	0
 1344 0187 11       		.uleb128 0x11
 1345 0188 01       		.uleb128 0x1
 1346 0189 31       		.uleb128 0x31
 1347 018a 13       		.uleb128 0x13
 1348 018b 00       		.byte	0
 1349 018c 00       		.byte	0
 1350 018d 1F       		.uleb128 0x1f
 1351 018e 2E       		.uleb128 0x2e
 1352 018f 00       		.byte	0
 1353 0190 3F       		.uleb128 0x3f
 1354 0191 19       		.uleb128 0x19
 1355 0192 3C       		.uleb128 0x3c
 1356 0193 19       		.uleb128 0x19
 1357 0194 6E       		.uleb128 0x6e
 1358 0195 0E       		.uleb128 0xe
 1359 0196 03       		.uleb128 0x3
 1360 0197 0E       		.uleb128 0xe
 1361 0198 00       		.byte	0
 1362 0199 00       		.byte	0
 1363 019a 20       		.uleb128 0x20
 1364 019b 2E       		.uleb128 0x2e
 1365 019c 00       		.byte	0
 1366 019d 3F       		.uleb128 0x3f
 1367 019e 19       		.uleb128 0x19
 1368 019f 3C       		.uleb128 0x3c
 1369 01a0 19       		.uleb128 0x19
 1370 01a1 6E       		.uleb128 0x6e
 1371 01a2 0E       		.uleb128 0xe
 1372 01a3 03       		.uleb128 0x3
 1373 01a4 0E       		.uleb128 0xe
 1374 01a5 3A       		.uleb128 0x3a
 1375 01a6 0B       		.uleb128 0xb
 1376 01a7 3B       		.uleb128 0x3b
 1377 01a8 0B       		.uleb128 0xb
ARM GAS  C:\Users\user\AppData\Local\Temp\ccLEBc6b.s 			page 32


 1378 01a9 00       		.byte	0
 1379 01aa 00       		.byte	0
 1380 01ab 00       		.byte	0
 1381              		.section	.debug_loc,"",%progbits
 1382              	.Ldebug_loc0:
 1383              	.LLST0:
 1384 0000 06000000 		.4byte	.LVL1
 1385 0004 10000000 		.4byte	.LVL2
 1386 0008 0100     		.2byte	0x1
 1387 000a 53       		.byte	0x53
 1388 000b 00000000 		.4byte	0
 1389 000f 00000000 		.4byte	0
 1390              	.LLST1:
 1391 0013 00000000 		.4byte	.LVL3
 1392 0017 09000000 		.4byte	.LVL5-1
 1393 001b 0100     		.2byte	0x1
 1394 001d 50       		.byte	0x50
 1395 001e 09000000 		.4byte	.LVL5-1
 1396 0022 0C000000 		.4byte	.LFE0
 1397 0026 0400     		.2byte	0x4
 1398 0028 F3       		.byte	0xf3
 1399 0029 01       		.uleb128 0x1
 1400 002a 50       		.byte	0x50
 1401 002b 9F       		.byte	0x9f
 1402 002c 00000000 		.4byte	0
 1403 0030 00000000 		.4byte	0
 1404              	.LLST2:
 1405 0034 00000000 		.4byte	.LVL3
 1406 0038 06000000 		.4byte	.LVL4
 1407 003c 0100     		.2byte	0x1
 1408 003e 51       		.byte	0x51
 1409 003f 06000000 		.4byte	.LVL4
 1410 0043 09000000 		.4byte	.LVL5-1
 1411 0047 0100     		.2byte	0x1
 1412 0049 52       		.byte	0x52
 1413 004a 09000000 		.4byte	.LVL5-1
 1414 004e 0C000000 		.4byte	.LFE0
 1415 0052 0400     		.2byte	0x4
 1416 0054 F3       		.byte	0xf3
 1417 0055 01       		.uleb128 0x1
 1418 0056 51       		.byte	0x51
 1419 0057 9F       		.byte	0x9f
 1420 0058 00000000 		.4byte	0
 1421 005c 00000000 		.4byte	0
 1422              	.LLST3:
 1423 0060 2E000000 		.4byte	.LVL6
 1424 0064 34000000 		.4byte	.LVL7
 1425 0068 0200     		.2byte	0x2
 1426 006a 49       		.byte	0x49
 1427 006b 9F       		.byte	0x9f
 1428 006c 34000000 		.4byte	.LVL7
 1429 0070 7E000000 		.4byte	.LVL13
 1430 0074 0100     		.2byte	0x1
 1431 0076 55       		.byte	0x55
 1432 0077 00000000 		.4byte	0
 1433 007b 00000000 		.4byte	0
 1434              	.LLST4:
ARM GAS  C:\Users\user\AppData\Local\Temp\ccLEBc6b.s 			page 33


 1435 007f 2E000000 		.4byte	.LVL6
 1436 0083 34000000 		.4byte	.LVL7
 1437 0087 0200     		.2byte	0x2
 1438 0089 30       		.byte	0x30
 1439 008a 9F       		.byte	0x9f
 1440 008b 34000000 		.4byte	.LVL7
 1441 008f 40000000 		.4byte	.LVL8
 1442 0093 0100     		.2byte	0x1
 1443 0095 54       		.byte	0x54
 1444 0096 44000000 		.4byte	.LVL9
 1445 009a 7E000000 		.4byte	.LVL13
 1446 009e 0100     		.2byte	0x1
 1447 00a0 54       		.byte	0x54
 1448 00a1 00000000 		.4byte	0
 1449 00a5 00000000 		.4byte	0
 1450              	.LLST5:
 1451 00a9 00000000 		.4byte	.LVL14
 1452 00ad 05000000 		.4byte	.LVL15-1
 1453 00b1 0100     		.2byte	0x1
 1454 00b3 50       		.byte	0x50
 1455 00b4 05000000 		.4byte	.LVL15-1
 1456 00b8 08000000 		.4byte	.LFE1
 1457 00bc 0400     		.2byte	0x4
 1458 00be F3       		.byte	0xf3
 1459 00bf 01       		.uleb128 0x1
 1460 00c0 50       		.byte	0x50
 1461 00c1 9F       		.byte	0x9f
 1462 00c2 00000000 		.4byte	0
 1463 00c6 00000000 		.4byte	0
 1464              	.LLST6:
 1465 00ca 00000000 		.4byte	.LVL14
 1466 00ce 05000000 		.4byte	.LVL15-1
 1467 00d2 0100     		.2byte	0x1
 1468 00d4 51       		.byte	0x51
 1469 00d5 05000000 		.4byte	.LVL15-1
 1470 00d9 08000000 		.4byte	.LFE1
 1471 00dd 0400     		.2byte	0x4
 1472 00df F3       		.byte	0xf3
 1473 00e0 01       		.uleb128 0x1
 1474 00e1 51       		.byte	0x51
 1475 00e2 9F       		.byte	0x9f
 1476 00e3 00000000 		.4byte	0
 1477 00e7 00000000 		.4byte	0
 1478              	.LLST7:
 1479 00eb 00000000 		.4byte	.LVL14
 1480 00ef 05000000 		.4byte	.LVL15-1
 1481 00f3 0100     		.2byte	0x1
 1482 00f5 52       		.byte	0x52
 1483 00f6 05000000 		.4byte	.LVL15-1
 1484 00fa 08000000 		.4byte	.LFE1
 1485 00fe 0400     		.2byte	0x4
 1486 0100 F3       		.byte	0xf3
 1487 0101 01       		.uleb128 0x1
 1488 0102 52       		.byte	0x52
 1489 0103 9F       		.byte	0x9f
 1490 0104 00000000 		.4byte	0
 1491 0108 00000000 		.4byte	0
ARM GAS  C:\Users\user\AppData\Local\Temp\ccLEBc6b.s 			page 34


 1492              	.LLST8:
 1493 010c 0E000000 		.4byte	.LVL20
 1494 0110 12000000 		.4byte	.LVL21
 1495 0114 0200     		.2byte	0x2
 1496 0116 30       		.byte	0x30
 1497 0117 9F       		.byte	0x9f
 1498 0118 12000000 		.4byte	.LVL21
 1499 011c 2A000000 		.4byte	.LVL23
 1500 0120 0100     		.2byte	0x1
 1501 0122 54       		.byte	0x54
 1502 0123 2C000000 		.4byte	.LVL24
 1503 0127 66000000 		.4byte	.LVL27
 1504 012b 0100     		.2byte	0x1
 1505 012d 54       		.byte	0x54
 1506 012e 00000000 		.4byte	0
 1507 0132 00000000 		.4byte	0
 1508              	.LLST9:
 1509 0136 12000000 		.4byte	.LVL21
 1510 013a 2A000000 		.4byte	.LVL23
 1511 013e 0B00     		.2byte	0xb
 1512 0140 74       		.byte	0x74
 1513 0141 00       		.sleb128 0
 1514 0142 36       		.byte	0x36
 1515 0143 1E       		.byte	0x1e
 1516 0144 03       		.byte	0x3
 1517 0145 00000000 		.4byte	cfg_memset_list.4992
 1518 0149 22       		.byte	0x22
 1519 014a 9F       		.byte	0x9f
 1520 014b 2A000000 		.4byte	.LVL23
 1521 014f 2C000000 		.4byte	.LVL24
 1522 0153 0B00     		.2byte	0xb
 1523 0155 74       		.byte	0x74
 1524 0156 7F       		.sleb128 -1
 1525 0157 36       		.byte	0x36
 1526 0158 1E       		.byte	0x1e
 1527 0159 03       		.byte	0x3
 1528 015a 00000000 		.4byte	cfg_memset_list.4992
 1529 015e 22       		.byte	0x22
 1530 015f 9F       		.byte	0x9f
 1531 0160 00000000 		.4byte	0
 1532 0164 00000000 		.4byte	0
 1533              		.section	.debug_aranges,"",%progbits
 1534 0000 4C000000 		.4byte	0x4c
 1535 0004 0200     		.2byte	0x2
 1536 0006 00000000 		.4byte	.Ldebug_info0
 1537 000a 04       		.byte	0x4
 1538 000b 00       		.byte	0
 1539 000c 0000     		.2byte	0
 1540 000e 0000     		.2byte	0
 1541 0010 00000000 		.4byte	.LFB3
 1542 0014 02000000 		.4byte	.LFE3-.LFB3
 1543 0018 00000000 		.4byte	.LFB5
 1544 001c 58000000 		.4byte	.LFE5-.LFB5
 1545 0020 00000000 		.4byte	.LFB0
 1546 0024 0C000000 		.4byte	.LFE0-.LFB0
 1547 0028 00000000 		.4byte	.LFB4
 1548 002c 9C000000 		.4byte	.LFE4-.LFB4
ARM GAS  C:\Users\user\AppData\Local\Temp\ccLEBc6b.s 			page 35


 1549 0030 00000000 		.4byte	.LFB1
 1550 0034 08000000 		.4byte	.LFE1-.LFB1
 1551 0038 00000000 		.4byte	.LFB6
 1552 003c 1C000000 		.4byte	.LFE6-.LFB6
 1553 0040 00000000 		.4byte	.LFB7
 1554 0044 B4000000 		.4byte	.LFE7-.LFB7
 1555 0048 00000000 		.4byte	0
 1556 004c 00000000 		.4byte	0
 1557              		.section	.debug_ranges,"",%progbits
 1558              	.Ldebug_ranges0:
 1559 0000 00000000 		.4byte	.LFB3
 1560 0004 02000000 		.4byte	.LFE3
 1561 0008 00000000 		.4byte	.LFB5
 1562 000c 58000000 		.4byte	.LFE5
 1563 0010 00000000 		.4byte	.LFB0
 1564 0014 0C000000 		.4byte	.LFE0
 1565 0018 00000000 		.4byte	.LFB4
 1566 001c 9C000000 		.4byte	.LFE4
 1567 0020 00000000 		.4byte	.LFB1
 1568 0024 08000000 		.4byte	.LFE1
 1569 0028 00000000 		.4byte	.LFB6
 1570 002c 1C000000 		.4byte	.LFE6
 1571 0030 00000000 		.4byte	.LFB7
 1572 0034 B4000000 		.4byte	.LFE7
 1573 0038 00000000 		.4byte	0
 1574 003c 00000000 		.4byte	0
 1575              		.section	.debug_line,"",%progbits
 1576              	.Ldebug_line0:
 1577 0000 A9010000 		.section	.debug_str,"MS",%progbits,1
 1577      0200D600 
 1577      00000201 
 1577      FB0E0D00 
 1577      01010101 
 1578              	.LASF19:
 1579 0000 72656731 		.ascii	"reg16\000"
 1579      3600
 1580              	.LASF43:
 1581 0006 43794465 		.ascii	"CyDelayCycles\000"
 1581      6C617943 
 1581      79636C65 
 1581      7300
 1582              	.LASF12:
 1583 0014 73697A65 		.ascii	"size_t\000"
 1583      5F7400
 1584              	.LASF20:
 1585 001b 416E616C 		.ascii	"AnalogSetDefault\000"
 1585      6F675365 
 1585      74446566 
 1585      61756C74 
 1585      00
 1586              	.LASF25:
 1587 002c 74696D65 		.ascii	"timeout\000"
 1587      6F757400 
 1588              	.LASF36:
 1589 0034 6366675F 		.ascii	"cfg_memset_list\000"
 1589      6D656D73 
 1589      65745F6C 
ARM GAS  C:\Users\user\AppData\Local\Temp\ccLEBc6b.s 			page 36


 1589      69737400 
 1590              	.LASF23:
 1591 0044 436C6F63 		.ascii	"ClockSetup\000"
 1591      6B536574 
 1591      757000
 1592              	.LASF6:
 1593 004f 73686F72 		.ascii	"short unsigned int\000"
 1593      7420756E 
 1593      7369676E 
 1593      65642069 
 1593      6E7400
 1594              	.LASF26:
 1595 0062 706C6C4C 		.ascii	"pllLock\000"
 1595      6F636B00 
 1596              	.LASF16:
 1597 006a 666C6F61 		.ascii	"float\000"
 1597      7400
 1598              	.LASF42:
 1599 0070 4379436C 		.ascii	"CyClockStartupError\000"
 1599      6F636B53 
 1599      74617274 
 1599      75704572 
 1599      726F7200 
 1600              	.LASF28:
 1601 0084 64657374 		.ascii	"dest\000"
 1601      00
 1602              	.LASF34:
 1603 0089 73697A65 		.ascii	"size\000"
 1603      00
 1604              	.LASF39:
 1605 008e 474E5520 		.ascii	"GNU C11 5.4.1 20160609 (release) [ARM/embedded-5-br"
 1605      43313120 
 1605      352E342E 
 1605      31203230 
 1605      31363036 
 1606 00c1 616E6368 		.ascii	"anch revision 237715] -mcpu=cortex-m3 -mthumb -g -O"
 1606      20726576 
 1606      6973696F 
 1606      6E203233 
 1606      37373135 
 1607 00f4 67202D66 		.ascii	"g -ffunction-sections -ffat-lto-objects\000"
 1607      66756E63 
 1607      74696F6E 
 1607      2D736563 
 1607      74696F6E 
 1608              	.LASF18:
 1609 011c 72656738 		.ascii	"reg8\000"
 1609      00
 1610              	.LASF8:
 1611 0121 6C6F6E67 		.ascii	"long unsigned int\000"
 1611      20756E73 
 1611      69676E65 
 1611      6420696E 
 1611      7400
 1612              	.LASF13:
 1613 0133 75696E74 		.ascii	"uint8\000"
 1613      3800
ARM GAS  C:\Users\user\AppData\Local\Temp\ccLEBc6b.s 			page 37


 1614              	.LASF21:
 1615 0139 43594D45 		.ascii	"CYMEMZERO\000"
 1615      4D5A4552 
 1615      4F00
 1616              	.LASF31:
 1617 0143 53657441 		.ascii	"SetAnalogRoutingPumps\000"
 1617      6E616C6F 
 1617      67526F75 
 1617      74696E67 
 1617      50756D70 
 1618              	.LASF4:
 1619 0159 756E7369 		.ascii	"unsigned char\000"
 1619      676E6564 
 1619      20636861 
 1619      7200
 1620              	.LASF37:
 1621 0167 6D656D73 		.ascii	"memset\000"
 1621      657400
 1622              	.LASF17:
 1623 016e 646F7562 		.ascii	"double\000"
 1623      6C6500
 1624              	.LASF41:
 1625 0175 453A5C7A 		.ascii	"E:\\zephyr_workspace\\Genotyper-Firmware\\OM_Cypres"
 1625      65706879 
 1625      725F776F 
 1625      726B7370 
 1625      6163655C 
 1626 01a5 735F576F 		.ascii	"s_Workspace\\samples\\Trans_Impedance_Amplifier.cyd"
 1626      726B7370 
 1626      6163655C 
 1626      73616D70 
 1626      6C65735C 
 1627 01d6 736E00   		.ascii	"sn\000"
 1628              	.LASF32:
 1629 01d9 63796669 		.ascii	"cyfitter_cfg\000"
 1629      74746572 
 1629      5F636667 
 1629      00
 1630              	.LASF14:
 1631 01e6 75696E74 		.ascii	"uint16\000"
 1631      313600
 1632              	.LASF22:
 1633 01ed 6572726F 		.ascii	"errorCode\000"
 1633      72436F64 
 1633      6500
 1634              	.LASF15:
 1635 01f7 75696E74 		.ascii	"uint32\000"
 1635      333200
 1636              	.LASF0:
 1637 01fe 756E7369 		.ascii	"unsigned int\000"
 1637      676E6564 
 1637      20696E74 
 1637      00
 1638              	.LASF33:
 1639 020b 61646472 		.ascii	"address\000"
 1639      65737300 
 1640              	.LASF9:
ARM GAS  C:\Users\user\AppData\Local\Temp\ccLEBc6b.s 			page 38


 1641 0213 6C6F6E67 		.ascii	"long long unsigned int\000"
 1641      206C6F6E 
 1641      6720756E 
 1641      7369676E 
 1641      65642069 
 1642              	.LASF35:
 1643 022a 6366675F 		.ascii	"cfg_memset_t\000"
 1643      6D656D73 
 1643      65745F74 
 1643      00
 1644              	.LASF10:
 1645 0237 73697A65 		.ascii	"sizetype\000"
 1645      74797065 
 1645      00
 1646              	.LASF1:
 1647 0240 6C6F6E67 		.ascii	"long long int\000"
 1647      206C6F6E 
 1647      6720696E 
 1647      7400
 1648              	.LASF40:
 1649 024e 47656E65 		.ascii	"Generated_Source\\PSoC5\\cyfitter_cfg.c\000"
 1649      72617465 
 1649      645F536F 
 1649      75726365 
 1649      5C50536F 
 1650              	.LASF38:
 1651 0274 6D656D63 		.ascii	"memcpy\000"
 1651      707900
 1652              	.LASF5:
 1653 027b 73686F72 		.ascii	"short int\000"
 1653      7420696E 
 1653      7400
 1654              	.LASF29:
 1655 0285 656E6162 		.ascii	"enabled\000"
 1655      6C656400 
 1656              	.LASF7:
 1657 028d 6C6F6E67 		.ascii	"long int\000"
 1657      20696E74 
 1657      00
 1658              	.LASF11:
 1659 0296 63686172 		.ascii	"char\000"
 1659      00
 1660              	.LASF2:
 1661 029b 6C6F6E67 		.ascii	"long double\000"
 1661      20646F75 
 1661      626C6500 
 1662              	.LASF24:
 1663 02a7 62675F78 		.ascii	"bg_xover_inl_trim\000"
 1663      6F766572 
 1663      5F696E6C 
 1663      5F747269 
 1663      6D00
 1664              	.LASF3:
 1665 02b9 7369676E 		.ascii	"signed char\000"
 1665      65642063 
 1665      68617200 
 1666              	.LASF30:
ARM GAS  C:\Users\user\AppData\Local\Temp\ccLEBc6b.s 			page 39


 1667 02c5 72656756 		.ascii	"regValue\000"
 1667      616C7565 
 1667      00
 1668              	.LASF27:
 1669 02ce 4359434F 		.ascii	"CYCONFIGCPY\000"
 1669      4E464947 
 1669      43505900 
 1670              		.ident	"GCC: (GNU Tools for ARM Embedded Processors) 5.4.1 20160609 (release) [ARM/embedded-5-bran
